/home/ruhung/4axis/4AXIS/4ax/Core/Src/init.c:26:6:sysInit	8	static
/home/ruhung/4axis/4AXIS/4ax/Core/Src/init.c:45:6:MX_SPI2_Init	8	static
/home/ruhung/4axis/4AXIS/4ax/Core/Src/init.c:69:6:SystemClock_Config	88	static
/home/ruhung/4axis/4AXIS/4ax/Core/Src/init.c:105:6:MX_I2C1_Init	8	static
/home/ruhung/4axis/4AXIS/4ax/Core/Src/init.c:125:6:MX_TIM3_Init	64	static
/home/ruhung/4axis/4AXIS/4ax/Core/Src/init.c:182:6:MX_TIM4_Init	64	static
/home/ruhung/4axis/4AXIS/4ax/Core/Src/init.c:239:6:MX_TIM5_Init	32	static
/home/ruhung/4axis/4AXIS/4ax/Core/Src/init.c:270:6:MX_USART1_UART_Init	8	static
/home/ruhung/4axis/4AXIS/4ax/Core/Src/init.c:289:6:MX_USART2_UART_Init	8	static
/home/ruhung/4axis/4AXIS/4ax/Core/Src/init.c:307:6:MX_USART3_UART_Init	8	static
/home/ruhung/4axis/4AXIS/4ax/Core/Src/init.c:325:6:MX_USART4_UART_Init	8	static
/home/ruhung/4axis/4AXIS/4ax/Core/Src/init.c:343:6:MX_DMA_Init	16	static
/home/ruhung/4axis/4AXIS/4ax/Core/Src/init.c:357:6:MX_GPIO_Init	48	static
/home/ruhung/4axis/4AXIS/4ax/Core/Src/init.c:393:6:Error_Handler	4	static
