/home/ruhung/4axis/4AXIS/4ax/Core/Src/init.c:23:6:sysInit	8	static
/home/ruhung/4axis/4AXIS/4ax/Core/Src/init.c:39:6:MX_SPI2_Init	8	static
/home/ruhung/4axis/4AXIS/4ax/Core/Src/init.c:63:6:SystemClock_Config	88	static
/home/ruhung/4axis/4AXIS/4ax/Core/Src/init.c:99:6:MX_I2C1_Init	8	static
/home/ruhung/4axis/4AXIS/4ax/Core/Src/init.c:119:6:MX_TIM3_Init	64	static
/home/ruhung/4axis/4AXIS/4ax/Core/Src/init.c:176:6:MX_TIM4_Init	64	static
/home/ruhung/4axis/4AXIS/4ax/Core/Src/init.c:233:6:MX_TIM5_Init	32	static
/home/ruhung/4axis/4AXIS/4ax/Core/Src/init.c:264:6:MX_USART1_UART_Init	8	static
/home/ruhung/4axis/4AXIS/4ax/Core/Src/init.c:283:6:MX_USART2_UART_Init	8	static
/home/ruhung/4axis/4AXIS/4ax/Core/Src/init.c:301:13:MX_USART3_UART_Init	8	static
/home/ruhung/4axis/4AXIS/4ax/Core/Src/init.c:320:6:MX_DMA_Init	16	static
/home/ruhung/4axis/4AXIS/4ax/Core/Src/init.c:332:6:MX_GPIO_Init	48	static
/home/ruhung/4axis/4AXIS/4ax/Core/Src/init.c:368:6:Error_Handler	4	static
