/home/ruhung/4axis/4AXIS/4ax/Core/Inc/rtosTasks.h:19:6:tskStatusInit	16	static
/home/ruhung/4axis/4AXIS/4ax/Core/Inc/rtosTasks.h:31:6:resetTsk	8	static
/home/ruhung/4axis/4AXIS/4ax/Core/Src/main.c:53:5:main	16	static
/home/ruhung/4axis/4AXIS/4ax/Core/Src/main.c:86:6:systemConfig	8	static
/home/ruhung/4axis/4AXIS/4ax/Core/Src/main.c:95:6:sendStatus	24	static
/home/ruhung/4axis/4AXIS/4ax/Core/Src/main.c:109:6:heightPIDController	8	static
/home/ruhung/4axis/4AXIS/4ax/Core/Src/main.c:130:6:packetHandler	32	static
/home/ruhung/4axis/4AXIS/4ax/Core/Src/main.c:195:6:PIDupdate	128	static
/home/ruhung/4axis/4AXIS/4ax/Core/Src/main.c:319:6:POSEupdate	56	static
