/home/ruhung/4axis/4AXIS/4ax/Drivers/STM32_DMP_Driver/Source/MPU6050/mpu6050.c:34:6:ToEulerAngles	32	static
/home/ruhung/4axis/4AXIS/4ax/Drivers/STM32_DMP_Driver/Source/MPU6050/mpu6050.c:79:23:inv_row_2_scale	24	static
/home/ruhung/4axis/4AXIS/4ax/Drivers/STM32_DMP_Driver/Source/MPU6050/mpu6050.c:99:23:inv_orientation_matrix_to_scalar	24	static
/home/ruhung/4axis/4AXIS/4ax/Drivers/STM32_DMP_Driver/Source/MPU6050/mpu6050.c:108:13:run_self_test	40	static
/home/ruhung/4axis/4AXIS/4ax/Drivers/STM32_DMP_Driver/Source/MPU6050/mpu6050.c:164:6:MPU6050_setClockSource	24	static
/home/ruhung/4axis/4AXIS/4ax/Drivers/STM32_DMP_Driver/Source/MPU6050/mpu6050.c:174:6:MPU6050_newValues	24	static
/home/ruhung/4axis/4AXIS/4ax/Drivers/STM32_DMP_Driver/Source/MPU6050/mpu6050.c:238:6:MPU6050_setFullScaleGyroRange	24	static
/home/ruhung/4axis/4AXIS/4ax/Drivers/STM32_DMP_Driver/Source/MPU6050/mpu6050.c:247:6:MPU6050_setFullScaleAccelRange	24	static
/home/ruhung/4axis/4AXIS/4ax/Drivers/STM32_DMP_Driver/Source/MPU6050/mpu6050.c:258:6:MPU6050_setSleepEnabled	16	static
/home/ruhung/4axis/4AXIS/4ax/Drivers/STM32_DMP_Driver/Source/MPU6050/mpu6050.c:266:9:MPU6050_getDeviceID	8	static
/home/ruhung/4axis/4AXIS/4ax/Drivers/STM32_DMP_Driver/Source/MPU6050/mpu6050.c:276:9:MPU6050_testConnection	8	static
/home/ruhung/4axis/4AXIS/4ax/Drivers/STM32_DMP_Driver/Source/MPU6050/mpu6050.c:287:6:MPU6050_setI2CMasterModeEnabled	16	static
/home/ruhung/4axis/4AXIS/4ax/Drivers/STM32_DMP_Driver/Source/MPU6050/mpu6050.c:296:6:MPU6050_setI2CBypassEnabled	16	static
/home/ruhung/4axis/4AXIS/4ax/Drivers/STM32_DMP_Driver/Source/MPU6050/mpu6050.c:306:6:MPU6050_initialize	8	static
/home/ruhung/4axis/4AXIS/4ax/Drivers/STM32_DMP_Driver/Source/MPU6050/mpu6050.c:321:6:DMP_Init	8	static
/home/ruhung/4axis/4AXIS/4ax/Drivers/STM32_DMP_Driver/Source/MPU6050/mpu6050.c:355:6:Read_DMP	40	static
/home/ruhung/4axis/4AXIS/4ax/Drivers/STM32_DMP_Driver/Source/MPU6050/mpu6050.c:376:5:Read_Temperature	16	static
