/home/ruhung/4axis/4AXIS/4ax/Drivers/STM32_2401_Driver/Include/support.h:18:20:nRF24_CE_L	8	static
/home/ruhung/4axis/4AXIS/4ax/Drivers/STM32_2401_Driver/Include/support.h:22:20:nRF24_CE_H	8	static
/home/ruhung/4axis/4AXIS/4ax/Drivers/STM32_2401_Driver/Include/support.h:26:20:nRF24_CSN_L	8	static
/home/ruhung/4axis/4AXIS/4ax/Drivers/STM32_2401_Driver/Include/support.h:30:20:nRF24_CSN_H	8	static
/home/ruhung/4axis/4AXIS/4ax/Drivers/STM32_2401_Driver/Include/support.h:35:23:nRF24_LL_RW	32	static
/home/ruhung/4axis/4AXIS/4ax/Drivers/STM32_2401_Driver/Source/nrf24.c:10:16:nRF24_ReadReg	24	static
/home/ruhung/4axis/4AXIS/4ax/Drivers/STM32_2401_Driver/Source/nrf24.c:25:13:nRF24_WriteReg	16	static
/home/ruhung/4axis/4AXIS/4ax/Drivers/STM32_2401_Driver/Source/nrf24.c:48:13:nRF24_ReadMBReg	24	static
/home/ruhung/4axis/4AXIS/4ax/Drivers/STM32_2401_Driver/Source/nrf24.c:62:13:nRF24_WriteMBReg	16	static
/home/ruhung/4axis/4AXIS/4ax/Drivers/STM32_2401_Driver/Source/nrf24.c:75:6:nRF24_Init	272	static
/home/ruhung/4axis/4AXIS/4ax/Drivers/STM32_2401_Driver/Source/nrf24.c:158:9:nRF24_Check	24	static
/home/ruhung/4axis/4AXIS/4ax/Drivers/STM32_2401_Driver/Source/nrf24.c:178:6:nRF24_SetPowerMode	24	static
/home/ruhung/4axis/4AXIS/4ax/Drivers/STM32_2401_Driver/Source/nrf24.c:197:6:nRF24_SetOperationalMode	24	static
/home/ruhung/4axis/4AXIS/4ax/Drivers/STM32_2401_Driver/Source/nrf24.c:210:6:nRF24_SetDynamicPayloadLength	24	static
/home/ruhung/4axis/4AXIS/4ax/Drivers/STM32_2401_Driver/Source/nrf24.c:225:6:nRF24_SetPayloadWithAck	24	static
/home/ruhung/4axis/4AXIS/4ax/Drivers/STM32_2401_Driver/Source/nrf24.c:240:6:nRF24_SetCRCScheme	24	static
/home/ruhung/4axis/4AXIS/4ax/Drivers/STM32_2401_Driver/Source/nrf24.c:255:6:nRF24_SetRFChannel	16	static
/home/ruhung/4axis/4AXIS/4ax/Drivers/STM32_2401_Driver/Source/nrf24.c:264:6:nRF24_SetAutoRetr	16	static
/home/ruhung/4axis/4AXIS/4ax/Drivers/STM32_2401_Driver/Source/nrf24.c:273:6:nRF24_SetAddrWidth	16	static
/home/ruhung/4axis/4AXIS/4ax/Drivers/STM32_2401_Driver/Source/nrf24.c:287:6:nRF24_SetAddr	24	static
/home/ruhung/4axis/4AXIS/4ax/Drivers/STM32_2401_Driver/Source/nrf24.c:322:6:nRF24_SetTXPower	24	static
/home/ruhung/4axis/4AXIS/4ax/Drivers/STM32_2401_Driver/Source/nrf24.c:335:6:nRF24_SetDataRate	24	static
/home/ruhung/4axis/4AXIS/4ax/Drivers/STM32_2401_Driver/Source/nrf24.c:350:6:nRF24_SetRXPipe	24	static
/home/ruhung/4axis/4AXIS/4ax/Drivers/STM32_2401_Driver/Source/nrf24.c:373:6:nRF24_ClosePipe	24	static
/home/ruhung/4axis/4AXIS/4ax/Drivers/STM32_2401_Driver/Source/nrf24.c:385:6:nRF24_EnableAA	24	static
/home/ruhung/4axis/4AXIS/4ax/Drivers/STM32_2401_Driver/Source/nrf24.c:397:6:nRF24_DisableAA	24	static
/home/ruhung/4axis/4AXIS/4ax/Drivers/STM32_2401_Driver/Source/nrf24.c:413:9:nRF24_GetStatus	8	static
/home/ruhung/4axis/4AXIS/4ax/Drivers/STM32_2401_Driver/Source/nrf24.c:419:9:nRF24_GetIRQFlags	8	static
/home/ruhung/4axis/4AXIS/4ax/Drivers/STM32_2401_Driver/Source/nrf24.c:425:9:nRF24_GetStatus_RXFIFO	8	static
/home/ruhung/4axis/4AXIS/4ax/Drivers/STM32_2401_Driver/Source/nrf24.c:432:9:nRF24_GetStatus_TXFIFO	8	static
/home/ruhung/4axis/4AXIS/4ax/Drivers/STM32_2401_Driver/Source/nrf24.c:438:9:nRF24_GetRXSource	8	static
/home/ruhung/4axis/4AXIS/4ax/Drivers/STM32_2401_Driver/Source/nrf24.c:446:9:nRF24_GetRetransmitCounters	8	static
/home/ruhung/4axis/4AXIS/4ax/Drivers/STM32_2401_Driver/Source/nrf24.c:451:6:nRF24_ResetPLOS	16	static
/home/ruhung/4axis/4AXIS/4ax/Drivers/STM32_2401_Driver/Source/nrf24.c:460:6:nRF24_FlushTX	8	static
/home/ruhung/4axis/4AXIS/4ax/Drivers/STM32_2401_Driver/Source/nrf24.c:465:6:nRF24_FlushRX	8	static
/home/ruhung/4axis/4AXIS/4ax/Drivers/STM32_2401_Driver/Source/nrf24.c:470:6:nRF24_ClearIRQFlags	16	static
/home/ruhung/4axis/4AXIS/4ax/Drivers/STM32_2401_Driver/Source/nrf24.c:483:6:nRF24_WritePayload	16	static
/home/ruhung/4axis/4AXIS/4ax/Drivers/STM32_2401_Driver/Source/nrf24.c:487:16:nRF24_GetRxDplPayloadWidth	16	static
/home/ruhung/4axis/4AXIS/4ax/Drivers/STM32_2401_Driver/Source/nrf24.c:499:23:nRF24_ReadPayloadGeneric	32	static
/home/ruhung/4axis/4AXIS/4ax/Drivers/STM32_2401_Driver/Source/nrf24.c:539:16:nRF24_ReadPayload	16	static
/home/ruhung/4axis/4AXIS/4ax/Drivers/STM32_2401_Driver/Source/nrf24.c:543:16:nRF24_ReadPayloadDpl	16	static
/home/ruhung/4axis/4AXIS/4ax/Drivers/STM32_2401_Driver/Source/nrf24.c:547:9:nRF24_GetFeatures	8	static
/home/ruhung/4axis/4AXIS/4ax/Drivers/STM32_2401_Driver/Source/nrf24.c:550:6:nRF24_ActivateFeatures	8	static
/home/ruhung/4axis/4AXIS/4ax/Drivers/STM32_2401_Driver/Source/nrf24.c:556:6:nRF24_WriteAckPayload	16	static
