/home/ruhung/4axis/4AXIS/4ax/Drivers/STM32_2401_Driver/Include/support.h:18:20:nRF24_CE_L	8	static
/home/ruhung/4axis/4AXIS/4ax/Drivers/STM32_2401_Driver/Include/support.h:22:20:nRF24_CE_H	8	static
/home/ruhung/4axis/4AXIS/4ax/Drivers/STM32_2401_Driver/Include/support.h:26:20:nRF24_CSN_L	8	static
/home/ruhung/4axis/4AXIS/4ax/Drivers/STM32_2401_Driver/Include/support.h:30:20:nRF24_CSN_H	8	static
/home/ruhung/4axis/4AXIS/4ax/Drivers/STM32_2401_Driver/Include/support.h:35:23:nRF24_LL_RW	32	static
/home/ruhung/4axis/4AXIS/4ax/Drivers/STM32_2401_Driver/Source/nrf24.c:9:16:nRF24_ReadReg	24	static
/home/ruhung/4axis/4AXIS/4ax/Drivers/STM32_2401_Driver/Source/nrf24.c:24:13:nRF24_WriteReg	16	static
/home/ruhung/4axis/4AXIS/4ax/Drivers/STM32_2401_Driver/Source/nrf24.c:47:13:nRF24_ReadMBReg	24	static
/home/ruhung/4axis/4AXIS/4ax/Drivers/STM32_2401_Driver/Source/nrf24.c:61:13:nRF24_WriteMBReg	16	static
/home/ruhung/4axis/4AXIS/4ax/Drivers/STM32_2401_Driver/Source/nrf24.c:72:6:nRF24_Init	8	static
/home/ruhung/4axis/4AXIS/4ax/Drivers/STM32_2401_Driver/Source/nrf24.c:147:9:nRF24_Check	24	static
/home/ruhung/4axis/4AXIS/4ax/Drivers/STM32_2401_Driver/Source/nrf24.c:167:6:nRF24_SetPowerMode	24	static
/home/ruhung/4axis/4AXIS/4ax/Drivers/STM32_2401_Driver/Source/nrf24.c:186:6:nRF24_SetOperationalMode	24	static
/home/ruhung/4axis/4AXIS/4ax/Drivers/STM32_2401_Driver/Source/nrf24.c:199:6:nRF24_SetDynamicPayloadLength	24	static
/home/ruhung/4axis/4AXIS/4ax/Drivers/STM32_2401_Driver/Source/nrf24.c:214:6:nRF24_SetPayloadWithAck	24	static
/home/ruhung/4axis/4AXIS/4ax/Drivers/STM32_2401_Driver/Source/nrf24.c:229:6:nRF24_SetCRCScheme	24	static
/home/ruhung/4axis/4AXIS/4ax/Drivers/STM32_2401_Driver/Source/nrf24.c:244:6:nRF24_SetRFChannel	16	static
/home/ruhung/4axis/4AXIS/4ax/Drivers/STM32_2401_Driver/Source/nrf24.c:253:6:nRF24_SetAutoRetr	16	static
/home/ruhung/4axis/4AXIS/4ax/Drivers/STM32_2401_Driver/Source/nrf24.c:262:6:nRF24_SetAddrWidth	16	static
/home/ruhung/4axis/4AXIS/4ax/Drivers/STM32_2401_Driver/Source/nrf24.c:276:6:nRF24_SetAddr	24	static
/home/ruhung/4axis/4AXIS/4ax/Drivers/STM32_2401_Driver/Source/nrf24.c:311:6:nRF24_SetTXPower	24	static
/home/ruhung/4axis/4AXIS/4ax/Drivers/STM32_2401_Driver/Source/nrf24.c:324:6:nRF24_SetDataRate	24	static
/home/ruhung/4axis/4AXIS/4ax/Drivers/STM32_2401_Driver/Source/nrf24.c:339:6:nRF24_SetRXPipe	24	static
/home/ruhung/4axis/4AXIS/4ax/Drivers/STM32_2401_Driver/Source/nrf24.c:362:6:nRF24_ClosePipe	24	static
/home/ruhung/4axis/4AXIS/4ax/Drivers/STM32_2401_Driver/Source/nrf24.c:374:6:nRF24_EnableAA	24	static
/home/ruhung/4axis/4AXIS/4ax/Drivers/STM32_2401_Driver/Source/nrf24.c:386:6:nRF24_DisableAA	24	static
/home/ruhung/4axis/4AXIS/4ax/Drivers/STM32_2401_Driver/Source/nrf24.c:402:9:nRF24_GetStatus	8	static
/home/ruhung/4axis/4AXIS/4ax/Drivers/STM32_2401_Driver/Source/nrf24.c:408:9:nRF24_GetIRQFlags	8	static
/home/ruhung/4axis/4AXIS/4ax/Drivers/STM32_2401_Driver/Source/nrf24.c:414:9:nRF24_GetStatus_RXFIFO	8	static
/home/ruhung/4axis/4AXIS/4ax/Drivers/STM32_2401_Driver/Source/nrf24.c:421:9:nRF24_GetStatus_TXFIFO	8	static
/home/ruhung/4axis/4AXIS/4ax/Drivers/STM32_2401_Driver/Source/nrf24.c:427:9:nRF24_GetRXSource	8	static
/home/ruhung/4axis/4AXIS/4ax/Drivers/STM32_2401_Driver/Source/nrf24.c:435:9:nRF24_GetRetransmitCounters	8	static
/home/ruhung/4axis/4AXIS/4ax/Drivers/STM32_2401_Driver/Source/nrf24.c:440:6:nRF24_ResetPLOS	16	static
/home/ruhung/4axis/4AXIS/4ax/Drivers/STM32_2401_Driver/Source/nrf24.c:449:6:nRF24_FlushTX	8	static
/home/ruhung/4axis/4AXIS/4ax/Drivers/STM32_2401_Driver/Source/nrf24.c:454:6:nRF24_FlushRX	8	static
/home/ruhung/4axis/4AXIS/4ax/Drivers/STM32_2401_Driver/Source/nrf24.c:459:6:nRF24_ClearIRQFlags	16	static
/home/ruhung/4axis/4AXIS/4ax/Drivers/STM32_2401_Driver/Source/nrf24.c:472:6:nRF24_WritePayload	16	static
/home/ruhung/4axis/4AXIS/4ax/Drivers/STM32_2401_Driver/Source/nrf24.c:476:16:nRF24_GetRxDplPayloadWidth	16	static
/home/ruhung/4axis/4AXIS/4ax/Drivers/STM32_2401_Driver/Source/nrf24.c:488:23:nRF24_ReadPayloadGeneric	32	static
/home/ruhung/4axis/4AXIS/4ax/Drivers/STM32_2401_Driver/Source/nrf24.c:528:16:nRF24_ReadPayload	16	static
/home/ruhung/4axis/4AXIS/4ax/Drivers/STM32_2401_Driver/Source/nrf24.c:532:16:nRF24_ReadPayloadDpl	16	static
/home/ruhung/4axis/4AXIS/4ax/Drivers/STM32_2401_Driver/Source/nrf24.c:536:9:nRF24_GetFeatures	8	static
/home/ruhung/4axis/4AXIS/4ax/Drivers/STM32_2401_Driver/Source/nrf24.c:539:6:nRF24_ActivateFeatures	8	static
/home/ruhung/4axis/4AXIS/4ax/Drivers/STM32_2401_Driver/Source/nrf24.c:545:6:nRF24_WriteAckPayload	16	static
