/home/ruhung/STM32CubeIDE/workspace_1.7/bltcar/Core/Src/stm32f4xx_it.c:212:6:DMA1_Stream5_IRQHandler	8	static
/home/ruhung/STM32CubeIDE/workspace_1.7/bltcar/Core/Src/stm32f4xx_it.c:232:6:USART1_IRQHandler	16	static
/home/ruhung/STM32CubeIDE/workspace_1.7/bltcar/Core/Src/stm32f4xx_it.c:251:6:USART2_IRQHandler	8	static
/home/ruhung/STM32CubeIDE/workspace_1.7/bltcar/Core/Src/stm32f4xx_it.c:265:6:TIM5_IRQHandler	8	static
/home/ruhung/STM32CubeIDE/workspace_1.7/bltcar/Core/Src/stm32f4xx_it.c:280:6:DMA2_Stream2_IRQHandler	8	static
