/home/ruhung/4axis/4AXIS/4ax/Core/Src/uart.c:35:1:__io_putchar	16	static
/home/ruhung/4axis/4AXIS/4ax/Core/Src/uart.c:43:6:USART1_IRQHandler	16	static
/home/ruhung/4axis/4AXIS/4ax/Core/Src/uart.c:71:6:UART4_IRQHandler	16	static
/home/ruhung/4axis/4AXIS/4ax/Core/Src/uart.c:92:6:DMA2_Stream2_IRQHandler	8	static
/home/ruhung/4axis/4AXIS/4ax/Core/Src/uart.c:98:6:USART2_IRQHandler	8	static
/home/ruhung/4axis/4AXIS/4ax/Core/Src/uart.c:104:6:DMA1_Stream5_IRQHandler	8	static
/home/ruhung/4axis/4AXIS/4ax/Core/Src/uart.c:109:6:DMA1_Stream2_IRQHandler	8	static
/home/ruhung/4axis/4AXIS/4ax/Core/Src/uart.c:114:6:I2C1_EV_IRQHandler	8	static
