Archive member included to satisfy reference by file (symbol)

/usr/share/gcc-arm-none-eabi-10-2020-q4-major/bin/../lib/gcc/arm-none-eabi/10.2.1/../../../../arm-none-eabi/lib/thumb/v7e-m+fp/hard/libc.a(lib_a-exit.o)
                              /usr/share/gcc-arm-none-eabi-10-2020-q4-major/bin/../lib/gcc/arm-none-eabi/10.2.1/../../../../arm-none-eabi/lib/thumb/v7e-m+fp/hard/crt0.o (exit)
/usr/share/gcc-arm-none-eabi-10-2020-q4-major/bin/../lib/gcc/arm-none-eabi/10.2.1/../../../../arm-none-eabi/lib/thumb/v7e-m+fp/hard/libc.a(lib_a-impure.o)
                              /usr/share/gcc-arm-none-eabi-10-2020-q4-major/bin/../lib/gcc/arm-none-eabi/10.2.1/../../../../arm-none-eabi/lib/thumb/v7e-m+fp/hard/libc.a(lib_a-exit.o) (_global_impure_ptr)
/usr/share/gcc-arm-none-eabi-10-2020-q4-major/bin/../lib/gcc/arm-none-eabi/10.2.1/../../../../arm-none-eabi/lib/thumb/v7e-m+fp/hard/libc.a(lib_a-init.o)
                              /usr/share/gcc-arm-none-eabi-10-2020-q4-major/bin/../lib/gcc/arm-none-eabi/10.2.1/../../../../arm-none-eabi/lib/thumb/v7e-m+fp/hard/crt0.o (__libc_init_array)
/usr/share/gcc-arm-none-eabi-10-2020-q4-major/bin/../lib/gcc/arm-none-eabi/10.2.1/../../../../arm-none-eabi/lib/thumb/v7e-m+fp/hard/libc.a(lib_a-memset.o)
                              /usr/share/gcc-arm-none-eabi-10-2020-q4-major/bin/../lib/gcc/arm-none-eabi/10.2.1/../../../../arm-none-eabi/lib/thumb/v7e-m+fp/hard/crt0.o (memset)
/usr/share/gcc-arm-none-eabi-10-2020-q4-major/bin/../lib/gcc/arm-none-eabi/10.2.1/../../../../arm-none-eabi/lib/thumb/v7e-m+fp/hard/libc.a(lib_a-__call_atexit.o)
                              /usr/share/gcc-arm-none-eabi-10-2020-q4-major/bin/../lib/gcc/arm-none-eabi/10.2.1/../../../../arm-none-eabi/lib/thumb/v7e-m+fp/hard/libc.a(lib_a-exit.o) (__call_exitprocs)
/usr/share/gcc-arm-none-eabi-10-2020-q4-major/bin/../lib/gcc/arm-none-eabi/10.2.1/../../../../arm-none-eabi/lib/thumb/v7e-m+fp/hard/libc.a(lib_a-atexit.o)
                              /usr/share/gcc-arm-none-eabi-10-2020-q4-major/bin/../lib/gcc/arm-none-eabi/10.2.1/../../../../arm-none-eabi/lib/thumb/v7e-m+fp/hard/libc.a(lib_a-__call_atexit.o) (atexit)
/usr/share/gcc-arm-none-eabi-10-2020-q4-major/bin/../lib/gcc/arm-none-eabi/10.2.1/../../../../arm-none-eabi/lib/thumb/v7e-m+fp/hard/libc.a(lib_a-fini.o)
                              /usr/share/gcc-arm-none-eabi-10-2020-q4-major/bin/../lib/gcc/arm-none-eabi/10.2.1/../../../../arm-none-eabi/lib/thumb/v7e-m+fp/hard/libc.a(lib_a-__call_atexit.o) (__libc_fini_array)
/usr/share/gcc-arm-none-eabi-10-2020-q4-major/bin/../lib/gcc/arm-none-eabi/10.2.1/../../../../arm-none-eabi/lib/thumb/v7e-m+fp/hard/libc.a(lib_a-lock.o)
                              /usr/share/gcc-arm-none-eabi-10-2020-q4-major/bin/../lib/gcc/arm-none-eabi/10.2.1/../../../../arm-none-eabi/lib/thumb/v7e-m+fp/hard/libc.a(lib_a-__call_atexit.o) (__retarget_lock_acquire_recursive)
/usr/share/gcc-arm-none-eabi-10-2020-q4-major/bin/../lib/gcc/arm-none-eabi/10.2.1/../../../../arm-none-eabi/lib/thumb/v7e-m+fp/hard/libc.a(lib_a-__atexit.o)
                              /usr/share/gcc-arm-none-eabi-10-2020-q4-major/bin/../lib/gcc/arm-none-eabi/10.2.1/../../../../arm-none-eabi/lib/thumb/v7e-m+fp/hard/libc.a(lib_a-atexit.o) (__register_exitproc)
/usr/share/gcc-arm-none-eabi-10-2020-q4-major/bin/../lib/gcc/arm-none-eabi/10.2.1/../../../../arm-none-eabi/lib/thumb/v7e-m+fp/hard/libm.a(lib_a-s_copysign.o)
                              /home/ruhung/4axis/4AXIS/4ax/build/mpu6050.o (copysign)
/usr/share/gcc-arm-none-eabi-10-2020-q4-major/bin/../lib/gcc/arm-none-eabi/10.2.1/../../../../arm-none-eabi/lib/thumb/v7e-m+fp/hard/libm.a(lib_a-sf_sin.o)
                              /home/ruhung/4axis/4AXIS/4ax/build/mpu6050.o (sinf)
/usr/share/gcc-arm-none-eabi-10-2020-q4-major/bin/../lib/gcc/arm-none-eabi/10.2.1/../../../../arm-none-eabi/lib/thumb/v7e-m+fp/hard/libm.a(lib_a-w_pow.o)
                              /home/ruhung/4axis/4AXIS/4ax/build/bmp.o (pow)
/usr/share/gcc-arm-none-eabi-10-2020-q4-major/bin/../lib/gcc/arm-none-eabi/10.2.1/../../../../arm-none-eabi/lib/thumb/v7e-m+fp/hard/libm.a(lib_a-wf_asin.o)
                              /home/ruhung/4axis/4AXIS/4ax/build/mpu6050.o (asinf)
/usr/share/gcc-arm-none-eabi-10-2020-q4-major/bin/../lib/gcc/arm-none-eabi/10.2.1/../../../../arm-none-eabi/lib/thumb/v7e-m+fp/hard/libm.a(lib_a-wf_atan2.o)
                              /home/ruhung/4axis/4AXIS/4ax/build/mpu6050.o (atan2f)
/usr/share/gcc-arm-none-eabi-10-2020-q4-major/bin/../lib/gcc/arm-none-eabi/10.2.1/../../../../arm-none-eabi/lib/thumb/v7e-m+fp/hard/libm.a(lib_a-e_pow.o)
                              /usr/share/gcc-arm-none-eabi-10-2020-q4-major/bin/../lib/gcc/arm-none-eabi/10.2.1/../../../../arm-none-eabi/lib/thumb/v7e-m+fp/hard/libm.a(lib_a-w_pow.o) (__ieee754_pow)
/usr/share/gcc-arm-none-eabi-10-2020-q4-major/bin/../lib/gcc/arm-none-eabi/10.2.1/../../../../arm-none-eabi/lib/thumb/v7e-m+fp/hard/libm.a(lib_a-e_sqrt.o)
[...]
Memory Configuration

Name             Origin             Length             Attributes
CCMRAM           0x0000000010000000 0x0000000000010000 xrw
RAM              0x0000000020000000 0x0000000000020000 xrw
FLASH            0x0000000008000000 0x0000000000080000 xr
*default*        0x0000000000000000 0xffffffffffffffff

Linker script and memory map

LOAD /usr/share/gcc-arm-none-eabi-10-2020-q4-major/bin/../lib/gcc/arm-none-eabi/10.2.1/thumb/v7e-m+fp/hard/crti.o
LOAD /usr/share/gcc-arm-none-eabi-10-2020-q4-major/bin/../lib/gcc/arm-none-eabi/10.2.1/thumb/v7e-m+fp/hard/crtbegin.o
LOAD /usr/share/gcc-arm-none-eabi-10-2020-q4-major/bin/../lib/gcc/arm-none-eabi/10.2.1/../../../../arm-none-eabi/lib/thumb/v7e-m+fp/hard/crt0.o
                0x0000000020020000                _estack = (ORIGIN (RAM) + LENGTH (RAM))
                0x0000000000000200                _Min_Heap_Size = 0x200
                0x0000000000000400                _Min_Stack_Size = 0x400

.isr_vector     0x0000000008000000      0x188
                0x0000000008000000                . = ALIGN (0x4)
 *(.isr_vector)
 .isr_vector    0x0000000008000000      0x188 /home/ruhung/4axis/4AXIS/4ax/build/startup_stm32f407vetx.o
                0x0000000008000000                g_pfnVectors
                0x0000000008000188                . = ALIGN (0x4)

.text           0x00000000080001c0    0x1710c
                0x00000000080001c0                . = ALIGN (0x4)
 *(.text)
 .text          0x00000000080001c0       0x40 /usr/share/gcc-arm-none-eabi-10-2020-q4-major/bin/../lib/gcc/arm-none-eabi/10.2.1/thumb/v7e-m+fp/hard/crtbegin.o
 .text          0x0000000008000200      0x134 /usr/share/gcc-arm-none-eabi-10-2020-q4-major/bin/../lib/gcc/arm-none-eabi/10.2.1/../../../../arm-none-eabi/lib/thumb/v7e-m+fp/hard/libc.a(lib_a-memcpy.o)
                0x0000000008000200                memcpy
 *fill*         0x0000000008000334        0xc 
 .text          0x0000000008000340       0xdc /usr/share/gcc-arm-none-eabi-10-2020-q4-major/bin/../lib/gcc/arm-none-eabi/10.2.1/../../../../arm-none-eabi/lib/thumb/v7e-m+fp/hard/libc.a(lib_a-strlen.o)
                0x0000000008000340                strlen
 *fill*         0x000000000800041c        0x4 
 .text          0x0000000008000420       0xa0 /usr/share/gcc-arm-none-eabi-10-2020-q4-major/bin/../lib/gcc/arm-none-eabi/10.2.1/../../../../arm-none-eabi/lib/thumb/v7e-m+fp/hard/libc.a(lib_a-memchr.o)
                0x0000000008000420                memchr
 .text          0x00000000080004c0      0x378 /usr/share/gcc-arm-none-eabi-10-2020-q4-major/bin/../lib/gcc/arm-none-eabi/10.2.1/thumb/v7e-m+fp/hard/libgcc.a(_arm_addsubdf3.o)
                0x00000000080004c0                __aeabi_drsub
                0x00000000080004c8                __aeabi_dsub
                0x00000000080004c8                __subdf3
                0x00000000080004cc                __adddf3
                0x00000000080004cc                __aeabi_dadd
                0x0000000008000744                __aeabi_ui2d
                0x0000000008000744                __floatunsidf
                0x0000000008000764                __floatsidf
                0x0000000008000764                __aeabi_i2d
                0x0000000008000788                __extendsfdf2
                0x0000000008000788                __aeabi_f2d
                0x00000000080007cc                __aeabi_ul2d
                0x00000000080007cc                __floatundidf
                0x00000000080007dc                __floatdidf
                0x00000000080007dc                __aeabi_l2d
 .text          0x0000000008000838      0x424 /usr/share/gcc-arm-none-eabi-10-2020-q4-major/bin/../lib/gcc/arm-none-eabi/10.2.1/thumb/v7e-m+fp/hard/libgcc.a(_arm_muldivdf3.o)
                0x0000000008000838                __aeabi_dmul
                0x0000000008000838                __muldf3
                0x0000000008000a8c                __aeabi_ddiv
                0x0000000008000a8c                __divdf3
 .text          0x0000000008000c5c      0x110 /usr/share/gcc-arm-none-eabi-10-2020-q4-major/bin/../lib/gcc/arm-none-eabi/10.2.1/thumb/v7e-m+fp/hard/libgcc.a(_arm_cmpdf2.o)
                0x0000000008000c5c                __gtdf2
                0x0000000008000c5c                __gedf2
                0x0000000008000c64                __ltdf2
                0x0000000008000c64                __ledf2
                0x0000000008000c6c                __cmpdf2
                0x0000000008000c6c                __eqdf2
                0x0000000008000c6c                __nedf2
                0x0000000008000ce8                __aeabi_cdrcmple
                0x0000000008000cf8                __aeabi_cdcmple
                0x0000000008000cf8                __aeabi_cdcmpeq
                0x0000000008000d08                __aeabi_dcmpeq
                0x0000000008000d1c                __aeabi_dcmplt
                0x0000000008000d30                __aeabi_dcmple
                0x0000000008000d44                __aeabi_dcmpge
                0x0000000008000d58                __aeabi_dcmpgt
 .text          0x0000000008000d6c       0x2c /usr/share/gcc-arm-none-eabi-10-2020-q4-major/bin/../lib/gcc/arm-none-eabi/10.2.1/thumb/v7e-m+fp/hard/libgcc.a(_arm_unorddf2.o)
                0x0000000008000d6c                __aeabi_dcmpun
                0x0000000008000d6c                __unorddf2
 .text          0x0000000008000d98       0x50 /usr/share/gcc-arm-none-eabi-10-2020-q4-major/bin/../lib/gcc/arm-none-eabi/10.2.1/thumb/v7e-m+fp/hard/libgcc.a(_arm_fixdfsi.o)
                0x0000000008000d98                __fixdfsi
                0x0000000008000d98                __aeabi_d2iz
 .text          0x0000000008000de8       0xa0 /usr/share/gcc-arm-none-eabi-10-2020-q4-major/bin/../lib/gcc/arm-none-eabi/10.2.1/thumb/v7e-m+fp/hard/libgcc.a(_arm_truncdfsf2.o)
                0x0000000008000de8                __aeabi_d2f
                0x0000000008000de8                __truncdfsf2
 .text          0x0000000008000e88       0xa0 /usr/share/gcc-arm-none-eabi-10-2020-q4-major/bin/../lib/gcc/arm-none-eabi/10.2.1/thumb/v7e-m+fp/hard/libgcc.a(_aeabi_ldivmod.o)
                0x0000000008000e88                __aeabi_ldivmod
 .text          0x0000000008000f28       0x30 /usr/share/gcc-arm-none-eabi-10-2020-q4-major/bin/../lib/gcc/arm-none-eabi/10.2.1/thumb/v7e-m+fp/hard/libgcc.a(_aeabi_uldivmod.o)
                0x0000000008000f28                __aeabi_uldivmod
 .text          0x0000000008000f58      0x2d0 /usr/share/gcc-arm-none-eabi-10-2020-q4-major/bin/../lib/gcc/arm-none-eabi/10.2.1/thumb/v7e-m+fp/hard/libgcc.a(_udivmoddi4.o)
                0x0000000008000f58                __udivmoddi4
 .text          0x0000000008001228        0x4 /usr/share/gcc-arm-none-eabi-10-2020-q4-major/bin/../lib/gcc/arm-none-eabi/10.2.1/thumb/v7e-m+fp/hard/libgcc.a(_dvmd_tls.o)
                0x0000000008001228                __aeabi_ldiv0
                0x0000000008001228                __aeabi_idiv0
 *(.text*)
 .text.__libc_init_array
                0x000000000800122c       0x48 /usr/share/gcc-arm-none-eabi-10-2020-q4-major/bin/../lib/gcc/arm-none-eabi/10.2.1/../../../../arm-none-eabi/lib/thumb/v7e-m+fp/hard/libc.a(lib_a-init.o)
                0x000000000800122c                __libc_init_array
 .text.memset   0x0000000008001274       0xa4 /usr/share/gcc-arm-none-eabi-10-2020-q4-major/bin/../lib/gcc/arm-none-eabi/10.2.1/../../../../arm-none-eabi/lib/thumb/v7e-m+fp/hard/libc.a(lib_a-memset.o)
                0x0000000008001274                memset
 .text.startup.register_fini
                0x0000000008001318       0x14 /usr/share/gcc-arm-none-eabi-10-2020-q4-major/bin/../lib/gcc/arm-none-eabi/10.2.1/../../../../arm-none-eabi/lib/thumb/v7e-m+fp/hard/libc.a(lib_a-__call_atexit.o)
 .text.atexit   0x000000000800132c        0xc /usr/share/gcc-arm-none-eabi-10-2020-q4-major/bin/../lib/gcc/arm-none-eabi/10.2.1/../../../../arm-none-eabi/lib/thumb/v7e-m+fp/hard/libc.a(lib_a-atexit.o)
                0x000000000800132c                atexit
 .text.__libc_fini_array
                0x0000000008001338       0x2c /usr/share/gcc-arm-none-eabi-10-2020-q4-major/bin/../lib/gcc/arm-none-eabi/10.2.1/../../../../arm-none-eabi/lib/thumb/v7e-m+fp/hard/libc.a(lib_a-fini.o)
                0x0000000008001338                __libc_fini_array
 .text.__retarget_lock_init_recursive
                0x0000000008001364        0x4 /usr/share/gcc-arm-none-eabi-10-2020-q4-major/bin/../lib/gcc/arm-none-eabi/10.2.1/../../../../arm-none-eabi/lib/thumb/v7e-m+fp/hard/libc.a(lib_a-lock.o)
                0x0000000008001364                __retarget_lock_init_recursive
 .text.__retarget_lock_close_recursive
                0x0000000008001368        0x4 /usr/share/gcc-arm-none-eabi-10-2020-q4-major/bin/../lib/gcc/arm-none-eabi/10.2.1/../../../../arm-none-eabi/lib/thumb/v7e-m+fp/hard/libc.a(lib_a-lock.o)
                0x0000000008001368                __retarget_lock_close_recursive
 .text.__retarget_lock_acquire_recursive
                0x000000000800136c        0x4 /usr/share/gcc-arm-none-eabi-10-2020-q4-major/bin/../lib/gcc/arm-none-eabi/10.2.1/../../../../arm-none-eabi/lib/thumb/v7e-m+fp/hard/libc.a(lib_a-lock.o)
                0x000000000800136c                __retarget_lock_acquire_recursive
 .text.__retarget_lock_release_recursive
                0x0000000008001370        0x4 /usr/share/gcc-arm-none-eabi-10-2020-q4-major/bin/../lib/gcc/arm-none-eabi/10.2.1/../../../../arm-none-eabi/lib/thumb/v7e-m+fp/hard/libc.a(lib_a-lock.o)
                0x0000000008001370                __retarget_lock_release_recursive
 .text.__register_exitproc
                0x0000000008001374       0x8c /usr/share/gcc-arm-none-eabi-10-2020-q4-major/bin/../lib/gcc/arm-none-eabi/10.2.1/../../../../arm-none-eabi/lib/thumb/v7e-m+fp/hard/libc.a(lib_a-__atexit.o)
                0x0000000008001374                __register_exitproc
 .text.tskStatusInit
                0x0000000008001400       0x4c /home/ruhung/4axis/4AXIS/4ax/build/main.o
                0x0000000008001400                tskStatusInit
 .text.main     0x000000000800144c       0xbc /home/ruhung/4axis/4AXIS/4ax/build/main.o
                0x000000000800144c                main
 .text.systemConfig
                0x0000000008001508       0x18 /home/ruhung/4axis/4AXIS/4ax/build/main.o
 .text.sendStatus
                0x0000000008001520       0x5c /home/ruhung/4axis/4AXIS/4ax/build/main.o
 .text.packetHandler
                0x000000000800157c       0xb8 /home/ruhung/4axis/4AXIS/4ax/build/main.o
 .text.PIDupdate
                0x0000000008001634      0x500 /home/ruhung/4axis/4AXIS/4ax/build/main.o
 .text.POSEupdate
                0x0000000008001b34      0x15c /home/ruhung/4axis/4AXIS/4ax/build/main.o
 .text.sysInit  0x0000000008001c90       0x60 /home/ruhung/4axis/4AXIS/4ax/build/init.o
                0x0000000008001c90                sysInit
 .text.MX_SPI2_Init
                0x0000000008001cf0       0x6c /home/ruhung/4axis/4AXIS/4ax/build/init.o
                0x0000000008001cf0                MX_SPI2_Init
 .text.SystemClock_Config
                0x0000000008001d5c       0xd0 /home/ruhung/4axis/4AXIS/4ax/build/init.o
                0x0000000008001d5c                SystemClock_Config
 .text.MX_I2C1_Init
                0x0000000008001e2c       0x5c /home/ruhung/4axis/4AXIS/4ax/build/init.o
                0x0000000008001e2c                MX_I2C1_Init
 .text.MX_TIM4_Init
                0x0000000008001e88      0x130 /home/ruhung/4axis/4AXIS/4ax/build/init.o
                0x0000000008001e88                MX_TIM4_Init
 .text.MX_USART1_UART_Init
                0x0000000008001fb8       0x64 /home/ruhung/4axis/4AXIS/4ax/build/init.o
                0x0000000008001fb8                MX_USART1_UART_Init
 .text.MX_USART2_UART_Init
                0x000000000800201c       0x54 /home/ruhung/4axis/4AXIS/4ax/build/init.o
                0x000000000800201c                MX_USART2_UART_Init
 .text.MX_USART3_UART_Init
                0x0000000008002070       0x54 /home/ruhung/4axis/4AXIS/4ax/build/init.o
                0x0000000008002070                MX_USART3_UART_Init
 .text.MX_USART4_UART_Init
                0x00000000080020c4       0x64 /home/ruhung/4axis/4AXIS/4ax/build/init.o
                0x00000000080020c4                MX_USART4_UART_Init
 .text.MX_DMA_Init
                0x0000000008002128       0x7c /home/ruhung/4axis/4AXIS/4ax/build/init.o
                0x0000000008002128                MX_DMA_Init
 .text.MX_GPIO_Init
                0x00000000080021a4      0x120 /home/ruhung/4axis/4AXIS/4ax/build/init.o
                0x00000000080021a4                MX_GPIO_Init
 .text.Error_Handler
                0x00000000080022c4        0xa /home/ruhung/4axis/4AXIS/4ax/build/init.o
                0x00000000080022c4                Error_Handler
 *fill*         0x00000000080022ce        0x2 
 .text.__io_putchar
                0x00000000080022d0       0x24 /home/ruhung/4axis/4AXIS/4ax/build/uart.o
                0x00000000080022d0                __io_putchar
 .text.USART1_IRQHandler
                0x00000000080022f4       0xcc /home/ruhung/4axis/4AXIS/4ax/build/uart.o
                0x00000000080022f4                USART1_IRQHandler
 .text.UART4_IRQHandler
                0x00000000080023c0       0xa4 /home/ruhung/4axis/4AXIS/4ax/build/uart.o
                0x00000000080023c0                UART4_IRQHandler
 .text.DMA2_Stream2_IRQHandler
                0x0000000008002464       0x14 /home/ruhung/4axis/4AXIS/4ax/build/uart.o
                0x0000000008002464                DMA2_Stream2_IRQHandler
 .text.USART2_IRQHandler
                0x0000000008002478       0x14 /home/ruhung/4axis/4AXIS/4ax/build/uart.o
                0x0000000008002478                USART2_IRQHandler
 .text.DMA1_Stream5_IRQHandler
                0x000000000800248c       0x14 /home/ruhung/4axis/4AXIS/4ax/build/uart.o
                0x000000000800248c                DMA1_Stream5_IRQHandler
 .text.DMA1_Stream2_IRQHandler
                0x00000000080024a0       0x14 /home/ruhung/4axis/4AXIS/4ax/build/uart.o
                0x00000000080024a0                DMA1_Stream2_IRQHandler
 .text.I2C1_EV_IRQHandler
                0x00000000080024b4       0x14 /home/ruhung/4axis/4AXIS/4ax/build/uart.o
                0x00000000080024b4                I2C1_EV_IRQHandler
 .text.motor_Init
                0x00000000080024c8       0x2c /home/ruhung/4axis/4AXIS/4ax/build/motor.o
                0x00000000080024c8                motor_Init
 .text._sbrk    0x00000000080024f4       0x6c /home/ruhung/4axis/4AXIS/4ax/build/sysmem.o
                0x00000000080024f4                _sbrk
 .text.vApplicationTickHook
                0x0000000008002560        0xe /home/ruhung/4axis/4AXIS/4ax/build/freertos_vapp.o
                0x0000000008002560                vApplicationTickHook
 .text.vApplicationMallocFailedHook
                0x000000000800256e        0xe /home/ruhung/4axis/4AXIS/4ax/build/freertos_vapp.o
                0x000000000800256e                vApplicationMallocFailedHook
 .text.vApplicationIdleHook
                0x000000000800257c        0xe /home/ruhung/4axis/4AXIS/4ax/build/freertos_vapp.o
                0x000000000800257c                vApplicationIdleHook
 .text.vApplicationStackOverflowHook
                0x000000000800258a       0x16 /home/ruhung/4axis/4AXIS/4ax/build/freertos_vapp.o
                0x000000000800258a                vApplicationStackOverflowHook
 .text.vApplicationGetIdleTaskMemory
                0x00000000080025a0       0x34 /home/ruhung/4axis/4AXIS/4ax/build/freertos_vapp.o
                0x00000000080025a0                vApplicationGetIdleTaskMemory
 .text.vApplicationGetTimerTaskMemory
                0x00000000080025d4       0x34 /home/ruhung/4axis/4AXIS/4ax/build/freertos_vapp.o
                0x00000000080025d4                vApplicationGetTimerTaskMemory
 .text.HAL_I2C_MspInit
                0x0000000008002608       0x9c /home/ruhung/4axis/4AXIS/4ax/build/stm32f4xx_hal_msp.o
                0x0000000008002608                HAL_I2C_MspInit
 .text.HAL_SPI_MspInit
                0x00000000080026a4       0xe0 /home/ruhung/4axis/4AXIS/4ax/build/stm32f4xx_hal_msp.o
                0x00000000080026a4                HAL_SPI_MspInit
 .text.HAL_MspInit
                0x0000000008002784       0x50 /home/ruhung/4axis/4AXIS/4ax/build/stm32f4xx_hal_msp.o
                0x0000000008002784                HAL_MspInit
 .text.HAL_TIM_Base_MspInit
                0x00000000080027d4       0xa8 /home/ruhung/4axis/4AXIS/4ax/build/stm32f4xx_hal_msp.o
                0x00000000080027d4                HAL_TIM_Base_MspInit
 .text.HAL_TIM_MspPostInit
                0x000000000800287c      0x104 /home/ruhung/4axis/4AXIS/4ax/build/stm32f4xx_hal_msp.o
                0x000000000800287c                HAL_TIM_MspPostInit
 .text.HAL_UART_MspInit
                0x0000000008002980      0x378 /home/ruhung/4axis/4AXIS/4ax/build/stm32f4xx_hal_msp.o
                0x0000000008002980                HAL_UART_MspInit
 .text._getpid  0x0000000008002cf8       0x10 /home/ruhung/4axis/4AXIS/4ax/build/syscalls.o
                0x0000000008002cf8                _getpid
 .text._kill    0x0000000008002d08       0x20 /home/ruhung/4axis/4AXIS/4ax/build/syscalls.o
                0x0000000008002d08                _kill
 .text._exit    0x0000000008002d28       0x14 /home/ruhung/4axis/4AXIS/4ax/build/syscalls.o
                0x0000000008002d28                _exit
 .text._read    0x0000000008002d3c       0x3a /home/ruhung/4axis/4AXIS/4ax/build/syscalls.o
                0x0000000008002d3c                _read
 .text._write   0x0000000008002d76       0x38 /home/ruhung/4axis/4AXIS/4ax/build/syscalls.o
                0x0000000008002d76                _write
 .text._close   0x0000000008002dae       0x18 /home/ruhung/4axis/4AXIS/4ax/build/syscalls.o
                0x0000000008002dae                _close
 .text._fstat   0x0000000008002dc6       0x20 /home/ruhung/4axis/4AXIS/4ax/build/syscalls.o
                0x0000000008002dc6                _fstat
 .text._isatty  0x0000000008002de6       0x16 /home/ruhung/4axis/4AXIS/4ax/build/syscalls.o
                0x0000000008002de6                _isatty
 .text._lseek   0x0000000008002dfc       0x1a /home/ruhung/4axis/4AXIS/4ax/build/syscalls.o
                0x0000000008002dfc                _lseek
 *fill*         0x0000000008002e16        0x2 
 .text.SystemInit
                0x0000000008002e18       0x24 /home/ruhung/4axis/4AXIS/4ax/build/system_stm32f4xx.o
                0x0000000008002e18                SystemInit
 .text.ANO_DT_Send_Status
                0x0000000008002e3c      0x228 /home/ruhung/4axis/4AXIS/4ax/build/ano.o
                0x0000000008002e3c                ANO_DT_Send_Status
 .text.AngPIDController
                0x0000000008003064      0x1c8 /home/ruhung/4axis/4AXIS/4ax/build/pid2loop.o
                0x0000000008003064                AngPIDController
 *fill*         0x000000000800322c        0x4 
 .text.pid_control
                0x0000000008003230      0x6c0 /home/ruhung/4axis/4AXIS/4ax/build/pid2loop.o
                0x0000000008003230                pid_control
 .text.limit    0x00000000080038f0       0x54 /home/ruhung/4axis/4AXIS/4ax/build/pid2loop.o
                0x00000000080038f0                limit
 .text.HAL_Init
                0x0000000008003944       0x44 /home/ruhung/4axis/4AXIS/4ax/build/stm32f4xx_hal.o
                0x0000000008003944                HAL_Init
 .text.HAL_InitTick
                0x0000000008003988       0x60 /home/ruhung/4axis/4AXIS/4ax/build/stm32f4xx_hal.o
                0x0000000008003988                HAL_InitTick
 .text.HAL_IncTick
                0x00000000080039e8       0x28 /home/ruhung/4axis/4AXIS/4ax/build/stm32f4xx_hal.o
                0x00000000080039e8                HAL_IncTick
 .text.HAL_GetTick
                0x0000000008003a10       0x18 /home/ruhung/4axis/4AXIS/4ax/build/stm32f4xx_hal.o
                0x0000000008003a10                HAL_GetTick
 .text.HAL_Delay
                0x0000000008003a28       0x48 /home/ruhung/4axis/4AXIS/4ax/build/stm32f4xx_hal.o
                0x0000000008003a28                HAL_Delay
 .text.__NVIC_SetPriorityGrouping
                0x0000000008003a70       0x48 /home/ruhung/4axis/4AXIS/4ax/build/stm32f4xx_hal_cortex.o
 .text.__NVIC_GetPriorityGrouping
                0x0000000008003ab8       0x1c /home/ruhung/4axis/4AXIS/4ax/build/stm32f4xx_hal_cortex.o
 .text.__NVIC_EnableIRQ
                0x0000000008003ad4       0x3c /home/ruhung/4axis/4AXIS/4ax/build/stm32f4xx_hal_cortex.o
 .text.__NVIC_SetPriority
                0x0000000008003b10       0x54 /home/ruhung/4axis/4AXIS/4ax/build/stm32f4xx_hal_cortex.o
 .text.NVIC_EncodePriority
                0x0000000008003b64       0x66 /home/ruhung/4axis/4AXIS/4ax/build/stm32f4xx_hal_cortex.o
 *fill*         0x0000000008003bca        0x2 
 .text.SysTick_Config
                0x0000000008003bcc       0x44 /home/ruhung/4axis/4AXIS/4ax/build/stm32f4xx_hal_cortex.o
 .text.HAL_NVIC_SetPriorityGrouping
                0x0000000008003c10       0x16 /home/ruhung/4axis/4AXIS/4ax/build/stm32f4xx_hal_cortex.o
                0x0000000008003c10                HAL_NVIC_SetPriorityGrouping
 .text.HAL_NVIC_SetPriority
                0x0000000008003c26       0x38 /home/ruhung/4axis/4AXIS/4ax/build/stm32f4xx_hal_cortex.o
                0x0000000008003c26                HAL_NVIC_SetPriority
 .text.HAL_NVIC_EnableIRQ
                0x0000000008003c5e       0x1c /home/ruhung/4axis/4AXIS/4ax/build/stm32f4xx_hal_cortex.o
                0x0000000008003c5e                HAL_NVIC_EnableIRQ
 .text.HAL_SYSTICK_Config
                0x0000000008003c7a       0x18 /home/ruhung/4axis/4AXIS/4ax/build/stm32f4xx_hal_cortex.o
                0x0000000008003c7a                HAL_SYSTICK_Config
 *fill*         0x0000000008003c92        0x2 
 .text.HAL_RCC_OscConfig
                0x0000000008003c94      0x4f0 /home/ruhung/4axis/4AXIS/4ax/build/stm32f4xx_hal_rcc.o
                0x0000000008003c94                HAL_RCC_OscConfig
 .text.HAL_RCC_ClockConfig
                0x0000000008004184      0x1cc /home/ruhung/4axis/4AXIS/4ax/build/stm32f4xx_hal_rcc.o
                0x0000000008004184                HAL_RCC_ClockConfig
 .text.HAL_RCC_GetSysClockFreq
                0x0000000008004350      0x20c /home/ruhung/4axis/4AXIS/4ax/build/stm32f4xx_hal_rcc.o
                0x0000000008004350                HAL_RCC_GetSysClockFreq
 .text.HAL_RCC_GetHCLKFreq
                0x000000000800455c       0x18 /home/ruhung/4axis/4AXIS/4ax/build/stm32f4xx_hal_rcc.o
                0x000000000800455c                HAL_RCC_GetHCLKFreq
 .text.HAL_RCC_GetPCLK1Freq
                0x0000000008004574       0x28 /home/ruhung/4axis/4AXIS/4ax/build/stm32f4xx_hal_rcc.o
                0x0000000008004574                HAL_RCC_GetPCLK1Freq
 .text.HAL_RCC_GetPCLK2Freq
                0x000000000800459c       0x28 /home/ruhung/4axis/4AXIS/4ax/build/stm32f4xx_hal_rcc.o
                0x000000000800459c                HAL_RCC_GetPCLK2Freq
 .text.HAL_DMA_Init
                0x00000000080045c4      0x15c /home/ruhung/4axis/4AXIS/4ax/build/stm32f4xx_hal_dma.o
                0x00000000080045c4                HAL_DMA_Init
 .text.HAL_DMA_Start_IT
                0x0000000008004720       0xb0 /home/ruhung/4axis/4AXIS/4ax/build/stm32f4xx_hal_dma.o
                0x0000000008004720                HAL_DMA_Start_IT
 .text.HAL_DMA_Abort
                0x00000000080047d0       0xe0 /home/ruhung/4axis/4AXIS/4ax/build/stm32f4xx_hal_dma.o
                0x00000000080047d0                HAL_DMA_Abort
 .text.HAL_DMA_Abort_IT
                0x00000000080048b0       0x44 /home/ruhung/4axis/4AXIS/4ax/build/stm32f4xx_hal_dma.o
                0x00000000080048b0                HAL_DMA_Abort_IT
 .text.HAL_DMA_IRQHandler
                0x00000000080048f4      0x314 /home/ruhung/4axis/4AXIS/4ax/build/stm32f4xx_hal_dma.o
                0x00000000080048f4                HAL_DMA_IRQHandler
 .text.HAL_DMA_GetState
                0x0000000008004c08       0x1c /home/ruhung/4axis/4AXIS/4ax/build/stm32f4xx_hal_dma.o
                0x0000000008004c08                HAL_DMA_GetState
 .text.DMA_SetConfig
                0x0000000008004c24       0x5c /home/ruhung/4axis/4AXIS/4ax/build/stm32f4xx_hal_dma.o
 .text.DMA_CalcBaseAndBitshift
                0x0000000008004c80       0x6c /home/ruhung/4axis/4AXIS/4ax/build/stm32f4xx_hal_dma.o
 .text.DMA_CheckFifoParam
                0x0000000008004cec       0xf8 /home/ruhung/4axis/4AXIS/4ax/build/stm32f4xx_hal_dma.o
 .text.HAL_GPIO_Init
                0x0000000008004de4      0x338 /home/ruhung/4axis/4AXIS/4ax/build/stm32f4xx_hal_gpio.o
                0x0000000008004de4                HAL_GPIO_Init
 .text.HAL_GPIO_WritePin
                0x000000000800511c       0x32 /home/ruhung/4axis/4AXIS/4ax/build/stm32f4xx_hal_gpio.o
                0x000000000800511c                HAL_GPIO_WritePin
 .text.HAL_TIM_Base_Init
                0x000000000800514e       0x9e /home/ruhung/4axis/4AXIS/4ax/build/stm32f4xx_hal_tim.o
                0x000000000800514e                HAL_TIM_Base_Init
 .text.HAL_TIM_PWM_Init
                0x00000000080051ec       0x9e /home/ruhung/4axis/4AXIS/4ax/build/stm32f4xx_hal_tim.o
                0x00000000080051ec                HAL_TIM_PWM_Init
 .text.HAL_TIM_PWM_MspInit
                0x000000000800528a       0x14 /home/ruhung/4axis/4AXIS/4ax/build/stm32f4xx_hal_tim.o
                0x000000000800528a                HAL_TIM_PWM_MspInit
 *fill*         0x000000000800529e        0x2 
 .text.HAL_TIM_PWM_Start
                0x00000000080052a0      0x190 /home/ruhung/4axis/4AXIS/4ax/build/stm32f4xx_hal_tim.o
                0x00000000080052a0                HAL_TIM_PWM_Start
 .text.HAL_TIM_PWM_ConfigChannel
                0x0000000008005430      0x17c /home/ruhung/4axis/4AXIS/4ax/build/stm32f4xx_hal_tim.o
                0x0000000008005430                HAL_TIM_PWM_ConfigChannel
 .text.HAL_TIM_ConfigClockSource
                0x00000000080055ac      0x188 /home/ruhung/4axis/4AXIS/4ax/build/stm32f4xx_hal_tim.o
                0x00000000080055ac                HAL_TIM_ConfigClockSource
 .text.TIM_Base_SetConfig
                0x0000000008005734      0x140 /home/ruhung/4axis/4AXIS/4ax/build/stm32f4xx_hal_tim.o
                0x0000000008005734                TIM_Base_SetConfig
 .text.TIM_OC1_SetConfig
                0x0000000008005874       0xe0 /home/ruhung/4axis/4AXIS/4ax/build/stm32f4xx_hal_tim.o
 .text.TIM_OC2_SetConfig
                0x0000000008005954       0xec /home/ruhung/4axis/4AXIS/4ax/build/stm32f4xx_hal_tim.o
                0x0000000008005954                TIM_OC2_SetConfig
 .text.TIM_OC3_SetConfig
                0x0000000008005a40       0xe8 /home/ruhung/4axis/4AXIS/4ax/build/stm32f4xx_hal_tim.o
 .text.TIM_OC4_SetConfig
                0x0000000008005b28       0xac /home/ruhung/4axis/4AXIS/4ax/build/stm32f4xx_hal_tim.o
 .text.TIM_TI1_ConfigInputStage
                0x0000000008005bd4       0x5e /home/ruhung/4axis/4AXIS/4ax/build/stm32f4xx_hal_tim.o
 .text.TIM_TI2_ConfigInputStage
                0x0000000008005c32       0x60 /home/ruhung/4axis/4AXIS/4ax/build/stm32f4xx_hal_tim.o
 .text.TIM_ITRx_SetConfig
                0x0000000008005c92       0x36 /home/ruhung/4axis/4AXIS/4ax/build/stm32f4xx_hal_tim.o
 .text.TIM_ETR_SetConfig
                0x0000000008005cc8       0x40 /home/ruhung/4axis/4AXIS/4ax/build/stm32f4xx_hal_tim.o
                0x0000000008005cc8                TIM_ETR_SetConfig
 .text.TIM_CCxChannelCmd
                0x0000000008005d08       0x4a /home/ruhung/4axis/4AXIS/4ax/build/stm32f4xx_hal_tim.o
                0x0000000008005d08                TIM_CCxChannelCmd
 *fill*         0x0000000008005d52        0x2 
 .text.HAL_TIMEx_MasterConfigSynchronization
                0x0000000008005d54       0xf8 /home/ruhung/4axis/4AXIS/4ax/build/stm32f4xx_hal_tim_ex.o
                0x0000000008005d54                HAL_TIMEx_MasterConfigSynchronization
 .text.HAL_UART_Init
                0x0000000008005e4c       0x9a /home/ruhung/4axis/4AXIS/4ax/build/stm32f4xx_hal_uart.o
                0x0000000008005e4c                HAL_UART_Init
 .text.HAL_UART_Transmit
                0x0000000008005ee6      0x124 /home/ruhung/4axis/4AXIS/4ax/build/stm32f4xx_hal_uart.o
                0x0000000008005ee6                HAL_UART_Transmit
 .text.HAL_UART_Receive_DMA
                0x000000000800600a       0x60 /home/ruhung/4axis/4AXIS/4ax/build/stm32f4xx_hal_uart.o
                0x000000000800600a                HAL_UART_Receive_DMA
 .text.HAL_UART_DMAStop
                0x000000000800606a       0xb6 /home/ruhung/4axis/4AXIS/4ax/build/stm32f4xx_hal_uart.o
                0x000000000800606a                HAL_UART_DMAStop
 .text.HAL_UART_IRQHandler
                0x0000000008006120      0x358 /home/ruhung/4axis/4AXIS/4ax/build/stm32f4xx_hal_uart.o
                0x0000000008006120                HAL_UART_IRQHandler
 .text.HAL_UART_TxCpltCallback
                0x0000000008006478       0x14 /home/ruhung/4axis/4AXIS/4ax/build/stm32f4xx_hal_uart.o
                0x0000000008006478                HAL_UART_TxCpltCallback
 .text.HAL_UART_RxCpltCallback
                0x000000000800648c       0x14 /home/ruhung/4axis/4AXIS/4ax/build/stm32f4xx_hal_uart.o
                0x000000000800648c                HAL_UART_RxCpltCallback
 .text.HAL_UART_RxHalfCpltCallback
                0x00000000080064a0       0x14 /home/ruhung/4axis/4AXIS/4ax/build/stm32f4xx_hal_uart.o
                0x00000000080064a0                HAL_UART_RxHalfCpltCallback
 .text.HAL_UART_ErrorCallback
                0x00000000080064b4       0x14 /home/ruhung/4axis/4AXIS/4ax/build/stm32f4xx_hal_uart.o
                0x00000000080064b4                HAL_UART_ErrorCallback
 .text.HAL_UARTEx_RxEventCallback
                0x00000000080064c8       0x18 /home/ruhung/4axis/4AXIS/4ax/build/stm32f4xx_hal_uart.o
                0x00000000080064c8                HAL_UARTEx_RxEventCallback
 .text.UART_DMAReceiveCplt
                0x00000000080064e0       0x96 /home/ruhung/4axis/4AXIS/4ax/build/stm32f4xx_hal_uart.o
 .text.UART_DMARxHalfCplt
                0x0000000008006576       0x36 /home/ruhung/4axis/4AXIS/4ax/build/stm32f4xx_hal_uart.o
 .text.UART_DMAError
                0x00000000080065ac       0x94 /home/ruhung/4axis/4AXIS/4ax/build/stm32f4xx_hal_uart.o
 .text.UART_WaitOnFlagUntilTimeout
                0x0000000008006640       0x94 /home/ruhung/4axis/4AXIS/4ax/build/stm32f4xx_hal_uart.o
 .text.UART_Start_Receive_DMA
                0x00000000080066d4       0xc8 /home/ruhung/4axis/4AXIS/4ax/build/stm32f4xx_hal_uart.o
                0x00000000080066d4                UART_Start_Receive_DMA
 .text.UART_EndTxTransfer
                0x000000000800679c       0x2c /home/ruhung/4axis/4AXIS/4ax/build/stm32f4xx_hal_uart.o
 .text.UART_EndRxTransfer
                0x00000000080067c8       0x5a /home/ruhung/4axis/4AXIS/4ax/build/stm32f4xx_hal_uart.o
 .text.UART_DMAAbortOnError
                0x0000000008006822       0x28 /home/ruhung/4axis/4AXIS/4ax/build/stm32f4xx_hal_uart.o
 .text.UART_Transmit_IT
                0x000000000800684a       0xa0 /home/ruhung/4axis/4AXIS/4ax/build/stm32f4xx_hal_uart.o
 .text.UART_EndTransmit_IT
                0x00000000080068ea       0x30 /home/ruhung/4axis/4AXIS/4ax/build/stm32f4xx_hal_uart.o
 .text.UART_Receive_IT
                0x000000000800691a      0x12e /home/ruhung/4axis/4AXIS/4ax/build/stm32f4xx_hal_uart.o
 .text.UART_SetConfig
                0x0000000008006a48      0x4e8 /home/ruhung/4axis/4AXIS/4ax/build/stm32f4xx_hal_uart.o
 .text.HAL_I2C_Init
                0x0000000008006f30      0x288 /home/ruhung/4axis/4AXIS/4ax/build/stm32f4xx_hal_i2c.o
                0x0000000008006f30                HAL_I2C_Init
 .text.HAL_I2C_Mem_Write
                0x00000000080071b8      0x1f4 /home/ruhung/4axis/4AXIS/4ax/build/stm32f4xx_hal_i2c.o
                0x00000000080071b8                HAL_I2C_Mem_Write
 .text.HAL_I2C_Mem_Read
                0x00000000080073ac      0x44c /home/ruhung/4axis/4AXIS/4ax/build/stm32f4xx_hal_i2c.o
                0x00000000080073ac                HAL_I2C_Mem_Read
 .text.HAL_I2C_EV_IRQHandler
                0x00000000080077f8      0x2da /home/ruhung/4axis/4AXIS/4ax/build/stm32f4xx_hal_i2c.o
                0x00000000080077f8                HAL_I2C_EV_IRQHandler
 .text.HAL_I2C_MasterTxCpltCallback
                0x0000000008007ad2       0x14 /home/ruhung/4axis/4AXIS/4ax/build/stm32f4xx_hal_i2c.o
                0x0000000008007ad2                HAL_I2C_MasterTxCpltCallback
 .text.HAL_I2C_MasterRxCpltCallback
                0x0000000008007ae6       0x14 /home/ruhung/4axis/4AXIS/4ax/build/stm32f4xx_hal_i2c.o
                0x0000000008007ae6                HAL_I2C_MasterRxCpltCallback
 .text.HAL_I2C_SlaveTxCpltCallback
                0x0000000008007afa       0x14 /home/ruhung/4axis/4AXIS/4ax/build/stm32f4xx_hal_i2c.o
                0x0000000008007afa                HAL_I2C_SlaveTxCpltCallback
 .text.HAL_I2C_SlaveRxCpltCallback
                0x0000000008007b0e       0x14 /home/ruhung/4axis/4AXIS/4ax/build/stm32f4xx_hal_i2c.o
                0x0000000008007b0e                HAL_I2C_SlaveRxCpltCallback
 .text.HAL_I2C_AddrCallback
                0x0000000008007b22       0x1c /home/ruhung/4axis/4AXIS/4ax/build/stm32f4xx_hal_i2c.o
                0x0000000008007b22                HAL_I2C_AddrCallback
 .text.HAL_I2C_ListenCpltCallback
                0x0000000008007b3e       0x14 /home/ruhung/4axis/4AXIS/4ax/build/stm32f4xx_hal_i2c.o
                0x0000000008007b3e                HAL_I2C_ListenCpltCallback
 .text.HAL_I2C_MemTxCpltCallback
                0x0000000008007b52       0x14 /home/ruhung/4axis/4AXIS/4ax/build/stm32f4xx_hal_i2c.o
                0x0000000008007b52                HAL_I2C_MemTxCpltCallback
 .text.HAL_I2C_MemRxCpltCallback
                0x0000000008007b66       0x14 /home/ruhung/4axis/4AXIS/4ax/build/stm32f4xx_hal_i2c.o
                0x0000000008007b66                HAL_I2C_MemRxCpltCallback
 .text.HAL_I2C_ErrorCallback
                0x0000000008007b7a       0x14 /home/ruhung/4axis/4AXIS/4ax/build/stm32f4xx_hal_i2c.o
                0x0000000008007b7a                HAL_I2C_ErrorCallback
 .text.HAL_I2C_AbortCpltCallback
                0x0000000008007b8e       0x14 /home/ruhung/4axis/4AXIS/4ax/build/stm32f4xx_hal_i2c.o
                0x0000000008007b8e                HAL_I2C_AbortCpltCallback
 .text.I2C_MasterTransmit_TXE
                0x0000000008007ba2      0x138 /home/ruhung/4axis/4AXIS/4ax/build/stm32f4xx_hal_i2c.o
 .text.I2C_MasterTransmit_BTF
                0x0000000008007cda       0xd0 /home/ruhung/4axis/4AXIS/4ax/build/stm32f4xx_hal_i2c.o
 .text.I2C_MemoryTransmit_TXE_BTF
                0x0000000008007daa      0x11e /home/ruhung/4axis/4AXIS/4ax/build/stm32f4xx_hal_i2c.o
 .text.I2C_MasterReceive_RXNE
                0x0000000008007ec8      0x162 /home/ruhung/4axis/4AXIS/4ax/build/stm32f4xx_hal_i2c.o
 .text.I2C_MasterReceive_BTF
                0x000000000800802a      0x1d4 /home/ruhung/4axis/4AXIS/4ax/build/stm32f4xx_hal_i2c.o
 .text.I2C_Master_SB
                0x00000000080081fe      0x10c /home/ruhung/4axis/4AXIS/4ax/build/stm32f4xx_hal_i2c.o
 .text.I2C_Master_ADD10
                0x000000000800830a       0x54 /home/ruhung/4axis/4AXIS/4ax/build/stm32f4xx_hal_i2c.o
 .text.I2C_Master_ADDR
                0x000000000800835e      0x322 /home/ruhung/4axis/4AXIS/4ax/build/stm32f4xx_hal_i2c.o
 .text.I2C_SlaveTransmit_TXE
                0x0000000008008680       0x7a /home/ruhung/4axis/4AXIS/4ax/build/stm32f4xx_hal_i2c.o
 .text.I2C_SlaveTransmit_BTF
                0x00000000080086fa       0x42 /home/ruhung/4axis/4AXIS/4ax/build/stm32f4xx_hal_i2c.o
 .text.I2C_SlaveReceive_RXNE
                0x000000000800873c       0x7c /home/ruhung/4axis/4AXIS/4ax/build/stm32f4xx_hal_i2c.o
 .text.I2C_SlaveReceive_BTF
                0x00000000080087b8       0x44 /home/ruhung/4axis/4AXIS/4ax/build/stm32f4xx_hal_i2c.o
 .text.I2C_Slave_ADDR
                0x00000000080087fc       0x88 /home/ruhung/4axis/4AXIS/4ax/build/stm32f4xx_hal_i2c.o
 .text.I2C_Slave_STOPF
                0x0000000008008884      0x260 /home/ruhung/4axis/4AXIS/4ax/build/stm32f4xx_hal_i2c.o
 .text.I2C_ITError
                0x0000000008008ae4      0x264 /home/ruhung/4axis/4AXIS/4ax/build/stm32f4xx_hal_i2c.o
 .text.I2C_RequestMemoryWrite
                0x0000000008008d48      0x12c /home/ruhung/4axis/4AXIS/4ax/build/stm32f4xx_hal_i2c.o
 .text.I2C_RequestMemoryRead
                0x0000000008008e74      0x1d0 /home/ruhung/4axis/4AXIS/4ax/build/stm32f4xx_hal_i2c.o
 .text.I2C_DMAAbort
                0x0000000008009044      0x150 /home/ruhung/4axis/4AXIS/4ax/build/stm32f4xx_hal_i2c.o
 .text.I2C_WaitOnFlagUntilTimeout
                0x0000000008009194       0xae /home/ruhung/4axis/4AXIS/4ax/build/stm32f4xx_hal_i2c.o
 .text.I2C_WaitOnMasterAddressFlagUntilTimeout
                0x0000000008009242       0xfe /home/ruhung/4axis/4AXIS/4ax/build/stm32f4xx_hal_i2c.o
 .text.I2C_WaitOnTXEFlagUntilTimeout
                0x0000000008009340       0x82 /home/ruhung/4axis/4AXIS/4ax/build/stm32f4xx_hal_i2c.o
 .text.I2C_WaitOnBTFFlagUntilTimeout
                0x00000000080093c2       0x82 /home/ruhung/4axis/4AXIS/4ax/build/stm32f4xx_hal_i2c.o
 .text.I2C_WaitOnSTOPRequestThroughIT
                0x0000000008009444       0x64 /home/ruhung/4axis/4AXIS/4ax/build/stm32f4xx_hal_i2c.o
 .text.I2C_WaitOnRXNEFlagUntilTimeout
                0x00000000080094a8       0xac /home/ruhung/4axis/4AXIS/4ax/build/stm32f4xx_hal_i2c.o
 .text.I2C_IsAcknowledgeFailed
                0x0000000008009554       0x5e /home/ruhung/4axis/4AXIS/4ax/build/stm32f4xx_hal_i2c.o
 .text.I2C_ConvertOtherXferOptions
                0x00000000080095b2       0x36 /home/ruhung/4axis/4AXIS/4ax/build/stm32f4xx_hal_i2c.o
 .text.HAL_SPI_Init
                0x00000000080095e8      0x112 /home/ruhung/4axis/4AXIS/4ax/build/stm32f4xx_hal_spi.o
                0x00000000080095e8                HAL_SPI_Init
 *fill*         0x00000000080096fa        0x2 
 .text.i2c_write
                0x00000000080096fc       0x44 /home/ruhung/4axis/4AXIS/4ax/build/I2C.o
                0x00000000080096fc                i2c_write
 .text.i2c_read
                0x0000000008009740       0x44 /home/ruhung/4axis/4AXIS/4ax/build/I2C.o
                0x0000000008009740                i2c_read
 .text.IICwriteBit
                0x0000000008009784       0x7a /home/ruhung/4axis/4AXIS/4ax/build/I2C.o
                0x0000000008009784                IICwriteBit
 .text.IICwriteBits
                0x00000000080097fe       0x90 /home/ruhung/4axis/4AXIS/4ax/build/I2C.o
                0x00000000080097fe                IICwriteBits
 .text.reg_int_cb
                0x000000000800988e       0x16 /home/ruhung/4axis/4AXIS/4ax/build/inv_mpu.o
 .text.set_int_enable
                0x00000000080098a4       0xb4 /home/ruhung/4axis/4AXIS/4ax/build/inv_mpu.o
 .text.mpu_init
                0x0000000008009958      0x21c /home/ruhung/4axis/4AXIS/4ax/build/inv_mpu.o
                0x0000000008009958                mpu_init
 .text.mpu_lp_accel_mode
                0x0000000008009b74       0xf8 /home/ruhung/4axis/4AXIS/4ax/build/inv_mpu.o
                0x0000000008009b74                mpu_lp_accel_mode
 .text.mpu_reset_fifo
                0x0000000008009c6c      0x208 /home/ruhung/4axis/4AXIS/4ax/build/inv_mpu.o
                0x0000000008009c6c                mpu_reset_fifo
 .text.mpu_get_gyro_fsr
                0x0000000008009e74       0x68 /home/ruhung/4axis/4AXIS/4ax/build/inv_mpu.o
                0x0000000008009e74                mpu_get_gyro_fsr
 .text.mpu_set_gyro_fsr
                0x0000000008009edc       0xa8 /home/ruhung/4axis/4AXIS/4ax/build/inv_mpu.o
                0x0000000008009edc                mpu_set_gyro_fsr
 .text.mpu_get_accel_fsr
                0x0000000008009f84       0x74 /home/ruhung/4axis/4AXIS/4ax/build/inv_mpu.o
                0x0000000008009f84                mpu_get_accel_fsr
 .text.mpu_set_accel_fsr
                0x0000000008009ff8       0xd0 /home/ruhung/4axis/4AXIS/4ax/build/inv_mpu.o
                0x0000000008009ff8                mpu_set_accel_fsr
 .text.mpu_get_lpf
                0x000000000800a0c8       0x7c /home/ruhung/4axis/4AXIS/4ax/build/inv_mpu.o
                0x000000000800a0c8                mpu_get_lpf
 .text.mpu_set_lpf
                0x000000000800a144       0x9c /home/ruhung/4axis/4AXIS/4ax/build/inv_mpu.o
                0x000000000800a144                mpu_set_lpf
 .text.mpu_get_sample_rate
                0x000000000800a1e0       0x34 /home/ruhung/4axis/4AXIS/4ax/build/inv_mpu.o
                0x000000000800a1e0                mpu_get_sample_rate
 .text.mpu_set_sample_rate
                0x000000000800a214       0xcc /home/ruhung/4axis/4AXIS/4ax/build/inv_mpu.o
                0x000000000800a214                mpu_set_sample_rate
 .text.mpu_get_accel_sens
                0x000000000800a2e0       0x7c /home/ruhung/4axis/4AXIS/4ax/build/inv_mpu.o
                0x000000000800a2e0                mpu_get_accel_sens
 .text.mpu_get_fifo_config
                0x000000000800a35c       0x24 /home/ruhung/4axis/4AXIS/4ax/build/inv_mpu.o
                0x000000000800a35c                mpu_get_fifo_config
 .text.mpu_configure_fifo
                0x000000000800a380       0xa4 /home/ruhung/4axis/4AXIS/4ax/build/inv_mpu.o
                0x000000000800a380                mpu_configure_fifo
 .text.mpu_set_sensors
                0x000000000800a424      0x10c /home/ruhung/4axis/4AXIS/4ax/build/inv_mpu.o
                0x000000000800a424                mpu_set_sensors
 .text.mpu_read_fifo_stream
                0x000000000800a530       0xfc /home/ruhung/4axis/4AXIS/4ax/build/inv_mpu.o
                0x000000000800a530                mpu_read_fifo_stream
 .text.mpu_set_bypass
                0x000000000800a62c      0x18c /home/ruhung/4axis/4AXIS/4ax/build/inv_mpu.o
                0x000000000800a62c                mpu_set_bypass
 .text.mpu_set_int_latched
                0x000000000800a7b8       0x88 /home/ruhung/4axis/4AXIS/4ax/build/inv_mpu.o
                0x000000000800a7b8                mpu_set_int_latched
 .text.get_accel_prod_shift
                0x000000000800a840      0x120 /home/ruhung/4axis/4AXIS/4ax/build/inv_mpu.o
 .text.accel_self_test
                0x000000000800a960      0x10c /home/ruhung/4axis/4AXIS/4ax/build/inv_mpu.o
 .text.gyro_self_test
                0x000000000800aa6c      0x180 /home/ruhung/4axis/4AXIS/4ax/build/inv_mpu.o
 .text.get_st_biases
                0x000000000800abec      0x6e8 /home/ruhung/4axis/4AXIS/4ax/build/inv_mpu.o
 .text.mpu_run_self_test
                0x000000000800b2d4      0x1b8 /home/ruhung/4axis/4AXIS/4ax/build/inv_mpu.o
                0x000000000800b2d4                mpu_run_self_test
 .text.mpu_write_mem
                0x000000000800b48c       0xa4 /home/ruhung/4axis/4AXIS/4ax/build/inv_mpu.o
                0x000000000800b48c                mpu_write_mem
 .text.mpu_read_mem
                0x000000000800b530       0xa4 /home/ruhung/4axis/4AXIS/4ax/build/inv_mpu.o
                0x000000000800b530                mpu_read_mem
 .text.mpu_load_firmware
                0x000000000800b5d4       0xfc /home/ruhung/4axis/4AXIS/4ax/build/inv_mpu.o
                0x000000000800b5d4                mpu_load_firmware
 .text.mpu_set_dmp_state
                0x000000000800b6d0       0xa8 /home/ruhung/4axis/4AXIS/4ax/build/inv_mpu.o
                0x000000000800b6d0                mpu_set_dmp_state
 .text.dmp_load_motion_driver_firmware
                0x000000000800b778       0x20 /home/ruhung/4axis/4AXIS/4ax/build/inv_mpu_dmp_motion_driver.o
                0x000000000800b778                dmp_load_motion_driver_firmware
 .text.dmp_set_orientation
                0x000000000800b798      0x1e4 /home/ruhung/4axis/4AXIS/4ax/build/inv_mpu_dmp_motion_driver.o
                0x000000000800b798                dmp_set_orientation
 .text.dmp_set_gyro_bias
                0x000000000800b97c      0x214 /home/ruhung/4axis/4AXIS/4ax/build/inv_mpu_dmp_motion_driver.o
                0x000000000800b97c                dmp_set_gyro_bias
 .text.dmp_set_accel_bias
                0x000000000800bb90      0x204 /home/ruhung/4axis/4AXIS/4ax/build/inv_mpu_dmp_motion_driver.o
                0x000000000800bb90                dmp_set_accel_bias
 .text.dmp_set_fifo_rate
                0x000000000800bd94       0x90 /home/ruhung/4axis/4AXIS/4ax/build/inv_mpu_dmp_motion_driver.o
                0x000000000800bd94                dmp_set_fifo_rate
 .text.dmp_set_tap_thresh
                0x000000000800be24      0x26c /home/ruhung/4axis/4AXIS/4ax/build/inv_mpu_dmp_motion_driver.o
                0x000000000800be24                dmp_set_tap_thresh
 .text.dmp_set_tap_axes
                0x000000000800c090       0x64 /home/ruhung/4axis/4AXIS/4ax/build/inv_mpu_dmp_motion_driver.o
                0x000000000800c090                dmp_set_tap_axes
 .text.dmp_set_tap_count
                0x000000000800c0f4       0x42 /home/ruhung/4axis/4AXIS/4ax/build/inv_mpu_dmp_motion_driver.o
                0x000000000800c0f4                dmp_set_tap_count
 *fill*         0x000000000800c136        0x2 
 .text.dmp_set_tap_time
                0x000000000800c138       0x44 /home/ruhung/4axis/4AXIS/4ax/build/inv_mpu_dmp_motion_driver.o
                0x000000000800c138                dmp_set_tap_time
 .text.dmp_set_tap_time_multi
                0x000000000800c17c       0x44 /home/ruhung/4axis/4AXIS/4ax/build/inv_mpu_dmp_motion_driver.o
                0x000000000800c17c                dmp_set_tap_time_multi
 .text.dmp_set_shake_reject_thresh
                0x000000000800c1c0       0x60 /home/ruhung/4axis/4AXIS/4ax/build/inv_mpu_dmp_motion_driver.o
                0x000000000800c1c0                dmp_set_shake_reject_thresh
 .text.dmp_set_shake_reject_time
                0x000000000800c220       0x44 /home/ruhung/4axis/4AXIS/4ax/build/inv_mpu_dmp_motion_driver.o
                0x000000000800c220                dmp_set_shake_reject_time
 .text.dmp_set_shake_reject_timeout
                0x000000000800c264       0x44 /home/ruhung/4axis/4AXIS/4ax/build/inv_mpu_dmp_motion_driver.o
                0x000000000800c264                dmp_set_shake_reject_timeout
 .text.dmp_enable_feature
                0x000000000800c2a8      0x250 /home/ruhung/4axis/4AXIS/4ax/build/inv_mpu_dmp_motion_driver.o
                0x000000000800c2a8                dmp_enable_feature
 .text.dmp_enable_gyro_cal
                0x000000000800c4f8       0x60 /home/ruhung/4axis/4AXIS/4ax/build/inv_mpu_dmp_motion_driver.o
                0x000000000800c4f8                dmp_enable_gyro_cal
 .text.dmp_enable_lp_quat
                0x000000000800c558       0x4e /home/ruhung/4axis/4AXIS/4ax/build/inv_mpu_dmp_motion_driver.o
                0x000000000800c558                dmp_enable_lp_quat
 .text.dmp_enable_6x_lp_quat
                0x000000000800c5a6       0x4e /home/ruhung/4axis/4AXIS/4ax/build/inv_mpu_dmp_motion_driver.o
                0x000000000800c5a6                dmp_enable_6x_lp_quat
 .text.decode_gesture
                0x000000000800c5f4       0x88 /home/ruhung/4axis/4AXIS/4ax/build/inv_mpu_dmp_motion_driver.o
 .text.dmp_read_fifo
                0x000000000800c67c      0x2f4 /home/ruhung/4axis/4AXIS/4ax/build/inv_mpu_dmp_motion_driver.o
                0x000000000800c67c                dmp_read_fifo
 .text.ToEulerAngles
                0x000000000800c970      0x244 /home/ruhung/4axis/4AXIS/4ax/build/mpu6050.o
                0x000000000800c970                ToEulerAngles
 .text.inv_row_2_scale
                0x000000000800cbb4       0x82 /home/ruhung/4axis/4AXIS/4ax/build/mpu6050.o
 .text.inv_orientation_matrix_to_scalar
                0x000000000800cc36       0x50 /home/ruhung/4axis/4AXIS/4ax/build/mpu6050.o
 *fill*         0x000000000800cc86        0x2 
 .text.run_self_test
                0x000000000800cc88       0x68 /home/ruhung/4axis/4AXIS/4ax/build/mpu6050.o
 .text.MPU6050_setClockSource
                0x000000000800ccf0       0x22 /home/ruhung/4axis/4AXIS/4ax/build/mpu6050.o
                0x000000000800ccf0                MPU6050_setClockSource
 .text.MPU6050_setFullScaleGyroRange
                0x000000000800cd12       0x22 /home/ruhung/4axis/4AXIS/4ax/build/mpu6050.o
                0x000000000800cd12                MPU6050_setFullScaleGyroRange
 .text.MPU6050_setFullScaleAccelRange
                0x000000000800cd34       0x22 /home/ruhung/4axis/4AXIS/4ax/build/mpu6050.o
                0x000000000800cd34                MPU6050_setFullScaleAccelRange
 .text.MPU6050_setSleepEnabled
                0x000000000800cd56       0x1e /home/ruhung/4axis/4AXIS/4ax/build/mpu6050.o
                0x000000000800cd56                MPU6050_setSleepEnabled
 .text.MPU6050_getDeviceID
                0x000000000800cd74       0x28 /home/ruhung/4axis/4AXIS/4ax/build/mpu6050.o
                0x000000000800cd74                MPU6050_getDeviceID
 .text.MPU6050_setI2CMasterModeEnabled
                0x000000000800cd9c       0x1e /home/ruhung/4axis/4AXIS/4ax/build/mpu6050.o
                0x000000000800cd9c                MPU6050_setI2CMasterModeEnabled
 .text.MPU6050_setI2CBypassEnabled
                0x000000000800cdba       0x1e /home/ruhung/4axis/4AXIS/4ax/build/mpu6050.o
                0x000000000800cdba                MPU6050_setI2CBypassEnabled
 .text.MPU6050_initialize
                0x000000000800cdd8       0x2c /home/ruhung/4axis/4AXIS/4ax/build/mpu6050.o
                0x000000000800cdd8                MPU6050_initialize
 .text.DMP_Init
                0x000000000800ce04       0xe4 /home/ruhung/4axis/4AXIS/4ax/build/mpu6050.o
                0x000000000800ce04                DMP_Init
 .text.Read_DMP
                0x000000000800cee8      0x134 /home/ruhung/4axis/4AXIS/4ax/build/mpu6050.o
                0x000000000800cee8                Read_DMP
 .text.ESP_Init
                0x000000000800d01c       0xe4 /home/ruhung/4axis/4AXIS/4ax/build/esp.o
                0x000000000800d01c                ESP_Init
 .text.ESP_Send
                0x000000000800d100       0x8c /home/ruhung/4axis/4AXIS/4ax/build/esp.o
                0x000000000800d100                ESP_Send
 .text.xTaskCreateStatic
                0x000000000800d18c       0xba /home/ruhung/4axis/4AXIS/4ax/build/tasks.o
                0x000000000800d18c                xTaskCreateStatic
 .text.xTaskCreate
                0x000000000800d246       0x8a /home/ruhung/4axis/4AXIS/4ax/build/tasks.o
                0x000000000800d246                xTaskCreate
 .text.prvInitialiseNewTask
                0x000000000800d2d0      0x12c /home/ruhung/4axis/4AXIS/4ax/build/tasks.o
 .text.prvAddNewTaskToReadyList
                0x000000000800d3fc       0xdc /home/ruhung/4axis/4AXIS/4ax/build/tasks.o
 .text.vTaskDelay
                0x000000000800d4d8       0x68 /home/ruhung/4axis/4AXIS/4ax/build/tasks.o
                0x000000000800d4d8                vTaskDelay
 .text.vTaskStartScheduler
                0x000000000800d540       0xd4 /home/ruhung/4axis/4AXIS/4ax/build/tasks.o
                0x000000000800d540                vTaskStartScheduler
 .text.vTaskSuspendAll
                0x000000000800d614       0x1c /home/ruhung/4axis/4AXIS/4ax/build/tasks.o
                0x000000000800d614                vTaskSuspendAll
 .text.xTaskResumeAll
                0x000000000800d630      0x138 /home/ruhung/4axis/4AXIS/4ax/build/tasks.o
                0x000000000800d630                xTaskResumeAll
 .text.xTaskGetTickCount
                0x000000000800d768       0x20 /home/ruhung/4axis/4AXIS/4ax/build/tasks.o
                0x000000000800d768                xTaskGetTickCount
 .text.xTaskIncrementTick
                0x000000000800d788      0x180 /home/ruhung/4axis/4AXIS/4ax/build/tasks.o
                0x000000000800d788                xTaskIncrementTick
 .text.vTaskSwitchContext
                0x000000000800d908      0x100 /home/ruhung/4axis/4AXIS/4ax/build/tasks.o
                0x000000000800d908                vTaskSwitchContext
 .text.vTaskPlaceOnEventList
                0x000000000800da08       0x48 /home/ruhung/4axis/4AXIS/4ax/build/tasks.o
                0x000000000800da08                vTaskPlaceOnEventList
 .text.vTaskPlaceOnEventListRestricted
                0x000000000800da50       0x58 /home/ruhung/4axis/4AXIS/4ax/build/tasks.o
                0x000000000800da50                vTaskPlaceOnEventListRestricted
 .text.xTaskRemoveFromEventList
                0x000000000800daa8       0xc4 /home/ruhung/4axis/4AXIS/4ax/build/tasks.o
                0x000000000800daa8                xTaskRemoveFromEventList
 .text.vTaskInternalSetTimeOutState
                0x000000000800db6c       0x2c /home/ruhung/4axis/4AXIS/4ax/build/tasks.o
                0x000000000800db6c                vTaskInternalSetTimeOutState
 .text.xTaskCheckForTimeOut
                0x000000000800db98       0xcc /home/ruhung/4axis/4AXIS/4ax/build/tasks.o
                0x000000000800db98                xTaskCheckForTimeOut
 .text.vTaskMissedYield
                0x000000000800dc64       0x18 /home/ruhung/4axis/4AXIS/4ax/build/tasks.o
                0x000000000800dc64                vTaskMissedYield
 .text.prvIdleTask
                0x000000000800dc7c       0x34 /home/ruhung/4axis/4AXIS/4ax/build/tasks.o
 .text.prvInitialiseTaskLists
                0x000000000800dcb0       0x80 /home/ruhung/4axis/4AXIS/4ax/build/tasks.o
 .text.prvCheckTasksWaitingTermination
                0x000000000800dd30       0x5c /home/ruhung/4axis/4AXIS/4ax/build/tasks.o
 .text.prvDeleteTCB
                0x000000000800dd8c       0x5e /home/ruhung/4axis/4AXIS/4ax/build/tasks.o
 *fill*         0x000000000800ddea        0x2 
 .text.prvResetNextTaskUnblockTime
                0x000000000800ddec       0x38 /home/ruhung/4axis/4AXIS/4ax/build/tasks.o
 .text.xTaskGetSchedulerState
                0x000000000800de24       0x3c /home/ruhung/4axis/4AXIS/4ax/build/tasks.o
                0x000000000800de24                xTaskGetSchedulerState
 .text.xTaskPriorityDisinherit
                0x000000000800de60       0xf4 /home/ruhung/4axis/4AXIS/4ax/build/tasks.o
                0x000000000800de60                xTaskPriorityDisinherit
 .text.prvAddCurrentTaskToDelayedList
                0x000000000800df54       0xcc /home/ruhung/4axis/4AXIS/4ax/build/tasks.o
 .text.xQueueGenericReset
                0x000000000800e020       0xd0 /home/ruhung/4axis/4AXIS/4ax/build/queue.o
                0x000000000800e020                xQueueGenericReset
 .text.xQueueGenericCreateStatic
                0x000000000800e0f0       0xf0 /home/ruhung/4axis/4AXIS/4ax/build/queue.o
                0x000000000800e0f0                xQueueGenericCreateStatic
 .text.prvInitialiseNewQueue
                0x000000000800e1e0       0x46 /home/ruhung/4axis/4AXIS/4ax/build/queue.o
 *fill*         0x000000000800e226        0x2 
 .text.xQueueGenericSend
                0x000000000800e228      0x1fc /home/ruhung/4axis/4AXIS/4ax/build/queue.o
                0x000000000800e228                xQueueGenericSend
 .text.xQueueGenericSendFromISR
                0x000000000800e424      0x154 /home/ruhung/4axis/4AXIS/4ax/build/queue.o
                0x000000000800e424                xQueueGenericSendFromISR
 .text.xQueueReceive
                0x000000000800e578      0x1c0 /home/ruhung/4axis/4AXIS/4ax/build/queue.o
                0x000000000800e578                xQueueReceive
 .text.prvCopyDataToQueue
                0x000000000800e738       0xd4 /home/ruhung/4axis/4AXIS/4ax/build/queue.o
 .text.prvCopyDataFromQueue
                0x000000000800e80c       0x4c /home/ruhung/4axis/4AXIS/4ax/build/queue.o
 .text.prvUnlockQueue
                0x000000000800e858       0xa4 /home/ruhung/4axis/4AXIS/4ax/build/queue.o
 .text.prvIsQueueEmpty
                0x000000000800e8fc       0x2c /home/ruhung/4axis/4AXIS/4ax/build/queue.o
 .text.prvIsQueueFull
                0x000000000800e928       0x30 /home/ruhung/4axis/4AXIS/4ax/build/queue.o
 .text.vQueueAddToRegistry
                0x000000000800e958       0x8c /home/ruhung/4axis/4AXIS/4ax/build/queue.o
                0x000000000800e958                vQueueAddToRegistry
 .text.vQueueWaitForMessageRestricted
                0x000000000800e9e4       0x68 /home/ruhung/4axis/4AXIS/4ax/build/queue.o
                0x000000000800e9e4                vQueueWaitForMessageRestricted
 .text.pxPortInitialiseStack
                0x000000000800ea4c       0x68 /home/ruhung/4axis/4AXIS/4ax/build/port.o
                0x000000000800ea4c                pxPortInitialiseStack
 .text.prvTaskExitError
                0x000000000800eab4       0x58 /home/ruhung/4axis/4AXIS/4ax/build/port.o
 *fill*         0x000000000800eb0c        0x4 
 .text.SVC_Handler
                0x000000000800eb10       0x28 /home/ruhung/4axis/4AXIS/4ax/build/port.o
                0x000000000800eb10                SVC_Handler
 .text.prvPortStartFirstTask
                0x000000000800eb38       0x2c /home/ruhung/4axis/4AXIS/4ax/build/port.o
 .text.xPortStartScheduler
                0x000000000800eb64      0x164 /home/ruhung/4axis/4AXIS/4ax/build/port.o
                0x000000000800eb64                xPortStartScheduler
 .text.vPortEnterCritical
                0x000000000800ecc8       0x60 /home/ruhung/4axis/4AXIS/4ax/build/port.o
                0x000000000800ecc8                vPortEnterCritical
 .text.vPortExitCritical
                0x000000000800ed28       0x54 /home/ruhung/4axis/4AXIS/4ax/build/port.o
                0x000000000800ed28                vPortExitCritical
 *fill*         0x000000000800ed7c        0x4 
 .text.PendSV_Handler
                0x000000000800ed80       0x68 /home/ruhung/4axis/4AXIS/4ax/build/port.o
                0x000000000800ed80                PendSV_Handler
 .text.SysTick_Handler
                0x000000000800ede8       0x54 /home/ruhung/4axis/4AXIS/4ax/build/port.o
                0x000000000800ede8                SysTick_Handler
 .text.vPortSetupTimerInterrupt
                0x000000000800ee3c       0x48 /home/ruhung/4axis/4AXIS/4ax/build/port.o
                0x000000000800ee3c                vPortSetupTimerInterrupt
 .text.vPortEnableVFP
                0x000000000800ee84       0x18 /home/ruhung/4axis/4AXIS/4ax/build/port.o
 .text.vPortValidateInterruptPriority
                0x000000000800ee9c       0x80 /home/ruhung/4axis/4AXIS/4ax/build/port.o
                0x000000000800ee9c                vPortValidateInterruptPriority
 .text.vListInitialise
                0x000000000800ef1c       0x40 /home/ruhung/4axis/4AXIS/4ax/build/list.o
                0x000000000800ef1c                vListInitialise
 .text.vListInitialiseItem
                0x000000000800ef5c       0x1a /home/ruhung/4axis/4AXIS/4ax/build/list.o
                0x000000000800ef5c                vListInitialiseItem
 .text.vListInsertEnd
                0x000000000800ef76       0x48 /home/ruhung/4axis/4AXIS/4ax/build/list.o
                0x000000000800ef76                vListInsertEnd
 .text.vListInsert
                0x000000000800efbe       0x72 /home/ruhung/4axis/4AXIS/4ax/build/list.o
                0x000000000800efbe                vListInsert
 .text.uxListRemove
                0x000000000800f030       0x54 /home/ruhung/4axis/4AXIS/4ax/build/list.o
                0x000000000800f030                uxListRemove
 .text.xTimerCreateTimerTask
                0x000000000800f084       0x90 /home/ruhung/4axis/4AXIS/4ax/build/timers.o
                0x000000000800f084                xTimerCreateTimerTask
 .text.xTimerGenericCommand
                0x000000000800f114       0x9c /home/ruhung/4axis/4AXIS/4ax/build/timers.o
                0x000000000800f114                xTimerGenericCommand
 .text.prvProcessExpiredTimer
                0x000000000800f1b0       0x98 /home/ruhung/4axis/4AXIS/4ax/build/timers.o
 .text.prvTimerTask
                0x000000000800f248       0x24 /home/ruhung/4axis/4AXIS/4ax/build/timers.o
 .text.prvProcessTimerOrBlockTask
                0x000000000800f26c       0x9c /home/ruhung/4axis/4AXIS/4ax/build/timers.o
 .text.prvGetNextExpireTime
                0x000000000800f308       0x48 /home/ruhung/4axis/4AXIS/4ax/build/timers.o
 .text.prvSampleTimeNow
                0x000000000800f350       0x40 /home/ruhung/4axis/4AXIS/4ax/build/timers.o
 .text.prvInsertTimerInActiveList
                0x000000000800f390       0x84 /home/ruhung/4axis/4AXIS/4ax/build/timers.o
 .text.prvProcessReceivedCommands
                0x000000000800f414      0x18c /home/ruhung/4axis/4AXIS/4ax/build/timers.o
 .text.prvSwitchTimerLists
                0x000000000800f5a0       0xc8 /home/ruhung/4axis/4AXIS/4ax/build/timers.o
 .text.prvCheckForValidListAndQueue
                0x000000000800f668       0x80 /home/ruhung/4axis/4AXIS/4ax/build/timers.o
 .text.pvPortMalloc
                0x000000000800f6e8      0x1c8 /home/ruhung/4axis/4AXIS/4ax/build/heap_4.o
                0x000000000800f6e8                pvPortMalloc
 .text.vPortFree
                0x000000000800f8b0       0xc4 /home/ruhung/4axis/4AXIS/4ax/build/heap_4.o
                0x000000000800f8b0                vPortFree
 .text.prvHeapInit
                0x000000000800f974       0xc4 /home/ruhung/4axis/4AXIS/4ax/build/heap_4.o
 .text.prvInsertBlockIntoFreeList
                0x000000000800fa38       0xb4 /home/ruhung/4axis/4AXIS/4ax/build/heap_4.o
 .text.Reset_Handler
                0x000000000800faec       0x50 /home/ruhung/4axis/4AXIS/4ax/build/startup_stm32f407vetx.o
                0x000000000800faec                Reset_Handler
 .text.Default_Handler
                0x000000000800fb3c        0x2 /home/ruhung/4axis/4AXIS/4ax/build/startup_stm32f407vetx.o
                0x000000000800fb3c                RTC_Alarm_IRQHandler
                0x000000000800fb3c                HASH_RNG_IRQHandler
                0x000000000800fb3c                EXTI2_IRQHandler
                0x000000000800fb3c                TIM8_CC_IRQHandler
                0x000000000800fb3c                DebugMon_Handler
                0x000000000800fb3c                TIM1_CC_IRQHandler
                0x000000000800fb3c                DMA2_Stream5_IRQHandler
                0x000000000800fb3c                HardFault_Handler
                0x000000000800fb3c                PVD_IRQHandler
                0x000000000800fb3c                SDIO_IRQHandler
                0x000000000800fb3c                TAMP_STAMP_IRQHandler
                0x000000000800fb3c                NMI_Handler
                0x000000000800fb3c                CAN2_RX1_IRQHandler
                0x000000000800fb3c                EXTI3_IRQHandler
                0x000000000800fb3c                TIM8_TRG_COM_TIM14_IRQHandler
                0x000000000800fb3c                TIM1_UP_TIM10_IRQHandler
                0x000000000800fb3c                TIM8_UP_TIM13_IRQHandler
                0x000000000800fb3c                I2C3_ER_IRQHandler
                0x000000000800fb3c                EXTI0_IRQHandler
                0x000000000800fb3c                I2C2_EV_IRQHandler
                0x000000000800fb3c                CAN1_RX0_IRQHandler
                0x000000000800fb3c                FPU_IRQHandler
                0x000000000800fb3c                OTG_HS_WKUP_IRQHandler
                0x000000000800fb3c                UsageFault_Handler
                0x000000000800fb3c                CAN2_SCE_IRQHandler
                0x000000000800fb3c                SPI1_IRQHandler
                0x000000000800fb3c                TIM6_DAC_IRQHandler
                0x000000000800fb3c                TIM1_BRK_TIM9_IRQHandler
                0x000000000800fb3c                DCMI_IRQHandler
                0x000000000800fb3c                CAN2_RX0_IRQHandler
                0x000000000800fb3c                DMA2_Stream3_IRQHandler
                0x000000000800fb3c                USART6_IRQHandler
                0x000000000800fb3c                USART3_IRQHandler
                0x000000000800fb3c                CAN1_RX1_IRQHandler
                0x000000000800fb3c                UART5_IRQHandler
                0x000000000800fb3c                DMA2_Stream0_IRQHandler
                0x000000000800fb3c                TIM4_IRQHandler
                0x000000000800fb3c                DMA1_Stream6_IRQHandler
                0x000000000800fb3c                DMA1_Stream1_IRQHandler
                0x000000000800fb3c                TIM3_IRQHandler
                0x000000000800fb3c                RCC_IRQHandler
                0x000000000800fb3c                TIM8_BRK_TIM12_IRQHandler
                0x000000000800fb3c                Default_Handler
                0x000000000800fb3c                EXTI15_10_IRQHandler
                0x000000000800fb3c                ADC_IRQHandler
                0x000000000800fb3c                DMA1_Stream7_IRQHandler
                0x000000000800fb3c                TIM7_IRQHandler
                0x000000000800fb3c                CAN2_TX_IRQHandler
                0x000000000800fb3c                TIM5_IRQHandler
                0x000000000800fb3c                DMA2_Stream7_IRQHandler
                0x000000000800fb3c                I2C3_EV_IRQHandler
                0x000000000800fb3c                EXTI9_5_IRQHandler
                0x000000000800fb3c                RTC_WKUP_IRQHandler
                0x000000000800fb3c                ETH_WKUP_IRQHandler
                0x000000000800fb3c                SPI2_IRQHandler
                0x000000000800fb3c                OTG_HS_EP1_IN_IRQHandler
                0x000000000800fb3c                MemManage_Handler
                0x000000000800fb3c                DMA1_Stream0_IRQHandler
                0x000000000800fb3c                CAN1_TX_IRQHandler
                0x000000000800fb3c                EXTI4_IRQHandler
                0x000000000800fb3c                FSMC_IRQHandler
                0x000000000800fb3c                ETH_IRQHandler
                0x000000000800fb3c                OTG_HS_EP1_OUT_IRQHandler
                0x000000000800fb3c                WWDG_IRQHandler
                0x000000000800fb3c                TIM2_IRQHandler
                0x000000000800fb3c                OTG_FS_WKUP_IRQHandler
                0x000000000800fb3c                TIM1_TRG_COM_TIM11_IRQHandler
                0x000000000800fb3c                OTG_HS_IRQHandler
                0x000000000800fb3c                EXTI1_IRQHandler
                0x000000000800fb3c                I2C2_ER_IRQHandler
                0x000000000800fb3c                DMA2_Stream1_IRQHandler
                0x000000000800fb3c                CAN1_SCE_IRQHandler
                0x000000000800fb3c                FLASH_IRQHandler
                0x000000000800fb3c                DMA2_Stream4_IRQHandler
                0x000000000800fb3c                BusFault_Handler
                0x000000000800fb3c                OTG_FS_IRQHandler
                0x000000000800fb3c                SPI3_IRQHandler
                0x000000000800fb3c                DMA1_Stream4_IRQHandler
                0x000000000800fb3c                I2C1_ER_IRQHandler
                0x000000000800fb3c                DMA2_Stream6_IRQHandler
                0x000000000800fb3c                DMA1_Stream3_IRQHandler
 *fill*         0x000000000800fb3e        0x2 
 .text.copysign
                0x000000000800fb40       0x20 /usr/share/gcc-arm-none-eabi-10-2020-q4-major/bin/../lib/gcc/arm-none-eabi/10.2.1/../../../../arm-none-eabi/lib/thumb/v7e-m+fp/hard/libm.a(lib_a-s_copysign.o)
                0x000000000800fb40                copysign
 .text.sinf     0x000000000800fb60       0x74 /usr/share/gcc-arm-none-eabi-10-2020-q4-major/bin/../lib/gcc/arm-none-eabi/10.2.1/../../../../arm-none-eabi/lib/thumb/v7e-m+fp/hard/libm.a(lib_a-sf_sin.o)
                0x000000000800fb60                sinf
 .text.asinf    0x000000000800fbd4       0x68 /usr/share/gcc-arm-none-eabi-10-2020-q4-major/bin/../lib/gcc/arm-none-eabi/10.2.1/../../../../arm-none-eabi/lib/thumb/v7e-m+fp/hard/libm.a(lib_a-wf_asin.o)
                0x000000000800fbd4                asinf
 .text.atan2f   0x000000000800fc3c        0x4 /usr/share/gcc-arm-none-eabi-10-2020-q4-major/bin/../lib/gcc/arm-none-eabi/10.2.1/../../../../arm-none-eabi/lib/thumb/v7e-m+fp/hard/libm.a(lib_a-wf_atan2.o)
                0x000000000800fc3c                atan2f
 .text.__ieee754_asinf
                0x000000000800fc40      0x20c /usr/share/gcc-arm-none-eabi-10-2020-q4-major/bin/../lib/gcc/arm-none-eabi/10.2.1/../../../../arm-none-eabi/lib/thumb/v7e-m+fp/hard/libm.a(lib_a-ef_asin.o)
                0x000000000800fc40                __ieee754_asinf
 .text.__ieee754_atan2f
                0x000000000800fe4c      0x150 /usr/share/gcc-arm-none-eabi-10-2020-q4-major/bin/../lib/gcc/arm-none-eabi/10.2.1/../../../../arm-none-eabi/lib/thumb/v7e-m+fp/hard/libm.a(lib_a-ef_atan2.o)
                0x000000000800fe4c                __ieee754_atan2f
 .text.__ieee754_rem_pio2f
                0x000000000800ff9c      0x264 /usr/share/gcc-arm-none-eabi-10-2020-q4-major/bin/../lib/gcc/arm-none-eabi/10.2.1/../../../../arm-none-eabi/lib/thumb/v7e-m+fp/hard/libm.a(lib_a-ef_rem_pio2.o)
                0x000000000800ff9c                __ieee754_rem_pio2f
 .text.__ieee754_sqrtf
                0x0000000008010200        0x8 /usr/share/gcc-arm-none-eabi-10-2020-q4-major/bin/../lib/gcc/arm-none-eabi/10.2.1/../../../../arm-none-eabi/lib/thumb/v7e-m+fp/hard/libm.a(lib_a-ef_sqrt.o)
                0x0000000008010200                __ieee754_sqrtf
 .text.__kernel_cosf
                0x0000000008010208      0x104 /usr/share/gcc-arm-none-eabi-10-2020-q4-major/bin/../lib/gcc/arm-none-eabi/10.2.1/../../../../arm-none-eabi/lib/thumb/v7e-m+fp/hard/libm.a(lib_a-kf_cos.o)
                0x0000000008010208                __kernel_cosf
 .text.__kernel_rem_pio2f
                0x000000000801030c      0x674 /usr/share/gcc-arm-none-eabi-10-2020-q4-major/bin/../lib/gcc/arm-none-eabi/10.2.1/../../../../arm-none-eabi/lib/thumb/v7e-m+fp/hard/libm.a(lib_a-kf_rem_pio2.o)
                0x000000000801030c                __kernel_rem_pio2f
 .text.__kernel_sinf
                0x0000000008010980       0x90 /usr/share/gcc-arm-none-eabi-10-2020-q4-major/bin/../lib/gcc/arm-none-eabi/10.2.1/../../../../arm-none-eabi/lib/thumb/v7e-m+fp/hard/libm.a(lib_a-kf_sin.o)
                0x0000000008010980                __kernel_sinf
 .text.atanf    0x0000000008010a10      0x1b4 /usr/share/gcc-arm-none-eabi-10-2020-q4-major/bin/../lib/gcc/arm-none-eabi/10.2.1/../../../../arm-none-eabi/lib/thumb/v7e-m+fp/hard/libm.a(lib_a-sf_atan.o)
                0x0000000008010a10                atanf
 .text.fabsf    0x0000000008010bc4       0x10 /usr/share/gcc-arm-none-eabi-10-2020-q4-major/bin/../lib/gcc/arm-none-eabi/10.2.1/../../../../arm-none-eabi/lib/thumb/v7e-m+fp/hard/libm.a(lib_a-sf_fabs.o)
                0x0000000008010bc4                fabsf
 .text.floorf   0x0000000008010bd4       0x8c /usr/share/gcc-arm-none-eabi-10-2020-q4-major/bin/../lib/gcc/arm-none-eabi/10.2.1/../../../../arm-none-eabi/lib/thumb/v7e-m+fp/hard/libm.a(lib_a-sf_floor.o)
                0x0000000008010bd4                floorf
 .text.nanf     0x0000000008010c60        0xc /usr/share/gcc-arm-none-eabi-10-2020-q4-major/bin/../lib/gcc/arm-none-eabi/10.2.1/../../../../arm-none-eabi/lib/thumb/v7e-m+fp/hard/libm.a(lib_a-sf_nan.o)
                0x0000000008010c60                nanf
 .text.scalbnf  0x0000000008010c6c       0xe4 /usr/share/gcc-arm-none-eabi-10-2020-q4-major/bin/../lib/gcc/arm-none-eabi/10.2.1/../../../../arm-none-eabi/lib/thumb/v7e-m+fp/hard/libm.a(lib_a-sf_scalbn.o)
                0x0000000008010c6c                scalbnf
 .text.__errno  0x0000000008010d50        0xc /usr/share/gcc-arm-none-eabi-10-2020-q4-major/bin/../lib/gcc/arm-none-eabi/10.2.1/../../../../arm-none-eabi/lib/thumb/v7e-m+fp/hard/libc.a(lib_a-errno.o)
                0x0000000008010d50                __errno
 .text.memcmp   0x0000000008010d5c       0x64 /usr/share/gcc-arm-none-eabi-10-2020-q4-major/bin/../lib/gcc/arm-none-eabi/10.2.1/../../../../arm-none-eabi/lib/thumb/v7e-m+fp/hard/libc.a(lib_a-memcmp.o)
                0x0000000008010d5c                memcmp
 .text._puts_r  0x0000000008010dc0       0x9c /usr/share/gcc-arm-none-eabi-10-2020-q4-major/bin/../lib/gcc/arm-none-eabi/10.2.1/../../../../arm-none-eabi/lib/thumb/v7e-m+fp/hard/libc.a(lib_a-puts.o)
                0x0000000008010dc0                _puts_r
 .text.puts     0x0000000008010e5c       0x10 /usr/share/gcc-arm-none-eabi-10-2020-q4-major/bin/../lib/gcc/arm-none-eabi/10.2.1/../../../../arm-none-eabi/lib/thumb/v7e-m+fp/hard/libc.a(lib_a-puts.o)
                0x0000000008010e5c                puts
 .text.snprintf
                0x0000000008010e6c       0x88 /usr/share/gcc-arm-none-eabi-10-2020-q4-major/bin/../lib/gcc/arm-none-eabi/10.2.1/../../../../arm-none-eabi/lib/thumb/v7e-m+fp/hard/libc.a(lib_a-snprintf.o)
                0x0000000008010e6c                snprintf
 .text.strncmp  0x0000000008010ef4       0x80 /usr/share/gcc-arm-none-eabi-10-2020-q4-major/bin/../lib/gcc/arm-none-eabi/10.2.1/../../../../arm-none-eabi/lib/thumb/v7e-m+fp/hard/libc.a(lib_a-strncmp.o)
                0x0000000008010ef4                strncmp
 .text.two_way_long_needle
                0x0000000008010f74      0x2b4 /usr/share/gcc-arm-none-eabi-10-2020-q4-major/bin/../lib/gcc/arm-none-eabi/10.2.1/../../../../arm-none-eabi/lib/thumb/v7e-m+fp/hard/libc.a(lib_a-strstr.o)
 .text.strstr   0x0000000008011228      0x164 /usr/share/gcc-arm-none-eabi-10-2020-q4-major/bin/../lib/gcc/arm-none-eabi/10.2.1/../../../../arm-none-eabi/lib/thumb/v7e-m+fp/hard/libc.a(lib_a-strstr.o)
                0x0000000008011228                strstr
 *fill*         0x000000000801138c        0x4 
 .text._svfprintf_r
                0x0000000008011390     0x1adc /usr/share/gcc-arm-none-eabi-10-2020-q4-major/bin/../lib/gcc/arm-none-eabi/10.2.1/../../../../arm-none-eabi/lib/thumb/v7e-m+fp/hard/libc.a(lib_a-svfprintf.o)
                0x0000000008011390                _svfprintf_r
 .text.quorem   0x0000000008012e6c      0x128 /usr/share/gcc-arm-none-eabi-10-2020-q4-major/bin/../lib/gcc/arm-none-eabi/10.2.1/../../../../arm-none-eabi/lib/thumb/v7e-m+fp/hard/libc.a(lib_a-dtoa.o)
 *fill*         0x0000000008012f94        0x4 
 .text._dtoa_r  0x0000000008012f98      0xf40 /usr/share/gcc-arm-none-eabi-10-2020-q4-major/bin/../lib/gcc/arm-none-eabi/10.2.1/../../../../arm-none-eabi/lib/thumb/v7e-m+fp/hard/libc.a(lib_a-dtoa.o)
                0x0000000008012f98                _dtoa_r
 .text._cleanup_r
                0x0000000008013ed8        0xc /usr/share/gcc-arm-none-eabi-10-2020-q4-major/bin/../lib/gcc/arm-none-eabi/10.2.1/../../../../arm-none-eabi/lib/thumb/v7e-m+fp/hard/libc.a(lib_a-findfp.o)
                0x0000000008013ed8                _cleanup_r
 .text.__sinit  0x0000000008013ee4      0x10c /usr/share/gcc-arm-none-eabi-10-2020-q4-major/bin/../lib/gcc/arm-none-eabi/10.2.1/../../../../arm-none-eabi/lib/thumb/v7e-m+fp/hard/libc.a(lib_a-findfp.o)
                0x0000000008013ee4                __sinit
 .text.__sfp_lock_acquire
                0x0000000008013ff0        0xc /usr/share/gcc-arm-none-eabi-10-2020-q4-major/bin/../lib/gcc/arm-none-eabi/10.2.1/../../../../arm-none-eabi/lib/thumb/v7e-m+fp/hard/libc.a(lib_a-findfp.o)
                0x0000000008013ff0                __sfp_lock_acquire
 .text.__sfp_lock_release
                0x0000000008013ffc        0xc /usr/share/gcc-arm-none-eabi-10-2020-q4-major/bin/../lib/gcc/arm-none-eabi/10.2.1/../../../../arm-none-eabi/lib/thumb/v7e-m+fp/hard/libc.a(lib_a-findfp.o)
                0x0000000008013ffc                __sfp_lock_release
 .text._malloc_trim_r
                0x0000000008014008       0xa0 /usr/share/gcc-arm-none-eabi-10-2020-q4-major/bin/../lib/gcc/arm-none-eabi/10.2.1/../../../../arm-none-eabi/lib/thumb/v7e-m+fp/hard/libc.a(lib_a-freer.o)
                0x0000000008014008                _malloc_trim_r
 .text._free_r  0x00000000080140a8      0x20c /usr/share/gcc-arm-none-eabi-10-2020-q4-major/bin/../lib/gcc/arm-none-eabi/10.2.1/../../../../arm-none-eabi/lib/thumb/v7e-m+fp/hard/libc.a(lib_a-freer.o)
                0x00000000080140a8                _free_r
 .text.__sfvwrite_r
                0x00000000080142b4      0x2f0 /usr/share/gcc-arm-none-eabi-10-2020-q4-major/bin/../lib/gcc/arm-none-eabi/10.2.1/../../../../arm-none-eabi/lib/thumb/v7e-m+fp/hard/libc.a(lib_a-fvwrite.o)
                0x00000000080142b4                __sfvwrite_r
 .text._fwalk_reent
                0x00000000080145a4       0x48 /usr/share/gcc-arm-none-eabi-10-2020-q4-major/bin/../lib/gcc/arm-none-eabi/10.2.1/../../../../arm-none-eabi/lib/thumb/v7e-m+fp/hard/libc.a(lib_a-fwalk.o)
                0x00000000080145a4                _fwalk_reent
 .text._localeconv_r
                0x00000000080145ec        0x8 /usr/share/gcc-arm-none-eabi-10-2020-q4-major/bin/../lib/gcc/arm-none-eabi/10.2.1/../../../../arm-none-eabi/lib/thumb/v7e-m+fp/hard/libc.a(lib_a-localeconv.o)
                0x00000000080145ec                _localeconv_r
 .text._malloc_r
                0x00000000080145f4      0x560 /usr/share/gcc-arm-none-eabi-10-2020-q4-major/bin/../lib/gcc/arm-none-eabi/10.2.1/../../../../arm-none-eabi/lib/thumb/v7e-m+fp/hard/libc.a(lib_a-mallocr.o)
                0x00000000080145f4                _malloc_r
 .text.memmove  0x0000000008014b54       0xf8 /usr/share/gcc-arm-none-eabi-10-2020-q4-major/bin/../lib/gcc/arm-none-eabi/10.2.1/../../../../arm-none-eabi/lib/thumb/v7e-m+fp/hard/libc.a(lib_a-memmove.o)
                0x0000000008014b54                memmove
 .text.__malloc_lock
                0x0000000008014c4c        0xc /usr/share/gcc-arm-none-eabi-10-2020-q4-major/bin/../lib/gcc/arm-none-eabi/10.2.1/../../../../arm-none-eabi/lib/thumb/v7e-m+fp/hard/libc.a(lib_a-mlock.o)
                0x0000000008014c4c                __malloc_lock
 .text.__malloc_unlock
                0x0000000008014c58        0xc /usr/share/gcc-arm-none-eabi-10-2020-q4-major/bin/../lib/gcc/arm-none-eabi/10.2.1/../../../../arm-none-eabi/lib/thumb/v7e-m+fp/hard/libc.a(lib_a-mlock.o)
                0x0000000008014c58                __malloc_unlock
 .text._Balloc  0x0000000008014c64       0x4c /usr/share/gcc-arm-none-eabi-10-2020-q4-major/bin/../lib/gcc/arm-none-eabi/10.2.1/../../../../arm-none-eabi/lib/thumb/v7e-m+fp/hard/libc.a(lib_a-mprec.o)
                0x0000000008014c64                _Balloc
 .text._Bfree   0x0000000008014cb0       0x14 /usr/share/gcc-arm-none-eabi-10-2020-q4-major/bin/../lib/gcc/arm-none-eabi/10.2.1/../../../../arm-none-eabi/lib/thumb/v7e-m+fp/hard/libc.a(lib_a-mprec.o)
                0x0000000008014cb0                _Bfree
 .text.__multadd
                0x0000000008014cc4       0xa8 /usr/share/gcc-arm-none-eabi-10-2020-q4-major/bin/../lib/gcc/arm-none-eabi/10.2.1/../../../../arm-none-eabi/lib/thumb/v7e-m+fp/hard/libc.a(lib_a-mprec.o)
                0x0000000008014cc4                __multadd
 .text.__hi0bits
                0x0000000008014d6c       0x40 /usr/share/gcc-arm-none-eabi-10-2020-q4-major/bin/../lib/gcc/arm-none-eabi/10.2.1/../../../../arm-none-eabi/lib/thumb/v7e-m+fp/hard/libc.a(lib_a-mprec.o)
                0x0000000008014d6c                __hi0bits
 .text.__lo0bits
                0x0000000008014dac       0x60 /usr/share/gcc-arm-none-eabi-10-2020-q4-major/bin/../lib/gcc/arm-none-eabi/10.2.1/../../../../arm-none-eabi/lib/thumb/v7e-m+fp/hard/libc.a(lib_a-mprec.o)
                0x0000000008014dac                __lo0bits
 .text.__i2b    0x0000000008014e0c       0x5c /usr/share/gcc-arm-none-eabi-10-2020-q4-major/bin/../lib/gcc/arm-none-eabi/10.2.1/../../../../arm-none-eabi/lib/thumb/v7e-m+fp/hard/libc.a(lib_a-mprec.o)
                0x0000000008014e0c                __i2b
 .text.__multiply
                0x0000000008014e68      0x158 /usr/share/gcc-arm-none-eabi-10-2020-q4-major/bin/../lib/gcc/arm-none-eabi/10.2.1/../../../../arm-none-eabi/lib/thumb/v7e-m+fp/hard/libc.a(lib_a-mprec.o)
                0x0000000008014e68                __multiply
 .text.__pow5mult
                0x0000000008014fc0       0xc0 /usr/share/gcc-arm-none-eabi-10-2020-q4-major/bin/../lib/gcc/arm-none-eabi/10.2.1/../../../../arm-none-eabi/lib/thumb/v7e-m+fp/hard/libc.a(lib_a-mprec.o)
                0x0000000008014fc0                __pow5mult
 .text.__lshift
                0x0000000008015080       0xf0 /usr/share/gcc-arm-none-eabi-10-2020-q4-major/bin/../lib/gcc/arm-none-eabi/10.2.1/../../../../arm-none-eabi/lib/thumb/v7e-m+fp/hard/libc.a(lib_a-mprec.o)
                0x0000000008015080                __lshift
 .text.__mcmp   0x0000000008015170       0x44 /usr/share/gcc-arm-none-eabi-10-2020-q4-major/bin/../lib/gcc/arm-none-eabi/10.2.1/../../../../arm-none-eabi/lib/thumb/v7e-m+fp/hard/libc.a(lib_a-mprec.o)
                0x0000000008015170                __mcmp
 .text.__mdiff  0x00000000080151b4      0x14c /usr/share/gcc-arm-none-eabi-10-2020-q4-major/bin/../lib/gcc/arm-none-eabi/10.2.1/../../../../arm-none-eabi/lib/thumb/v7e-m+fp/hard/libc.a(lib_a-mprec.o)
                0x00000000080151b4                __mdiff
 .text.__d2b    0x0000000008015300       0xd0 /usr/share/gcc-arm-none-eabi-10-2020-q4-major/bin/../lib/gcc/arm-none-eabi/10.2.1/../../../../arm-none-eabi/lib/thumb/v7e-m+fp/hard/libc.a(lib_a-mprec.o)
                0x0000000008015300                __d2b
 .text._realloc_r
                0x00000000080153d0      0x3d8 /usr/share/gcc-arm-none-eabi-10-2020-q4-major/bin/../lib/gcc/arm-none-eabi/10.2.1/../../../../arm-none-eabi/lib/thumb/v7e-m+fp/hard/libc.a(lib_a-reallocr.o)
                0x00000000080153d0                _realloc_r
 .text.frexp    0x00000000080157a8       0x6c /usr/share/gcc-arm-none-eabi-10-2020-q4-major/bin/../lib/gcc/arm-none-eabi/10.2.1/../../../../arm-none-eabi/lib/thumb/v7e-m+fp/hard/libc.a(lib_a-s_frexp.o)
                0x00000000080157a8                frexp
 .text._sbrk_r  0x0000000008015814       0x24 /usr/share/gcc-arm-none-eabi-10-2020-q4-major/bin/../lib/gcc/arm-none-eabi/10.2.1/../../../../arm-none-eabi/lib/thumb/v7e-m+fp/hard/libc.a(lib_a-sbrkr.o)
                0x0000000008015814                _sbrk_r
 .text.__sread  0x0000000008015838       0x24 /usr/share/gcc-arm-none-eabi-10-2020-q4-major/bin/../lib/gcc/arm-none-eabi/10.2.1/../../../../arm-none-eabi/lib/thumb/v7e-m+fp/hard/libc.a(lib_a-stdio.o)
                0x0000000008015838                __sread
 .text.__swrite
                0x000000000801585c       0x40 /usr/share/gcc-arm-none-eabi-10-2020-q4-major/bin/../lib/gcc/arm-none-eabi/10.2.1/../../../../arm-none-eabi/lib/thumb/v7e-m+fp/hard/libc.a(lib_a-stdio.o)
                0x000000000801585c                __swrite
 .text.__sseek  0x000000000801589c       0x20 /usr/share/gcc-arm-none-eabi-10-2020-q4-major/bin/../lib/gcc/arm-none-eabi/10.2.1/../../../../arm-none-eabi/lib/thumb/v7e-m+fp/hard/libc.a(lib_a-stdio.o)
                0x000000000801589c                __sseek
 .text.__sclose
                0x00000000080158bc        0x8 /usr/share/gcc-arm-none-eabi-10-2020-q4-major/bin/../lib/gcc/arm-none-eabi/10.2.1/../../../../arm-none-eabi/lib/thumb/v7e-m+fp/hard/libc.a(lib_a-stdio.o)
                0x00000000080158bc                __sclose
 .text.strchr   0x00000000080158c4       0xcc /usr/share/gcc-arm-none-eabi-10-2020-q4-major/bin/../lib/gcc/arm-none-eabi/10.2.1/../../../../arm-none-eabi/lib/thumb/v7e-m+fp/hard/libc.a(lib_a-strchr.o)
                0x00000000080158c4                strchr
 .text.strncpy  0x0000000008015990       0x64 /usr/share/gcc-arm-none-eabi-10-2020-q4-major/bin/../lib/gcc/arm-none-eabi/10.2.1/../../../../arm-none-eabi/lib/thumb/v7e-m+fp/hard/libc.a(lib_a-strncpy.o)
                0x0000000008015990                strncpy
 .text.strnlen  0x00000000080159f4       0x24 /usr/share/gcc-arm-none-eabi-10-2020-q4-major/bin/../lib/gcc/arm-none-eabi/10.2.1/../../../../arm-none-eabi/lib/thumb/v7e-m+fp/hard/libc.a(lib_a-strnlen.o)
                0x00000000080159f4                strnlen
 .text.__ssprint_r
                0x0000000008015a18       0xf8 /usr/share/gcc-arm-none-eabi-10-2020-q4-major/bin/../lib/gcc/arm-none-eabi/10.2.1/../../../../arm-none-eabi/lib/thumb/v7e-m+fp/hard/libc.a(lib_a-svfiprintf.o)
                0x0000000008015a18                __ssprint_r
 .text._write_r
                0x0000000008015b10       0x2c /usr/share/gcc-arm-none-eabi-10-2020-q4-major/bin/../lib/gcc/arm-none-eabi/10.2.1/../../../../arm-none-eabi/lib/thumb/v7e-m+fp/hard/libc.a(lib_a-writer.o)
                0x0000000008015b10                _write_r
 .text.__swsetup_r
                0x0000000008015b3c       0xd4 /usr/share/gcc-arm-none-eabi-10-2020-q4-major/bin/../lib/gcc/arm-none-eabi/10.2.1/../../../../arm-none-eabi/lib/thumb/v7e-m+fp/hard/libc.a(lib_a-wsetup.o)
                0x0000000008015b3c                __swsetup_r
 .text.__assert_func
                0x0000000008015c10       0x40 /usr/share/gcc-arm-none-eabi-10-2020-q4-major/bin/../lib/gcc/arm-none-eabi/10.2.1/../../../../arm-none-eabi/lib/thumb/v7e-m+fp/hard/libc.a(lib_a-assert.o)
                0x0000000008015c10                __assert_func
 .text._calloc_r
                0x0000000008015c50       0x60 /usr/share/gcc-arm-none-eabi-10-2020-q4-major/bin/../lib/gcc/arm-none-eabi/10.2.1/../../../../arm-none-eabi/lib/thumb/v7e-m+fp/hard/libc.a(lib_a-callocr.o)
                0x0000000008015c50                _calloc_r
 .text._close_r
                0x0000000008015cb0       0x24 /usr/share/gcc-arm-none-eabi-10-2020-q4-major/bin/../lib/gcc/arm-none-eabi/10.2.1/../../../../arm-none-eabi/lib/thumb/v7e-m+fp/hard/libc.a(lib_a-closer.o)
                0x0000000008015cb0                _close_r
 .text._fclose_r
                0x0000000008015cd4       0xcc /usr/share/gcc-arm-none-eabi-10-2020-q4-major/bin/../lib/gcc/arm-none-eabi/10.2.1/../../../../arm-none-eabi/lib/thumb/v7e-m+fp/hard/libc.a(lib_a-fclose.o)
                0x0000000008015cd4                _fclose_r
 .text.__sflush_r
                0x0000000008015da0      0x130 /usr/share/gcc-arm-none-eabi-10-2020-q4-major/bin/../lib/gcc/arm-none-eabi/10.2.1/../../../../arm-none-eabi/lib/thumb/v7e-m+fp/hard/libc.a(lib_a-fflush.o)
                0x0000000008015da0                __sflush_r
 .text._fflush_r
                0x0000000008015ed0       0x5c /usr/share/gcc-arm-none-eabi-10-2020-q4-major/bin/../lib/gcc/arm-none-eabi/10.2.1/../../../../arm-none-eabi/lib/thumb/v7e-m+fp/hard/libc.a(lib_a-fflush.o)
                0x0000000008015ed0                _fflush_r
 .text.fiprintf
                0x0000000008015f2c       0x28 /usr/share/gcc-arm-none-eabi-10-2020-q4-major/bin/../lib/gcc/arm-none-eabi/10.2.1/../../../../arm-none-eabi/lib/thumb/v7e-m+fp/hard/libc.a(lib_a-fiprintf.o)
                0x0000000008015f2c                fiprintf
 .text.__locale_mb_cur_max
                0x0000000008015f54        0xc /usr/share/gcc-arm-none-eabi-10-2020-q4-major/bin/../lib/gcc/arm-none-eabi/10.2.1/../../../../arm-none-eabi/lib/thumb/v7e-m+fp/hard/libc.a(lib_a-locale.o)
                0x0000000008015f54                __locale_mb_cur_max
 .text._lseek_r
                0x0000000008015f60       0x2c /usr/share/gcc-arm-none-eabi-10-2020-q4-major/bin/../lib/gcc/arm-none-eabi/10.2.1/../../../../arm-none-eabi/lib/thumb/v7e-m+fp/hard/libc.a(lib_a-lseekr.o)
                0x0000000008015f60                _lseek_r
 .text.__smakebuf_r
                0x0000000008015f8c       0xe0 /usr/share/gcc-arm-none-eabi-10-2020-q4-major/bin/../lib/gcc/arm-none-eabi/10.2.1/../../../../arm-none-eabi/lib/thumb/v7e-m+fp/hard/libc.a(lib_a-makebuf.o)
                0x0000000008015f8c                __smakebuf_r
 .text.__ascii_mbtowc
                0x000000000801606c       0x2c /usr/share/gcc-arm-none-eabi-10-2020-q4-major/bin/../lib/gcc/arm-none-eabi/10.2.1/../../../../arm-none-eabi/lib/thumb/v7e-m+fp/hard/libc.a(lib_a-mbtowc_r.o)
                0x000000000801606c                __ascii_mbtowc
 .text._read_r  0x0000000008016098       0x2c /usr/share/gcc-arm-none-eabi-10-2020-q4-major/bin/../lib/gcc/arm-none-eabi/10.2.1/../../../../arm-none-eabi/lib/thumb/v7e-m+fp/hard/libc.a(lib_a-readr.o)
                0x0000000008016098                _read_r
 .text.__sprint_r.part.0
                0x00000000080160c4       0x78 /usr/share/gcc-arm-none-eabi-10-2020-q4-major/bin/../lib/gcc/arm-none-eabi/10.2.1/../../../../arm-none-eabi/lib/thumb/v7e-m+fp/hard/libc.a(lib_a-vfiprintf.o)
 .text._vfiprintf_r
                0x000000000801613c      0xdf4 /usr/share/gcc-arm-none-eabi-10-2020-q4-major/bin/../lib/gcc/arm-none-eabi/10.2.1/../../../../arm-none-eabi/lib/thumb/v7e-m+fp/hard/libc.a(lib_a-vfiprintf.o)
                0x000000000801613c                _vfiprintf_r
 .text.__sbprintf
                0x0000000008016f30       0x80 /usr/share/gcc-arm-none-eabi-10-2020-q4-major/bin/../lib/gcc/arm-none-eabi/10.2.1/../../../../arm-none-eabi/lib/thumb/v7e-m+fp/hard/libc.a(lib_a-vfiprintf.o)
 .text.__ascii_wctomb
                0x0000000008016fb0       0x1c /usr/share/gcc-arm-none-eabi-10-2020-q4-major/bin/../lib/gcc/arm-none-eabi/10.2.1/../../../../arm-none-eabi/lib/thumb/v7e-m+fp/hard/libc.a(lib_a-wctomb_r.o)
                0x0000000008016fb0                __ascii_wctomb
 .text.abort    0x0000000008016fcc       0x10 /usr/share/gcc-arm-none-eabi-10-2020-q4-major/bin/../lib/gcc/arm-none-eabi/10.2.1/../../../../arm-none-eabi/lib/thumb/v7e-m+fp/hard/libc.a(lib_a-abort.o)
                0x0000000008016fcc                abort
 .text.__fputwc
                0x0000000008016fdc       0xa8 /usr/share/gcc-arm-none-eabi-10-2020-q4-major/bin/../lib/gcc/arm-none-eabi/10.2.1/../../../../arm-none-eabi/lib/thumb/v7e-m+fp/hard/libc.a(lib_a-fputwc.o)
                0x0000000008016fdc                __fputwc
 .text._fputwc_r
                0x0000000008017084       0x68 /usr/share/gcc-arm-none-eabi-10-2020-q4-major/bin/../lib/gcc/arm-none-eabi/10.2.1/../../../../arm-none-eabi/lib/thumb/v7e-m+fp/hard/libc.a(lib_a-fputwc.o)
                0x0000000008017084                _fputwc_r
 .text._fstat_r
                0x00000000080170ec       0x2c /usr/share/gcc-arm-none-eabi-10-2020-q4-major/bin/../lib/gcc/arm-none-eabi/10.2.1/../../../../arm-none-eabi/lib/thumb/v7e-m+fp/hard/libc.a(lib_a-fstatr.o)
                0x00000000080170ec                _fstat_r
 .text._isatty_r
                0x0000000008017118       0x24 /usr/share/gcc-arm-none-eabi-10-2020-q4-major/bin/../lib/gcc/arm-none-eabi/10.2.1/../../../../arm-none-eabi/lib/thumb/v7e-m+fp/hard/libc.a(lib_a-isattyr.o)
                0x0000000008017118                _isatty_r
 .text.raise    0x000000000801713c       0x5c /usr/share/gcc-arm-none-eabi-10-2020-q4-major/bin/../lib/gcc/arm-none-eabi/10.2.1/../../../../arm-none-eabi/lib/thumb/v7e-m+fp/hard/libc.a(lib_a-signal.o)
                0x000000000801713c                raise
 .text._kill_r  0x0000000008017198       0x2c /usr/share/gcc-arm-none-eabi-10-2020-q4-major/bin/../lib/gcc/arm-none-eabi/10.2.1/../../../../arm-none-eabi/lib/thumb/v7e-m+fp/hard/libc.a(lib_a-signalr.o)
                0x0000000008017198                _kill_r
 .text._getpid_r
                0x00000000080171c4        0x4 /usr/share/gcc-arm-none-eabi-10-2020-q4-major/bin/../lib/gcc/arm-none-eabi/10.2.1/../../../../arm-none-eabi/lib/thumb/v7e-m+fp/hard/libc.a(lib_a-signalr.o)
                0x00000000080171c4                _getpid_r
 .text.__swbuf_r
                0x00000000080171c8       0xb0 /usr/share/gcc-arm-none-eabi-10-2020-q4-major/bin/../lib/gcc/arm-none-eabi/10.2.1/../../../../arm-none-eabi/lib/thumb/v7e-m+fp/hard/libc.a(lib_a-wbuf.o)
                0x00000000080171c8                __swbuf_r
 .text._wcrtomb_r
                0x0000000008017278       0x3c /usr/share/gcc-arm-none-eabi-10-2020-q4-major/bin/../lib/gcc/arm-none-eabi/10.2.1/../../../../arm-none-eabi/lib/thumb/v7e-m+fp/hard/libc.a(lib_a-wcrtomb.o)
                0x0000000008017278                _wcrtomb_r
 *(.glue_7)
 .glue_7        0x00000000080172b4        0x0 linker stubs
 *(.glue_7t)
 .glue_7t       0x00000000080172b4        0x0 linker stubs
 *(.eh_frame)
 .eh_frame      0x00000000080172b4        0x0 /usr/share/gcc-arm-none-eabi-10-2020-q4-major/bin/../lib/gcc/arm-none-eabi/10.2.1/thumb/v7e-m+fp/hard/crtbegin.o
 *(.init)
 .init          0x00000000080172b4        0x4 /usr/share/gcc-arm-none-eabi-10-2020-q4-major/bin/../lib/gcc/arm-none-eabi/10.2.1/thumb/v7e-m+fp/hard/crti.o
                0x00000000080172b4                _init
 .init          0x00000000080172b8        0x8 /usr/share/gcc-arm-none-eabi-10-2020-q4-major/bin/../lib/gcc/arm-none-eabi/10.2.1/thumb/v7e-m+fp/hard/crtn.o
 *(.fini)
 .fini          0x00000000080172c0        0x4 /usr/share/gcc-arm-none-eabi-10-2020-q4-major/bin/../lib/gcc/arm-none-eabi/10.2.1/thumb/v7e-m+fp/hard/crti.o
                0x00000000080172c0                _fini
 .fini          0x00000000080172c4        0x8 /usr/share/gcc-arm-none-eabi-10-2020-q4-major/bin/../lib/gcc/arm-none-eabi/10.2.1/thumb/v7e-m+fp/hard/crtn.o
                0x00000000080172cc                . = ALIGN (0x4)
                0x00000000080172cc                _etext = .

.vfp11_veneer   0x00000000080172cc        0x0
 .vfp11_veneer  0x00000000080172cc        0x0 linker stubs

.v4_bx          0x00000000080172cc        0x0
 .v4_bx         0x00000000080172cc        0x0 linker stubs

.iplt           0x00000000080172cc        0x0
 .iplt          0x00000000080172cc        0x0 /usr/share/gcc-arm-none-eabi-10-2020-q4-major/bin/../lib/gcc/arm-none-eabi/10.2.1/thumb/v7e-m+fp/hard/crtbegin.o

.rodata         0x00000000080172d0     0x1748
                0x00000000080172d0                . = ALIGN (0x4)
 *(.rodata)
 .rodata        0x00000000080172d0       0x5d /home/ruhung/4axis/4AXIS/4ax/build/main.o
 *fill*         0x000000000801732d        0x3 
 .rodata        0x0000000008017330        0x5 /home/ruhung/4axis/4AXIS/4ax/build/uart.o
 *fill*         0x0000000008017335        0x3 
 .rodata        0x0000000008017338       0x4b /home/ruhung/4axis/4AXIS/4ax/build/inv_mpu_dmp_motion_driver.o
 *fill*         0x0000000008017383        0x1 
 .rodata        0x0000000008017384      0x133 /home/ruhung/4axis/4AXIS/4ax/build/mpu6050.o
 *fill*         0x00000000080174b7        0x1 
 .rodata        0x00000000080174b8       0xce /home/ruhung/4axis/4AXIS/4ax/build/esp.o