Archive member included to satisfy reference by file (symbol)

/usr/share/gcc-arm-none-eabi-10-2020-q4-major/bin/../lib/gcc/arm-none-eabi/10.2.1/../../../../arm-none-eabi/lib/thumb/v7e-m+fp/hard/libc.a(lib_a-exit.o)
                              /usr/share/gcc-arm-none-eabi-10-2020-q4-major/bin/../lib/gcc/arm-none-eabi/10.2.1/../../../../arm-none-eabi/lib/thumb/v7e-m+fp/hard/crt0.o (exit)
/usr/share/gcc-arm-none-eabi-10-2020-q4-major/bin/../lib/gcc/arm-none-eabi/10.2.1/../../../../arm-none-eabi/lib/thumb/v7e-m+fp/hard/libc.a(lib_a-impure.o)
                              /usr/share/gcc-arm-none-eabi-10-2020-q4-major/bin/../lib/gcc/arm-none-eabi/10.2.1/../../../../arm-none-eabi/lib/thumb/v7e-m+fp/hard/libc.a(lib_a-exit.o) (_global_impure_ptr)
/usr/share/gcc-arm-none-eabi-10-2020-q4-major/bin/../lib/gcc/arm-none-eabi/10.2.1/../../../../arm-none-eabi/lib/thumb/v7e-m+fp/hard/libc.a(lib_a-init.o)
                              /usr/share/gcc-arm-none-eabi-10-2020-q4-major/bin/../lib/gcc/arm-none-eabi/10.2.1/../../../../arm-none-eabi/lib/thumb/v7e-m+fp/hard/crt0.o (__libc_init_array)
/usr/share/gcc-arm-none-eabi-10-2020-q4-major/bin/../lib/gcc/arm-none-eabi/10.2.1/../../../../arm-none-eabi/lib/thumb/v7e-m+fp/hard/libc.a(lib_a-memset.o)
                              /usr/share/gcc-arm-none-eabi-10-2020-q4-major/bin/../lib/gcc/arm-none-eabi/10.2.1/../../../../arm-none-eabi/lib/thumb/v7e-m+fp/hard/crt0.o (memset)
/usr/share/gcc-arm-none-eabi-10-2020-q4-major/bin/../lib/gcc/arm-none-eabi/10.2.1/../../../../arm-none-eabi/lib/thumb/v7e-m+fp/hard/libc.a(lib_a-__call_atexit.o)
                              /usr/share/gcc-arm-none-eabi-10-2020-q4-major/bin/../lib/gcc/arm-none-eabi/10.2.1/../../../../arm-none-eabi/lib/thumb/v7e-m+fp/hard/libc.a(lib_a-exit.o) (__call_exitprocs)
/usr/share/gcc-arm-none-eabi-10-2020-q4-major/bin/../lib/gcc/arm-none-eabi/10.2.1/../../../../arm-none-eabi/lib/thumb/v7e-m+fp/hard/libc.a(lib_a-atexit.o)
                              /usr/share/gcc-arm-none-eabi-10-2020-q4-major/bin/../lib/gcc/arm-none-eabi/10.2.1/../../../../arm-none-eabi/lib/thumb/v7e-m+fp/hard/libc.a(lib_a-__call_atexit.o) (atexit)
/usr/share/gcc-arm-none-eabi-10-2020-q4-major/bin/../lib/gcc/arm-none-eabi/10.2.1/../../../../arm-none-eabi/lib/thumb/v7e-m+fp/hard/libc.a(lib_a-fini.o)
                              /usr/share/gcc-arm-none-eabi-10-2020-q4-major/bin/../lib/gcc/arm-none-eabi/10.2.1/../../../../arm-none-eabi/lib/thumb/v7e-m+fp/hard/libc.a(lib_a-__call_atexit.o) (__libc_fini_array)
/usr/share/gcc-arm-none-eabi-10-2020-q4-major/bin/../lib/gcc/arm-none-eabi/10.2.1/../../../../arm-none-eabi/lib/thumb/v7e-m+fp/hard/libc.a(lib_a-lock.o)
                              /usr/share/gcc-arm-none-eabi-10-2020-q4-major/bin/../lib/gcc/arm-none-eabi/10.2.1/../../../../arm-none-eabi/lib/thumb/v7e-m+fp/hard/libc.a(lib_a-__call_atexit.o) (__retarget_lock_acquire_recursive)
/usr/share/gcc-arm-none-eabi-10-2020-q4-major/bin/../lib/gcc/arm-none-eabi/10.2.1/../../../../arm-none-eabi/lib/thumb/v7e-m+fp/hard/libc.a(lib_a-__atexit.o)
                              /usr/share/gcc-arm-none-eabi-10-2020-q4-major/bin/../lib/gcc/arm-none-eabi/10.2.1/../../../../arm-none-eabi/lib/thumb/v7e-m+fp/hard/libc.a(lib_a-atexit.o) (__register_exitproc)
/usr/share/gcc-arm-none-eabi-10-2020-q4-major/bin/../lib/gcc/arm-none-eabi/10.2.1/../../../../arm-none-eabi/lib/thumb/v7e-m+fp/hard/libm.a(lib_a-s_copysign.o)
                              /home/ruhung/4axis/4AXIS/4ax/build/mpu6050.o (copysign)
/usr/share/gcc-arm-none-eabi-10-2020-q4-major/bin/../lib/gcc/arm-none-eabi/10.2.1/../../../../arm-none-eabi/lib/thumb/v7e-m+fp/hard/libm.a(lib_a-sf_sin.o)
                              /home/ruhung/4axis/4AXIS/4ax/build/mpu6050.o (sinf)
/usr/share/gcc-arm-none-eabi-10-2020-q4-major/bin/../lib/gcc/arm-none-eabi/10.2.1/../../../../arm-none-eabi/lib/thumb/v7e-m+fp/hard/libm.a(lib_a-wf_asin.o)
                              /home/ruhung/4axis/4AXIS/4ax/build/mpu6050.o (asinf)
/usr/share/gcc-arm-none-eabi-10-2020-q4-major/bin/../lib/gcc/arm-none-eabi/10.2.1/../../../../arm-none-eabi/lib/thumb/v7e-m+fp/hard/libm.a(lib_a-wf_atan2.o)
                              /home/ruhung/4axis/4AXIS/4ax/build/mpu6050.o (atan2f)
/usr/share/gcc-arm-none-eabi-10-2020-q4-major/bin/../lib/gcc/arm-none-eabi/10.2.1/../../../../arm-none-eabi/lib/thumb/v7e-m+fp/hard/libm.a(lib_a-ef_asin.o)
                              /usr/share/gcc-arm-none-eabi-10-2020-q4-major/bin/../lib/gcc/arm-none-eabi/10.2.1/../../../../arm-none-eabi/lib/thumb/v7e-m+fp/hard/libm.a(lib_a-wf_asin.o) (__ieee754_asinf)
/usr/share/gcc-arm-none-eabi-10-2020-q4-major/bin/../lib/gcc/arm-none-eabi/10.2.1/../../../../arm-none-eabi/lib/thumb/v7e-m+fp/hard/libm.a(lib_a-ef_atan2.o)
                              /usr/share/gcc-arm-none-eabi-10-2020-q4-major/bin/../lib/gcc/arm-none-eabi/10.2.1/../../../../arm-none-eabi/lib/thumb/v7e-m+fp/hard/libm.a(lib_a-wf_atan2.o) (__ieee754_atan2f)
[...]
Memory Configuration

Name             Origin             Length             Attributes
CCMRAM           0x0000000010000000 0x0000000000010000 xrw
RAM              0x0000000020000000 0x0000000000020000 xrw
FLASH            0x0000000008000000 0x0000000000080000 xr
*default*        0x0000000000000000 0xffffffffffffffff

Linker script and memory map

LOAD /usr/share/gcc-arm-none-eabi-10-2020-q4-major/bin/../lib/gcc/arm-none-eabi/10.2.1/thumb/v7e-m+fp/hard/crti.o
LOAD /usr/share/gcc-arm-none-eabi-10-2020-q4-major/bin/../lib/gcc/arm-none-eabi/10.2.1/thumb/v7e-m+fp/hard/crtbegin.o
LOAD /usr/share/gcc-arm-none-eabi-10-2020-q4-major/bin/../lib/gcc/arm-none-eabi/10.2.1/../../../../arm-none-eabi/lib/thumb/v7e-m+fp/hard/crt0.o
                0x0000000020020000                _estack = (ORIGIN (RAM) + LENGTH (RAM))
                0x0000000000000200                _Min_Heap_Size = 0x200
                0x0000000000000400                _Min_Stack_Size = 0x400

.isr_vector     0x0000000008000000      0x188
                0x0000000008000000                . = ALIGN (0x4)
 *(.isr_vector)
 .isr_vector    0x0000000008000000      0x188 /home/ruhung/4axis/4AXIS/4ax/build/startup_stm32f407vetx.o
                0x0000000008000000                g_pfnVectors
                0x0000000008000188                . = ALIGN (0x4)

.text           0x00000000080001c0    0x13a84
                0x00000000080001c0                . = ALIGN (0x4)
 *(.text)
 .text          0x00000000080001c0       0x40 /usr/share/gcc-arm-none-eabi-10-2020-q4-major/bin/../lib/gcc/arm-none-eabi/10.2.1/thumb/v7e-m+fp/hard/crtbegin.o
 .text          0x0000000008000200      0x134 /usr/share/gcc-arm-none-eabi-10-2020-q4-major/bin/../lib/gcc/arm-none-eabi/10.2.1/../../../../arm-none-eabi/lib/thumb/v7e-m+fp/hard/libc.a(lib_a-memcpy.o)
                0x0000000008000200                memcpy
 *fill*         0x0000000008000334        0xc 
 .text          0x0000000008000340       0xdc /usr/share/gcc-arm-none-eabi-10-2020-q4-major/bin/../lib/gcc/arm-none-eabi/10.2.1/../../../../arm-none-eabi/lib/thumb/v7e-m+fp/hard/libc.a(lib_a-strlen.o)
                0x0000000008000340                strlen
 *fill*         0x000000000800041c        0x4 
 .text          0x0000000008000420       0xa0 /usr/share/gcc-arm-none-eabi-10-2020-q4-major/bin/../lib/gcc/arm-none-eabi/10.2.1/../../../../arm-none-eabi/lib/thumb/v7e-m+fp/hard/libc.a(lib_a-memchr.o)
                0x0000000008000420                memchr
 .text          0x00000000080004c0      0x378 /usr/share/gcc-arm-none-eabi-10-2020-q4-major/bin/../lib/gcc/arm-none-eabi/10.2.1/thumb/v7e-m+fp/hard/libgcc.a(_arm_addsubdf3.o)
                0x00000000080004c0                __aeabi_drsub
                0x00000000080004c8                __aeabi_dsub
                0x00000000080004c8                __subdf3
                0x00000000080004cc                __adddf3
                0x00000000080004cc                __aeabi_dadd
                0x0000000008000744                __aeabi_ui2d
                0x0000000008000744                __floatunsidf
                0x0000000008000764                __floatsidf
                0x0000000008000764                __aeabi_i2d
                0x0000000008000788                __extendsfdf2
                0x0000000008000788                __aeabi_f2d
                0x00000000080007cc                __aeabi_ul2d
                0x00000000080007cc                __floatundidf
                0x00000000080007dc                __floatdidf
                0x00000000080007dc                __aeabi_l2d
 .text          0x0000000008000838      0x424 /usr/share/gcc-arm-none-eabi-10-2020-q4-major/bin/../lib/gcc/arm-none-eabi/10.2.1/thumb/v7e-m+fp/hard/libgcc.a(_arm_muldivdf3.o)
                0x0000000008000838                __aeabi_dmul
                0x0000000008000838                __muldf3
                0x0000000008000a8c                __aeabi_ddiv
                0x0000000008000a8c                __divdf3
 .text          0x0000000008000c5c      0x110 /usr/share/gcc-arm-none-eabi-10-2020-q4-major/bin/../lib/gcc/arm-none-eabi/10.2.1/thumb/v7e-m+fp/hard/libgcc.a(_arm_cmpdf2.o)
                0x0000000008000c5c                __gtdf2
                0x0000000008000c5c                __gedf2
                0x0000000008000c64                __ltdf2
                0x0000000008000c64                __ledf2
                0x0000000008000c6c                __cmpdf2
                0x0000000008000c6c                __eqdf2
                0x0000000008000c6c                __nedf2
                0x0000000008000ce8                __aeabi_cdrcmple
                0x0000000008000cf8                __aeabi_cdcmple
                0x0000000008000cf8                __aeabi_cdcmpeq
                0x0000000008000d08                __aeabi_dcmpeq
                0x0000000008000d1c                __aeabi_dcmplt
                0x0000000008000d30                __aeabi_dcmple
                0x0000000008000d44                __aeabi_dcmpge
                0x0000000008000d58                __aeabi_dcmpgt
 .text          0x0000000008000d6c       0x2c /usr/share/gcc-arm-none-eabi-10-2020-q4-major/bin/../lib/gcc/arm-none-eabi/10.2.1/thumb/v7e-m+fp/hard/libgcc.a(_arm_unorddf2.o)
                0x0000000008000d6c                __aeabi_dcmpun
                0x0000000008000d6c                __unorddf2
 .text          0x0000000008000d98       0x50 /usr/share/gcc-arm-none-eabi-10-2020-q4-major/bin/../lib/gcc/arm-none-eabi/10.2.1/thumb/v7e-m+fp/hard/libgcc.a(_arm_fixdfsi.o)
                0x0000000008000d98                __fixdfsi
                0x0000000008000d98                __aeabi_d2iz
 .text          0x0000000008000de8       0xa0 /usr/share/gcc-arm-none-eabi-10-2020-q4-major/bin/../lib/gcc/arm-none-eabi/10.2.1/thumb/v7e-m+fp/hard/libgcc.a(_arm_truncdfsf2.o)
                0x0000000008000de8                __aeabi_d2f
                0x0000000008000de8                __truncdfsf2
 .text          0x0000000008000e88       0xa0 /usr/share/gcc-arm-none-eabi-10-2020-q4-major/bin/../lib/gcc/arm-none-eabi/10.2.1/thumb/v7e-m+fp/hard/libgcc.a(_aeabi_ldivmod.o)
                0x0000000008000e88                __aeabi_ldivmod
 .text          0x0000000008000f28       0x30 /usr/share/gcc-arm-none-eabi-10-2020-q4-major/bin/../lib/gcc/arm-none-eabi/10.2.1/thumb/v7e-m+fp/hard/libgcc.a(_aeabi_uldivmod.o)
                0x0000000008000f28                __aeabi_uldivmod
 .text          0x0000000008000f58      0x2d0 /usr/share/gcc-arm-none-eabi-10-2020-q4-major/bin/../lib/gcc/arm-none-eabi/10.2.1/thumb/v7e-m+fp/hard/libgcc.a(_udivmoddi4.o)
                0x0000000008000f58                __udivmoddi4
 .text          0x0000000008001228        0x4 /usr/share/gcc-arm-none-eabi-10-2020-q4-major/bin/../lib/gcc/arm-none-eabi/10.2.1/thumb/v7e-m+fp/hard/libgcc.a(_dvmd_tls.o)
                0x0000000008001228                __aeabi_ldiv0
                0x0000000008001228                __aeabi_idiv0
 *(.text*)
 .text.__libc_init_array
                0x000000000800122c       0x48 /usr/share/gcc-arm-none-eabi-10-2020-q4-major/bin/../lib/gcc/arm-none-eabi/10.2.1/../../../../arm-none-eabi/lib/thumb/v7e-m+fp/hard/libc.a(lib_a-init.o)
                0x000000000800122c                __libc_init_array
 .text.memset   0x0000000008001274       0xa4 /usr/share/gcc-arm-none-eabi-10-2020-q4-major/bin/../lib/gcc/arm-none-eabi/10.2.1/../../../../arm-none-eabi/lib/thumb/v7e-m+fp/hard/libc.a(lib_a-memset.o)
                0x0000000008001274                memset
 .text.startup.register_fini
                0x0000000008001318       0x14 /usr/share/gcc-arm-none-eabi-10-2020-q4-major/bin/../lib/gcc/arm-none-eabi/10.2.1/../../../../arm-none-eabi/lib/thumb/v7e-m+fp/hard/libc.a(lib_a-__call_atexit.o)
 .text.atexit   0x000000000800132c        0xc /usr/share/gcc-arm-none-eabi-10-2020-q4-major/bin/../lib/gcc/arm-none-eabi/10.2.1/../../../../arm-none-eabi/lib/thumb/v7e-m+fp/hard/libc.a(lib_a-atexit.o)
                0x000000000800132c                atexit
 .text.__libc_fini_array
                0x0000000008001338       0x2c /usr/share/gcc-arm-none-eabi-10-2020-q4-major/bin/../lib/gcc/arm-none-eabi/10.2.1/../../../../arm-none-eabi/lib/thumb/v7e-m+fp/hard/libc.a(lib_a-fini.o)
                0x0000000008001338                __libc_fini_array
 .text.__retarget_lock_init_recursive
                0x0000000008001364        0x4 /usr/share/gcc-arm-none-eabi-10-2020-q4-major/bin/../lib/gcc/arm-none-eabi/10.2.1/../../../../arm-none-eabi/lib/thumb/v7e-m+fp/hard/libc.a(lib_a-lock.o)
                0x0000000008001364                __retarget_lock_init_recursive
 .text.__retarget_lock_close_recursive
                0x0000000008001368        0x4 /usr/share/gcc-arm-none-eabi-10-2020-q4-major/bin/../lib/gcc/arm-none-eabi/10.2.1/../../../../arm-none-eabi/lib/thumb/v7e-m+fp/hard/libc.a(lib_a-lock.o)
                0x0000000008001368                __retarget_lock_close_recursive
 .text.__retarget_lock_acquire_recursive
                0x000000000800136c        0x4 /usr/share/gcc-arm-none-eabi-10-2020-q4-major/bin/../lib/gcc/arm-none-eabi/10.2.1/../../../../arm-none-eabi/lib/thumb/v7e-m+fp/hard/libc.a(lib_a-lock.o)
                0x000000000800136c                __retarget_lock_acquire_recursive
 .text.__retarget_lock_release_recursive
                0x0000000008001370        0x4 /usr/share/gcc-arm-none-eabi-10-2020-q4-major/bin/../lib/gcc/arm-none-eabi/10.2.1/../../../../arm-none-eabi/lib/thumb/v7e-m+fp/hard/libc.a(lib_a-lock.o)
                0x0000000008001370                __retarget_lock_release_recursive
 .text.__register_exitproc
                0x0000000008001374       0x8c /usr/share/gcc-arm-none-eabi-10-2020-q4-major/bin/../lib/gcc/arm-none-eabi/10.2.1/../../../../arm-none-eabi/lib/thumb/v7e-m+fp/hard/libc.a(lib_a-__atexit.o)
                0x0000000008001374                __register_exitproc
 .text.main     0x0000000008001400       0x88 /home/ruhung/4axis/4AXIS/4ax/build/main.o
                0x0000000008001400                main
 .text.UDPHandler
                0x0000000008001488       0x54 /home/ruhung/4axis/4AXIS/4ax/build/main.o
                0x0000000008001488                UDPHandler
 .text.PIDupdate
                0x00000000080014dc      0x280 /home/ruhung/4axis/4AXIS/4ax/build/main.o
                0x00000000080014dc                PIDupdate
 .text.Init     0x000000000800175c       0x44 /home/ruhung/4axis/4AXIS/4ax/build/init.o
                0x000000000800175c                Init
 .text.MX_SPI2_Init
                0x00000000080017a0       0x6c /home/ruhung/4axis/4AXIS/4ax/build/init.o
                0x00000000080017a0                MX_SPI2_Init
 .text.SystemClock_Config
                0x000000000800180c       0xd0 /home/ruhung/4axis/4AXIS/4ax/build/init.o
                0x000000000800180c                SystemClock_Config
 .text.MX_I2C1_Init
                0x00000000080018dc       0x5c /home/ruhung/4axis/4AXIS/4ax/build/init.o
                0x00000000080018dc                MX_I2C1_Init
 .text.MX_TIM4_Init
                0x0000000008001938      0x130 /home/ruhung/4axis/4AXIS/4ax/build/init.o
                0x0000000008001938                MX_TIM4_Init
 .text.MX_USART1_UART_Init
                0x0000000008001a68       0x64 /home/ruhung/4axis/4AXIS/4ax/build/init.o
                0x0000000008001a68                MX_USART1_UART_Init
 .text.MX_USART2_UART_Init
                0x0000000008001acc       0x54 /home/ruhung/4axis/4AXIS/4ax/build/init.o
                0x0000000008001acc                MX_USART2_UART_Init
 .text.MX_DMA_Init
                0x0000000008001b20       0x6c /home/ruhung/4axis/4AXIS/4ax/build/init.o
                0x0000000008001b20                MX_DMA_Init
 .text.MX_GPIO_Init
                0x0000000008001b8c      0x120 /home/ruhung/4axis/4AXIS/4ax/build/init.o
                0x0000000008001b8c                MX_GPIO_Init
 .text.Error_Handler
                0x0000000008001cac        0xa /home/ruhung/4axis/4AXIS/4ax/build/init.o
                0x0000000008001cac                Error_Handler
 *fill*         0x0000000008001cb6        0x2 
 .text.__io_putchar
                0x0000000008001cb8       0x24 /home/ruhung/4axis/4AXIS/4ax/build/uart.o
                0x0000000008001cb8                __io_putchar
 .text.USART1_IRQHandler
                0x0000000008001cdc       0xb8 /home/ruhung/4axis/4AXIS/4ax/build/uart.o
                0x0000000008001cdc                USART1_IRQHandler
 .text.DMA2_Stream2_IRQHandler
                0x0000000008001d94       0x14 /home/ruhung/4axis/4AXIS/4ax/build/uart.o
                0x0000000008001d94                DMA2_Stream2_IRQHandler
 .text.USART2_IRQHandler
                0x0000000008001da8       0x14 /home/ruhung/4axis/4AXIS/4ax/build/uart.o
                0x0000000008001da8                USART2_IRQHandler
 .text.DMA1_Stream5_IRQHandler
                0x0000000008001dbc       0x14 /home/ruhung/4axis/4AXIS/4ax/build/uart.o
                0x0000000008001dbc                DMA1_Stream5_IRQHandler
 .text.SysTick_Handler
                0x0000000008001dd0        0xc /home/ruhung/4axis/4AXIS/4ax/build/uart.o
                0x0000000008001dd0                SysTick_Handler
 .text.I2C1_EV_IRQHandler
                0x0000000008001ddc       0x14 /home/ruhung/4axis/4AXIS/4ax/build/uart.o
                0x0000000008001ddc                I2C1_EV_IRQHandler
 .text.motor_Init
                0x0000000008001df0       0x2c /home/ruhung/4axis/4AXIS/4ax/build/motor.o
                0x0000000008001df0                motor_Init
 .text._sbrk    0x0000000008001e1c       0x6c /home/ruhung/4axis/4AXIS/4ax/build/sysmem.o
                0x0000000008001e1c                _sbrk
 .text.vApplicationStackOverflowHook
                0x0000000008001e88       0x16 /home/ruhung/4axis/4AXIS/4ax/build/freertos_vapp.o
                0x0000000008001e88                vApplicationStackOverflowHook
 *fill*         0x0000000008001e9e        0x2 
 .text.HAL_I2C_MspInit
                0x0000000008001ea0       0x9c /home/ruhung/4axis/4AXIS/4ax/build/stm32f4xx_hal_msp.o
                0x0000000008001ea0                HAL_I2C_MspInit
 .text.HAL_SPI_MspInit
                0x0000000008001f3c       0xe0 /home/ruhung/4axis/4AXIS/4ax/build/stm32f4xx_hal_msp.o
                0x0000000008001f3c                HAL_SPI_MspInit
 .text.HAL_MspInit
                0x000000000800201c       0x50 /home/ruhung/4axis/4AXIS/4ax/build/stm32f4xx_hal_msp.o
                0x000000000800201c                HAL_MspInit
 .text.HAL_TIM_Base_MspInit
                0x000000000800206c       0xa8 /home/ruhung/4axis/4AXIS/4ax/build/stm32f4xx_hal_msp.o
                0x000000000800206c                HAL_TIM_Base_MspInit
 .text.HAL_TIM_MspPostInit
                0x0000000008002114      0x104 /home/ruhung/4axis/4AXIS/4ax/build/stm32f4xx_hal_msp.o
                0x0000000008002114                HAL_TIM_MspPostInit
 .text.HAL_UART_MspInit
                0x0000000008002218      0x1e0 /home/ruhung/4axis/4AXIS/4ax/build/stm32f4xx_hal_msp.o
                0x0000000008002218                HAL_UART_MspInit
 .text._getpid  0x00000000080023f8       0x10 /home/ruhung/4axis/4AXIS/4ax/build/syscalls.o
                0x00000000080023f8                _getpid
 .text._kill    0x0000000008002408       0x20 /home/ruhung/4axis/4AXIS/4ax/build/syscalls.o
                0x0000000008002408                _kill
 .text._exit    0x0000000008002428       0x14 /home/ruhung/4axis/4AXIS/4ax/build/syscalls.o
                0x0000000008002428                _exit
 .text._read    0x000000000800243c       0x3a /home/ruhung/4axis/4AXIS/4ax/build/syscalls.o
                0x000000000800243c                _read
 .text._write   0x0000000008002476       0x38 /home/ruhung/4axis/4AXIS/4ax/build/syscalls.o
                0x0000000008002476                _write
 .text._close   0x00000000080024ae       0x18 /home/ruhung/4axis/4AXIS/4ax/build/syscalls.o
                0x00000000080024ae                _close
 .text._fstat   0x00000000080024c6       0x20 /home/ruhung/4axis/4AXIS/4ax/build/syscalls.o
                0x00000000080024c6                _fstat
 .text._isatty  0x00000000080024e6       0x16 /home/ruhung/4axis/4AXIS/4ax/build/syscalls.o
                0x00000000080024e6                _isatty
 .text._lseek   0x00000000080024fc       0x1a /home/ruhung/4axis/4AXIS/4ax/build/syscalls.o
                0x00000000080024fc                _lseek
 *fill*         0x0000000008002516        0x2 
 .text.SystemInit
                0x0000000008002518       0x24 /home/ruhung/4axis/4AXIS/4ax/build/system_stm32f4xx.o
                0x0000000008002518                SystemInit
 .text.ANO_DT_Send_Status
                0x000000000800253c      0x228 /home/ruhung/4axis/4AXIS/4ax/build/ano.o
                0x000000000800253c                ANO_DT_Send_Status
 .text.motor_update
                0x0000000008002764       0xe0 /home/ruhung/4axis/4AXIS/4ax/build/pid.o
                0x0000000008002764                motor_update
 *fill*         0x0000000008002844        0x4 
 .text.pid_control
                0x0000000008002848      0x148 /home/ruhung/4axis/4AXIS/4ax/build/pid.o
                0x0000000008002848                pid_control
 .text.limit    0x0000000008002990       0x54 /home/ruhung/4axis/4AXIS/4ax/build/pid.o
                0x0000000008002990                limit
 .text.HAL_Init
                0x00000000080029e4       0x44 /home/ruhung/4axis/4AXIS/4ax/build/stm32f4xx_hal.o
                0x00000000080029e4                HAL_Init
 .text.HAL_InitTick
                0x0000000008002a28       0x60 /home/ruhung/4axis/4AXIS/4ax/build/stm32f4xx_hal.o
                0x0000000008002a28                HAL_InitTick
 .text.HAL_IncTick
                0x0000000008002a88       0x28 /home/ruhung/4axis/4AXIS/4ax/build/stm32f4xx_hal.o
                0x0000000008002a88                HAL_IncTick
 .text.HAL_GetTick
                0x0000000008002ab0       0x18 /home/ruhung/4axis/4AXIS/4ax/build/stm32f4xx_hal.o
                0x0000000008002ab0                HAL_GetTick
 .text.HAL_Delay
                0x0000000008002ac8       0x48 /home/ruhung/4axis/4AXIS/4ax/build/stm32f4xx_hal.o
                0x0000000008002ac8                HAL_Delay
 .text.__NVIC_SetPriorityGrouping
                0x0000000008002b10       0x48 /home/ruhung/4axis/4AXIS/4ax/build/stm32f4xx_hal_cortex.o
 .text.__NVIC_GetPriorityGrouping
                0x0000000008002b58       0x1c /home/ruhung/4axis/4AXIS/4ax/build/stm32f4xx_hal_cortex.o
 .text.__NVIC_EnableIRQ
                0x0000000008002b74       0x3c /home/ruhung/4axis/4AXIS/4ax/build/stm32f4xx_hal_cortex.o
 .text.__NVIC_SetPriority
                0x0000000008002bb0       0x54 /home/ruhung/4axis/4AXIS/4ax/build/stm32f4xx_hal_cortex.o
 .text.NVIC_EncodePriority
                0x0000000008002c04       0x66 /home/ruhung/4axis/4AXIS/4ax/build/stm32f4xx_hal_cortex.o
 *fill*         0x0000000008002c6a        0x2 
 .text.SysTick_Config
                0x0000000008002c6c       0x44 /home/ruhung/4axis/4AXIS/4ax/build/stm32f4xx_hal_cortex.o
 .text.HAL_NVIC_SetPriorityGrouping
                0x0000000008002cb0       0x16 /home/ruhung/4axis/4AXIS/4ax/build/stm32f4xx_hal_cortex.o
                0x0000000008002cb0                HAL_NVIC_SetPriorityGrouping
 .text.HAL_NVIC_SetPriority
                0x0000000008002cc6       0x38 /home/ruhung/4axis/4AXIS/4ax/build/stm32f4xx_hal_cortex.o
                0x0000000008002cc6                HAL_NVIC_SetPriority
 .text.HAL_NVIC_EnableIRQ
                0x0000000008002cfe       0x1c /home/ruhung/4axis/4AXIS/4ax/build/stm32f4xx_hal_cortex.o
                0x0000000008002cfe                HAL_NVIC_EnableIRQ
 .text.HAL_SYSTICK_Config
                0x0000000008002d1a       0x18 /home/ruhung/4axis/4AXIS/4ax/build/stm32f4xx_hal_cortex.o
                0x0000000008002d1a                HAL_SYSTICK_Config
 *fill*         0x0000000008002d32        0x2 
 .text.HAL_RCC_OscConfig
                0x0000000008002d34      0x4f0 /home/ruhung/4axis/4AXIS/4ax/build/stm32f4xx_hal_rcc.o
                0x0000000008002d34                HAL_RCC_OscConfig
 .text.HAL_RCC_ClockConfig
                0x0000000008003224      0x1cc /home/ruhung/4axis/4AXIS/4ax/build/stm32f4xx_hal_rcc.o
                0x0000000008003224                HAL_RCC_ClockConfig
 .text.HAL_RCC_GetSysClockFreq
                0x00000000080033f0      0x20c /home/ruhung/4axis/4AXIS/4ax/build/stm32f4xx_hal_rcc.o
                0x00000000080033f0                HAL_RCC_GetSysClockFreq
 .text.HAL_RCC_GetHCLKFreq
                0x00000000080035fc       0x18 /home/ruhung/4axis/4AXIS/4ax/build/stm32f4xx_hal_rcc.o
                0x00000000080035fc                HAL_RCC_GetHCLKFreq
 .text.HAL_RCC_GetPCLK1Freq
                0x0000000008003614       0x28 /home/ruhung/4axis/4AXIS/4ax/build/stm32f4xx_hal_rcc.o
                0x0000000008003614                HAL_RCC_GetPCLK1Freq
 .text.HAL_RCC_GetPCLK2Freq
                0x000000000800363c       0x28 /home/ruhung/4axis/4AXIS/4ax/build/stm32f4xx_hal_rcc.o
                0x000000000800363c                HAL_RCC_GetPCLK2Freq
 .text.HAL_DMA_Init
                0x0000000008003664      0x15c /home/ruhung/4axis/4AXIS/4ax/build/stm32f4xx_hal_dma.o
                0x0000000008003664                HAL_DMA_Init
 .text.HAL_DMA_Start_IT
                0x00000000080037c0       0xb0 /home/ruhung/4axis/4AXIS/4ax/build/stm32f4xx_hal_dma.o
                0x00000000080037c0                HAL_DMA_Start_IT
 .text.HAL_DMA_Abort
                0x0000000008003870       0xe0 /home/ruhung/4axis/4AXIS/4ax/build/stm32f4xx_hal_dma.o
                0x0000000008003870                HAL_DMA_Abort
 .text.HAL_DMA_Abort_IT
                0x0000000008003950       0x44 /home/ruhung/4axis/4AXIS/4ax/build/stm32f4xx_hal_dma.o
                0x0000000008003950                HAL_DMA_Abort_IT
 .text.HAL_DMA_IRQHandler
                0x0000000008003994      0x314 /home/ruhung/4axis/4AXIS/4ax/build/stm32f4xx_hal_dma.o
                0x0000000008003994                HAL_DMA_IRQHandler
 .text.HAL_DMA_GetState
                0x0000000008003ca8       0x1c /home/ruhung/4axis/4AXIS/4ax/build/stm32f4xx_hal_dma.o
                0x0000000008003ca8                HAL_DMA_GetState
 .text.DMA_SetConfig
                0x0000000008003cc4       0x5c /home/ruhung/4axis/4AXIS/4ax/build/stm32f4xx_hal_dma.o
 .text.DMA_CalcBaseAndBitshift
                0x0000000008003d20       0x6c /home/ruhung/4axis/4AXIS/4ax/build/stm32f4xx_hal_dma.o
 .text.DMA_CheckFifoParam
                0x0000000008003d8c       0xf8 /home/ruhung/4axis/4AXIS/4ax/build/stm32f4xx_hal_dma.o
 .text.HAL_GPIO_Init
                0x0000000008003e84      0x338 /home/ruhung/4axis/4AXIS/4ax/build/stm32f4xx_hal_gpio.o
                0x0000000008003e84                HAL_GPIO_Init
 .text.HAL_GPIO_WritePin
                0x00000000080041bc       0x32 /home/ruhung/4axis/4AXIS/4ax/build/stm32f4xx_hal_gpio.o
                0x00000000080041bc                HAL_GPIO_WritePin
 .text.HAL_TIM_Base_Init
                0x00000000080041ee       0x9e /home/ruhung/4axis/4AXIS/4ax/build/stm32f4xx_hal_tim.o
                0x00000000080041ee                HAL_TIM_Base_Init
 .text.HAL_TIM_PWM_Init
                0x000000000800428c       0x9e /home/ruhung/4axis/4AXIS/4ax/build/stm32f4xx_hal_tim.o
                0x000000000800428c                HAL_TIM_PWM_Init
 .text.HAL_TIM_PWM_MspInit
                0x000000000800432a       0x14 /home/ruhung/4axis/4AXIS/4ax/build/stm32f4xx_hal_tim.o
                0x000000000800432a                HAL_TIM_PWM_MspInit
 *fill*         0x000000000800433e        0x2 
 .text.HAL_TIM_PWM_Start
                0x0000000008004340      0x190 /home/ruhung/4axis/4AXIS/4ax/build/stm32f4xx_hal_tim.o
                0x0000000008004340                HAL_TIM_PWM_Start
 .text.HAL_TIM_PWM_ConfigChannel
                0x00000000080044d0      0x17c /home/ruhung/4axis/4AXIS/4ax/build/stm32f4xx_hal_tim.o
                0x00000000080044d0                HAL_TIM_PWM_ConfigChannel
 .text.HAL_TIM_ConfigClockSource
                0x000000000800464c      0x188 /home/ruhung/4axis/4AXIS/4ax/build/stm32f4xx_hal_tim.o
                0x000000000800464c                HAL_TIM_ConfigClockSource
 .text.TIM_Base_SetConfig
                0x00000000080047d4      0x140 /home/ruhung/4axis/4AXIS/4ax/build/stm32f4xx_hal_tim.o
                0x00000000080047d4                TIM_Base_SetConfig
 .text.TIM_OC1_SetConfig
                0x0000000008004914       0xe0 /home/ruhung/4axis/4AXIS/4ax/build/stm32f4xx_hal_tim.o
 .text.TIM_OC2_SetConfig
                0x00000000080049f4       0xec /home/ruhung/4axis/4AXIS/4ax/build/stm32f4xx_hal_tim.o
                0x00000000080049f4                TIM_OC2_SetConfig
 .text.TIM_OC3_SetConfig
                0x0000000008004ae0       0xe8 /home/ruhung/4axis/4AXIS/4ax/build/stm32f4xx_hal_tim.o
 .text.TIM_OC4_SetConfig
                0x0000000008004bc8       0xac /home/ruhung/4axis/4AXIS/4ax/build/stm32f4xx_hal_tim.o
 .text.TIM_TI1_ConfigInputStage
                0x0000000008004c74       0x5e /home/ruhung/4axis/4AXIS/4ax/build/stm32f4xx_hal_tim.o
 .text.TIM_TI2_ConfigInputStage
                0x0000000008004cd2       0x60 /home/ruhung/4axis/4AXIS/4ax/build/stm32f4xx_hal_tim.o
 .text.TIM_ITRx_SetConfig
                0x0000000008004d32       0x36 /home/ruhung/4axis/4AXIS/4ax/build/stm32f4xx_hal_tim.o
 .text.TIM_ETR_SetConfig
                0x0000000008004d68       0x40 /home/ruhung/4axis/4AXIS/4ax/build/stm32f4xx_hal_tim.o
                0x0000000008004d68                TIM_ETR_SetConfig
 .text.TIM_CCxChannelCmd
                0x0000000008004da8       0x4a /home/ruhung/4axis/4AXIS/4ax/build/stm32f4xx_hal_tim.o
                0x0000000008004da8                TIM_CCxChannelCmd
 *fill*         0x0000000008004df2        0x2 
 .text.HAL_TIMEx_MasterConfigSynchronization
                0x0000000008004df4       0xf8 /home/ruhung/4axis/4AXIS/4ax/build/stm32f4xx_hal_tim_ex.o
                0x0000000008004df4                HAL_TIMEx_MasterConfigSynchronization
 .text.HAL_UART_Init
                0x0000000008004eec       0x9a /home/ruhung/4axis/4AXIS/4ax/build/stm32f4xx_hal_uart.o
                0x0000000008004eec                HAL_UART_Init
 .text.HAL_UART_Transmit
                0x0000000008004f86      0x124 /home/ruhung/4axis/4AXIS/4ax/build/stm32f4xx_hal_uart.o
                0x0000000008004f86                HAL_UART_Transmit
 .text.HAL_UART_Receive_DMA
                0x00000000080050aa       0x60 /home/ruhung/4axis/4AXIS/4ax/build/stm32f4xx_hal_uart.o
                0x00000000080050aa                HAL_UART_Receive_DMA
 .text.HAL_UART_DMAStop
                0x000000000800510a       0xb6 /home/ruhung/4axis/4AXIS/4ax/build/stm32f4xx_hal_uart.o
                0x000000000800510a                HAL_UART_DMAStop
 .text.HAL_UART_IRQHandler
                0x00000000080051c0      0x358 /home/ruhung/4axis/4AXIS/4ax/build/stm32f4xx_hal_uart.o
                0x00000000080051c0                HAL_UART_IRQHandler
 .text.HAL_UART_TxCpltCallback
                0x0000000008005518       0x14 /home/ruhung/4axis/4AXIS/4ax/build/stm32f4xx_hal_uart.o
                0x0000000008005518                HAL_UART_TxCpltCallback
 .text.HAL_UART_RxCpltCallback
                0x000000000800552c       0x14 /home/ruhung/4axis/4AXIS/4ax/build/stm32f4xx_hal_uart.o
                0x000000000800552c                HAL_UART_RxCpltCallback
 .text.HAL_UART_RxHalfCpltCallback
                0x0000000008005540       0x14 /home/ruhung/4axis/4AXIS/4ax/build/stm32f4xx_hal_uart.o
                0x0000000008005540                HAL_UART_RxHalfCpltCallback
 .text.HAL_UART_ErrorCallback
                0x0000000008005554       0x14 /home/ruhung/4axis/4AXIS/4ax/build/stm32f4xx_hal_uart.o
                0x0000000008005554                HAL_UART_ErrorCallback
 .text.HAL_UARTEx_RxEventCallback
                0x0000000008005568       0x18 /home/ruhung/4axis/4AXIS/4ax/build/stm32f4xx_hal_uart.o
                0x0000000008005568                HAL_UARTEx_RxEventCallback
 .text.UART_DMAReceiveCplt
                0x0000000008005580       0x96 /home/ruhung/4axis/4AXIS/4ax/build/stm32f4xx_hal_uart.o
 .text.UART_DMARxHalfCplt
                0x0000000008005616       0x36 /home/ruhung/4axis/4AXIS/4ax/build/stm32f4xx_hal_uart.o
 .text.UART_DMAError
                0x000000000800564c       0x94 /home/ruhung/4axis/4AXIS/4ax/build/stm32f4xx_hal_uart.o
 .text.UART_WaitOnFlagUntilTimeout
                0x00000000080056e0       0x94 /home/ruhung/4axis/4AXIS/4ax/build/stm32f4xx_hal_uart.o
 .text.UART_Start_Receive_DMA
                0x0000000008005774       0xc8 /home/ruhung/4axis/4AXIS/4ax/build/stm32f4xx_hal_uart.o
                0x0000000008005774                UART_Start_Receive_DMA
 .text.UART_EndTxTransfer
                0x000000000800583c       0x2c /home/ruhung/4axis/4AXIS/4ax/build/stm32f4xx_hal_uart.o
 .text.UART_EndRxTransfer
                0x0000000008005868       0x5a /home/ruhung/4axis/4AXIS/4ax/build/stm32f4xx_hal_uart.o
 .text.UART_DMAAbortOnError
                0x00000000080058c2       0x28 /home/ruhung/4axis/4AXIS/4ax/build/stm32f4xx_hal_uart.o
 .text.UART_Transmit_IT
                0x00000000080058ea       0xa0 /home/ruhung/4axis/4AXIS/4ax/build/stm32f4xx_hal_uart.o
 .text.UART_EndTransmit_IT
                0x000000000800598a       0x30 /home/ruhung/4axis/4AXIS/4ax/build/stm32f4xx_hal_uart.o
 .text.UART_Receive_IT
                0x00000000080059ba      0x12e /home/ruhung/4axis/4AXIS/4ax/build/stm32f4xx_hal_uart.o
 .text.UART_SetConfig
                0x0000000008005ae8      0x4e8 /home/ruhung/4axis/4AXIS/4ax/build/stm32f4xx_hal_uart.o
 .text.HAL_I2C_Init
                0x0000000008005fd0      0x288 /home/ruhung/4axis/4AXIS/4ax/build/stm32f4xx_hal_i2c.o
                0x0000000008005fd0                HAL_I2C_Init
 .text.HAL_I2C_Mem_Write
                0x0000000008006258      0x1f4 /home/ruhung/4axis/4AXIS/4ax/build/stm32f4xx_hal_i2c.o
                0x0000000008006258                HAL_I2C_Mem_Write
 .text.HAL_I2C_Mem_Read
                0x000000000800644c      0x44c /home/ruhung/4axis/4AXIS/4ax/build/stm32f4xx_hal_i2c.o
                0x000000000800644c                HAL_I2C_Mem_Read
 .text.HAL_I2C_EV_IRQHandler
                0x0000000008006898      0x2da /home/ruhung/4axis/4AXIS/4ax/build/stm32f4xx_hal_i2c.o
                0x0000000008006898                HAL_I2C_EV_IRQHandler
 .text.HAL_I2C_MasterTxCpltCallback
                0x0000000008006b72       0x14 /home/ruhung/4axis/4AXIS/4ax/build/stm32f4xx_hal_i2c.o
                0x0000000008006b72                HAL_I2C_MasterTxCpltCallback
 .text.HAL_I2C_MasterRxCpltCallback
                0x0000000008006b86       0x14 /home/ruhung/4axis/4AXIS/4ax/build/stm32f4xx_hal_i2c.o
                0x0000000008006b86                HAL_I2C_MasterRxCpltCallback
 .text.HAL_I2C_SlaveTxCpltCallback
                0x0000000008006b9a       0x14 /home/ruhung/4axis/4AXIS/4ax/build/stm32f4xx_hal_i2c.o
                0x0000000008006b9a                HAL_I2C_SlaveTxCpltCallback
 .text.HAL_I2C_SlaveRxCpltCallback
                0x0000000008006bae       0x14 /home/ruhung/4axis/4AXIS/4ax/build/stm32f4xx_hal_i2c.o
                0x0000000008006bae                HAL_I2C_SlaveRxCpltCallback
 .text.HAL_I2C_AddrCallback
                0x0000000008006bc2       0x1c /home/ruhung/4axis/4AXIS/4ax/build/stm32f4xx_hal_i2c.o
                0x0000000008006bc2                HAL_I2C_AddrCallback
 .text.HAL_I2C_ListenCpltCallback
                0x0000000008006bde       0x14 /home/ruhung/4axis/4AXIS/4ax/build/stm32f4xx_hal_i2c.o
                0x0000000008006bde                HAL_I2C_ListenCpltCallback
 .text.HAL_I2C_MemTxCpltCallback
                0x0000000008006bf2       0x14 /home/ruhung/4axis/4AXIS/4ax/build/stm32f4xx_hal_i2c.o
                0x0000000008006bf2                HAL_I2C_MemTxCpltCallback
 .text.HAL_I2C_MemRxCpltCallback
                0x0000000008006c06       0x14 /home/ruhung/4axis/4AXIS/4ax/build/stm32f4xx_hal_i2c.o
                0x0000000008006c06                HAL_I2C_MemRxCpltCallback
 .text.HAL_I2C_ErrorCallback
                0x0000000008006c1a       0x14 /home/ruhung/4axis/4AXIS/4ax/build/stm32f4xx_hal_i2c.o
                0x0000000008006c1a                HAL_I2C_ErrorCallback
 .text.HAL_I2C_AbortCpltCallback
                0x0000000008006c2e       0x14 /home/ruhung/4axis/4AXIS/4ax/build/stm32f4xx_hal_i2c.o
                0x0000000008006c2e                HAL_I2C_AbortCpltCallback
 .text.I2C_MasterTransmit_TXE
                0x0000000008006c42      0x138 /home/ruhung/4axis/4AXIS/4ax/build/stm32f4xx_hal_i2c.o
 .text.I2C_MasterTransmit_BTF
                0x0000000008006d7a       0xd0 /home/ruhung/4axis/4AXIS/4ax/build/stm32f4xx_hal_i2c.o
 .text.I2C_MemoryTransmit_TXE_BTF
                0x0000000008006e4a      0x11e /home/ruhung/4axis/4AXIS/4ax/build/stm32f4xx_hal_i2c.o
 .text.I2C_MasterReceive_RXNE
                0x0000000008006f68      0x162 /home/ruhung/4axis/4AXIS/4ax/build/stm32f4xx_hal_i2c.o
 .text.I2C_MasterReceive_BTF
                0x00000000080070ca      0x1d4 /home/ruhung/4axis/4AXIS/4ax/build/stm32f4xx_hal_i2c.o
 .text.I2C_Master_SB
                0x000000000800729e      0x10c /home/ruhung/4axis/4AXIS/4ax/build/stm32f4xx_hal_i2c.o
 .text.I2C_Master_ADD10
                0x00000000080073aa       0x54 /home/ruhung/4axis/4AXIS/4ax/build/stm32f4xx_hal_i2c.o
 .text.I2C_Master_ADDR
                0x00000000080073fe      0x322 /home/ruhung/4axis/4AXIS/4ax/build/stm32f4xx_hal_i2c.o
 .text.I2C_SlaveTransmit_TXE
                0x0000000008007720       0x7a /home/ruhung/4axis/4AXIS/4ax/build/stm32f4xx_hal_i2c.o
 .text.I2C_SlaveTransmit_BTF
                0x000000000800779a       0x42 /home/ruhung/4axis/4AXIS/4ax/build/stm32f4xx_hal_i2c.o
 .text.I2C_SlaveReceive_RXNE
                0x00000000080077dc       0x7c /home/ruhung/4axis/4AXIS/4ax/build/stm32f4xx_hal_i2c.o
 .text.I2C_SlaveReceive_BTF
                0x0000000008007858       0x44 /home/ruhung/4axis/4AXIS/4ax/build/stm32f4xx_hal_i2c.o
 .text.I2C_Slave_ADDR
                0x000000000800789c       0x88 /home/ruhung/4axis/4AXIS/4ax/build/stm32f4xx_hal_i2c.o
 .text.I2C_Slave_STOPF
                0x0000000008007924      0x260 /home/ruhung/4axis/4AXIS/4ax/build/stm32f4xx_hal_i2c.o
 .text.I2C_ITError
                0x0000000008007b84      0x264 /home/ruhung/4axis/4AXIS/4ax/build/stm32f4xx_hal_i2c.o
 .text.I2C_RequestMemoryWrite
                0x0000000008007de8      0x12c /home/ruhung/4axis/4AXIS/4ax/build/stm32f4xx_hal_i2c.o
 .text.I2C_RequestMemoryRead
                0x0000000008007f14      0x1d0 /home/ruhung/4axis/4AXIS/4ax/build/stm32f4xx_hal_i2c.o
 .text.I2C_DMAAbort
                0x00000000080080e4      0x150 /home/ruhung/4axis/4AXIS/4ax/build/stm32f4xx_hal_i2c.o
 .text.I2C_WaitOnFlagUntilTimeout
                0x0000000008008234       0xae /home/ruhung/4axis/4AXIS/4ax/build/stm32f4xx_hal_i2c.o
 .text.I2C_WaitOnMasterAddressFlagUntilTimeout
                0x00000000080082e2       0xfe /home/ruhung/4axis/4AXIS/4ax/build/stm32f4xx_hal_i2c.o
 .text.I2C_WaitOnTXEFlagUntilTimeout
                0x00000000080083e0       0x82 /home/ruhung/4axis/4AXIS/4ax/build/stm32f4xx_hal_i2c.o
 .text.I2C_WaitOnBTFFlagUntilTimeout
                0x0000000008008462       0x82 /home/ruhung/4axis/4AXIS/4ax/build/stm32f4xx_hal_i2c.o
 .text.I2C_WaitOnSTOPRequestThroughIT
                0x00000000080084e4       0x64 /home/ruhung/4axis/4AXIS/4ax/build/stm32f4xx_hal_i2c.o
 .text.I2C_WaitOnRXNEFlagUntilTimeout
                0x0000000008008548       0xac /home/ruhung/4axis/4AXIS/4ax/build/stm32f4xx_hal_i2c.o
 .text.I2C_IsAcknowledgeFailed
                0x00000000080085f4       0x5e /home/ruhung/4axis/4AXIS/4ax/build/stm32f4xx_hal_i2c.o
 .text.I2C_ConvertOtherXferOptions
                0x0000000008008652       0x36 /home/ruhung/4axis/4AXIS/4ax/build/stm32f4xx_hal_i2c.o
 .text.HAL_SPI_Init
                0x0000000008008688      0x112 /home/ruhung/4axis/4AXIS/4ax/build/stm32f4xx_hal_spi.o
                0x0000000008008688                HAL_SPI_Init
 *fill*         0x000000000800879a        0x2 
 .text.i2c_write
                0x000000000800879c       0x44 /home/ruhung/4axis/4AXIS/4ax/build/I2C.o
                0x000000000800879c                i2c_write
 .text.i2c_read
                0x00000000080087e0       0x44 /home/ruhung/4axis/4AXIS/4ax/build/I2C.o
                0x00000000080087e0                i2c_read
 .text.IICwriteBit
                0x0000000008008824       0x7a /home/ruhung/4axis/4AXIS/4ax/build/I2C.o
                0x0000000008008824                IICwriteBit
 .text.IICwriteBits
                0x000000000800889e       0x90 /home/ruhung/4axis/4AXIS/4ax/build/I2C.o
                0x000000000800889e                IICwriteBits
 .text.reg_int_cb
                0x000000000800892e       0x16 /home/ruhung/4axis/4AXIS/4ax/build/inv_mpu.o
 .text.set_int_enable
                0x0000000008008944       0xb4 /home/ruhung/4axis/4AXIS/4ax/build/inv_mpu.o
 .text.mpu_init
                0x00000000080089f8      0x21c /home/ruhung/4axis/4AXIS/4ax/build/inv_mpu.o
                0x00000000080089f8                mpu_init
 .text.mpu_lp_accel_mode
                0x0000000008008c14       0xf8 /home/ruhung/4axis/4AXIS/4ax/build/inv_mpu.o
                0x0000000008008c14                mpu_lp_accel_mode
 .text.mpu_reset_fifo
                0x0000000008008d0c      0x208 /home/ruhung/4axis/4AXIS/4ax/build/inv_mpu.o
                0x0000000008008d0c                mpu_reset_fifo
 .text.mpu_get_gyro_fsr
                0x0000000008008f14       0x68 /home/ruhung/4axis/4AXIS/4ax/build/inv_mpu.o
                0x0000000008008f14                mpu_get_gyro_fsr
 .text.mpu_set_gyro_fsr
                0x0000000008008f7c       0xa8 /home/ruhung/4axis/4AXIS/4ax/build/inv_mpu.o
                0x0000000008008f7c                mpu_set_gyro_fsr
 .text.mpu_get_accel_fsr
                0x0000000008009024       0x74 /home/ruhung/4axis/4AXIS/4ax/build/inv_mpu.o
                0x0000000008009024                mpu_get_accel_fsr
 .text.mpu_set_accel_fsr
                0x0000000008009098       0xd0 /home/ruhung/4axis/4AXIS/4ax/build/inv_mpu.o
                0x0000000008009098                mpu_set_accel_fsr
 .text.mpu_get_lpf
                0x0000000008009168       0x7c /home/ruhung/4axis/4AXIS/4ax/build/inv_mpu.o
                0x0000000008009168                mpu_get_lpf
 .text.mpu_set_lpf
                0x00000000080091e4       0x9c /home/ruhung/4axis/4AXIS/4ax/build/inv_mpu.o
                0x00000000080091e4                mpu_set_lpf
 .text.mpu_get_sample_rate
                0x0000000008009280       0x34 /home/ruhung/4axis/4AXIS/4ax/build/inv_mpu.o
                0x0000000008009280                mpu_get_sample_rate
 .text.mpu_set_sample_rate
                0x00000000080092b4       0xcc /home/ruhung/4axis/4AXIS/4ax/build/inv_mpu.o
                0x00000000080092b4                mpu_set_sample_rate
 .text.mpu_get_gyro_sens
                0x0000000008009380       0x70 /home/ruhung/4axis/4AXIS/4ax/build/inv_mpu.o
                0x0000000008009380                mpu_get_gyro_sens
 .text.mpu_get_accel_sens
                0x00000000080093f0       0x7c /home/ruhung/4axis/4AXIS/4ax/build/inv_mpu.o
                0x00000000080093f0                mpu_get_accel_sens
 .text.mpu_get_fifo_config
                0x000000000800946c       0x24 /home/ruhung/4axis/4AXIS/4ax/build/inv_mpu.o
                0x000000000800946c                mpu_get_fifo_config
 .text.mpu_configure_fifo
                0x0000000008009490       0xa4 /home/ruhung/4axis/4AXIS/4ax/build/inv_mpu.o
                0x0000000008009490                mpu_configure_fifo
 .text.mpu_set_sensors
                0x0000000008009534      0x10c /home/ruhung/4axis/4AXIS/4ax/build/inv_mpu.o
                0x0000000008009534                mpu_set_sensors
 .text.mpu_read_fifo_stream
                0x0000000008009640       0xfc /home/ruhung/4axis/4AXIS/4ax/build/inv_mpu.o
                0x0000000008009640                mpu_read_fifo_stream
 .text.mpu_set_bypass
                0x000000000800973c      0x18c /home/ruhung/4axis/4AXIS/4ax/build/inv_mpu.o
                0x000000000800973c                mpu_set_bypass
 .text.mpu_set_int_latched
                0x00000000080098c8       0x88 /home/ruhung/4axis/4AXIS/4ax/build/inv_mpu.o
                0x00000000080098c8                mpu_set_int_latched
 .text.get_accel_prod_shift
                0x0000000008009950      0x120 /home/ruhung/4axis/4AXIS/4ax/build/inv_mpu.o
 .text.accel_self_test
                0x0000000008009a70      0x10c /home/ruhung/4axis/4AXIS/4ax/build/inv_mpu.o
 .text.gyro_self_test
                0x0000000008009b7c      0x180 /home/ruhung/4axis/4AXIS/4ax/build/inv_mpu.o
 .text.get_st_biases
                0x0000000008009cfc      0x6e8 /home/ruhung/4axis/4AXIS/4ax/build/inv_mpu.o
 .text.mpu_run_self_test
                0x000000000800a3e4      0x1b8 /home/ruhung/4axis/4AXIS/4ax/build/inv_mpu.o
                0x000000000800a3e4                mpu_run_self_test
 .text.mpu_write_mem
                0x000000000800a59c       0xa4 /home/ruhung/4axis/4AXIS/4ax/build/inv_mpu.o
                0x000000000800a59c                mpu_write_mem
 .text.mpu_read_mem
                0x000000000800a640       0xa4 /home/ruhung/4axis/4AXIS/4ax/build/inv_mpu.o
                0x000000000800a640                mpu_read_mem
 .text.mpu_load_firmware
                0x000000000800a6e4       0xfc /home/ruhung/4axis/4AXIS/4ax/build/inv_mpu.o
                0x000000000800a6e4                mpu_load_firmware
 .text.mpu_set_dmp_state
                0x000000000800a7e0       0xa8 /home/ruhung/4axis/4AXIS/4ax/build/inv_mpu.o
                0x000000000800a7e0                mpu_set_dmp_state
 .text.dmp_load_motion_driver_firmware
                0x000000000800a888       0x20 /home/ruhung/4axis/4AXIS/4ax/build/inv_mpu_dmp_motion_driver.o
                0x000000000800a888                dmp_load_motion_driver_firmware
 .text.dmp_set_orientation
                0x000000000800a8a8      0x1e4 /home/ruhung/4axis/4AXIS/4ax/build/inv_mpu_dmp_motion_driver.o
                0x000000000800a8a8                dmp_set_orientation
 .text.dmp_set_gyro_bias
                0x000000000800aa8c      0x214 /home/ruhung/4axis/4AXIS/4ax/build/inv_mpu_dmp_motion_driver.o
                0x000000000800aa8c                dmp_set_gyro_bias
 .text.dmp_set_accel_bias
                0x000000000800aca0      0x204 /home/ruhung/4axis/4AXIS/4ax/build/inv_mpu_dmp_motion_driver.o
                0x000000000800aca0                dmp_set_accel_bias
 .text.dmp_set_fifo_rate
                0x000000000800aea4       0x90 /home/ruhung/4axis/4AXIS/4ax/build/inv_mpu_dmp_motion_driver.o
                0x000000000800aea4                dmp_set_fifo_rate
 .text.dmp_set_tap_thresh
                0x000000000800af34      0x26c /home/ruhung/4axis/4AXIS/4ax/build/inv_mpu_dmp_motion_driver.o
                0x000000000800af34                dmp_set_tap_thresh
 .text.dmp_set_tap_axes
                0x000000000800b1a0       0x64 /home/ruhung/4axis/4AXIS/4ax/build/inv_mpu_dmp_motion_driver.o
                0x000000000800b1a0                dmp_set_tap_axes
 .text.dmp_set_tap_count
                0x000000000800b204       0x42 /home/ruhung/4axis/4AXIS/4ax/build/inv_mpu_dmp_motion_driver.o
                0x000000000800b204                dmp_set_tap_count
 *fill*         0x000000000800b246        0x2 
 .text.dmp_set_tap_time
                0x000000000800b248       0x44 /home/ruhung/4axis/4AXIS/4ax/build/inv_mpu_dmp_motion_driver.o
                0x000000000800b248                dmp_set_tap_time
 .text.dmp_set_tap_time_multi
                0x000000000800b28c       0x44 /home/ruhung/4axis/4AXIS/4ax/build/inv_mpu_dmp_motion_driver.o
                0x000000000800b28c                dmp_set_tap_time_multi
 .text.dmp_set_shake_reject_thresh
                0x000000000800b2d0       0x60 /home/ruhung/4axis/4AXIS/4ax/build/inv_mpu_dmp_motion_driver.o
                0x000000000800b2d0                dmp_set_shake_reject_thresh
 .text.dmp_set_shake_reject_time
                0x000000000800b330       0x44 /home/ruhung/4axis/4AXIS/4ax/build/inv_mpu_dmp_motion_driver.o
                0x000000000800b330                dmp_set_shake_reject_time
 .text.dmp_set_shake_reject_timeout
                0x000000000800b374       0x44 /home/ruhung/4axis/4AXIS/4ax/build/inv_mpu_dmp_motion_driver.o
                0x000000000800b374                dmp_set_shake_reject_timeout
 .text.dmp_enable_feature
                0x000000000800b3b8      0x250 /home/ruhung/4axis/4AXIS/4ax/build/inv_mpu_dmp_motion_driver.o
                0x000000000800b3b8                dmp_enable_feature
 .text.dmp_enable_gyro_cal
                0x000000000800b608       0x60 /home/ruhung/4axis/4AXIS/4ax/build/inv_mpu_dmp_motion_driver.o
                0x000000000800b608                dmp_enable_gyro_cal
 .text.dmp_enable_lp_quat
                0x000000000800b668       0x4e /home/ruhung/4axis/4AXIS/4ax/build/inv_mpu_dmp_motion_driver.o
                0x000000000800b668                dmp_enable_lp_quat
 .text.dmp_enable_6x_lp_quat
                0x000000000800b6b6       0x4e /home/ruhung/4axis/4AXIS/4ax/build/inv_mpu_dmp_motion_driver.o
                0x000000000800b6b6                dmp_enable_6x_lp_quat
 .text.decode_gesture
                0x000000000800b704       0x88 /home/ruhung/4axis/4AXIS/4ax/build/inv_mpu_dmp_motion_driver.o
 .text.dmp_read_fifo
                0x000000000800b78c      0x2f4 /home/ruhung/4axis/4AXIS/4ax/build/inv_mpu_dmp_motion_driver.o
                0x000000000800b78c                dmp_read_fifo
 .text.ToEulerAngles
                0x000000000800ba80      0x244 /home/ruhung/4axis/4AXIS/4ax/build/mpu6050.o
                0x000000000800ba80                ToEulerAngles
 .text.inv_row_2_scale
                0x000000000800bcc4       0x82 /home/ruhung/4axis/4AXIS/4ax/build/mpu6050.o
 .text.inv_orientation_matrix_to_scalar
                0x000000000800bd46       0x50 /home/ruhung/4axis/4AXIS/4ax/build/mpu6050.o
 .text.run_self_test
                0x000000000800bd96       0xbe /home/ruhung/4axis/4AXIS/4ax/build/mpu6050.o
 .text.MPU6050_setClockSource
                0x000000000800be54       0x22 /home/ruhung/4axis/4AXIS/4ax/build/mpu6050.o
                0x000000000800be54                MPU6050_setClockSource
 .text.MPU6050_setFullScaleGyroRange
                0x000000000800be76       0x22 /home/ruhung/4axis/4AXIS/4ax/build/mpu6050.o
                0x000000000800be76                MPU6050_setFullScaleGyroRange
 .text.MPU6050_setFullScaleAccelRange
                0x000000000800be98       0x22 /home/ruhung/4axis/4AXIS/4ax/build/mpu6050.o
                0x000000000800be98                MPU6050_setFullScaleAccelRange
 .text.MPU6050_setSleepEnabled
                0x000000000800beba       0x1e /home/ruhung/4axis/4AXIS/4ax/build/mpu6050.o
                0x000000000800beba                MPU6050_setSleepEnabled
 .text.MPU6050_getDeviceID
                0x000000000800bed8       0x28 /home/ruhung/4axis/4AXIS/4ax/build/mpu6050.o
                0x000000000800bed8                MPU6050_getDeviceID
 .text.MPU6050_setI2CMasterModeEnabled
                0x000000000800bf00       0x1e /home/ruhung/4axis/4AXIS/4ax/build/mpu6050.o
                0x000000000800bf00                MPU6050_setI2CMasterModeEnabled
 .text.MPU6050_setI2CBypassEnabled
                0x000000000800bf1e       0x1e /home/ruhung/4axis/4AXIS/4ax/build/mpu6050.o
                0x000000000800bf1e                MPU6050_setI2CBypassEnabled
 .text.MPU6050_initialize
                0x000000000800bf3c       0x2c /home/ruhung/4axis/4AXIS/4ax/build/mpu6050.o
                0x000000000800bf3c                MPU6050_initialize
 .text.DMP_Init
                0x000000000800bf68       0xe4 /home/ruhung/4axis/4AXIS/4ax/build/mpu6050.o
                0x000000000800bf68                DMP_Init
 *fill*         0x000000000800c04c        0x4 
 .text.Read_DMP
                0x000000000800c050      0x124 /home/ruhung/4axis/4AXIS/4ax/build/mpu6050.o
                0x000000000800c050                Read_DMP
 .text.ESP_Init
                0x000000000800c174       0xcc /home/ruhung/4axis/4AXIS/4ax/build/esp.o
                0x000000000800c174                ESP_Init
 .text.ESP_Send
                0x000000000800c240       0x8c /home/ruhung/4axis/4AXIS/4ax/build/esp.o
                0x000000000800c240                ESP_Send
 .text.vTaskSwitchContext
                0x000000000800c2cc      0x100 /home/ruhung/4axis/4AXIS/4ax/build/tasks.o
                0x000000000800c2cc                vTaskSwitchContext
 *fill*         0x000000000800c3cc        0x4 
 .text.SVC_Handler
                0x000000000800c3d0       0x28 /home/ruhung/4axis/4AXIS/4ax/build/port.o
                0x000000000800c3d0                SVC_Handler
 *fill*         0x000000000800c3f8        0x8 
 .text.PendSV_Handler
                0x000000000800c400       0x68 /home/ruhung/4axis/4AXIS/4ax/build/port.o
                0x000000000800c400                PendSV_Handler
 .text.Reset_Handler
                0x000000000800c468       0x50 /home/ruhung/4axis/4AXIS/4ax/build/startup_stm32f407vetx.o
                0x000000000800c468                Reset_Handler
 .text.Default_Handler
                0x000000000800c4b8        0x2 /home/ruhung/4axis/4AXIS/4ax/build/startup_stm32f407vetx.o
                0x000000000800c4b8                RTC_Alarm_IRQHandler
                0x000000000800c4b8                HASH_RNG_IRQHandler
                0x000000000800c4b8                EXTI2_IRQHandler
                0x000000000800c4b8                TIM8_CC_IRQHandler
                0x000000000800c4b8                DebugMon_Handler
                0x000000000800c4b8                TIM1_CC_IRQHandler
                0x000000000800c4b8                DMA2_Stream5_IRQHandler
                0x000000000800c4b8                HardFault_Handler
                0x000000000800c4b8                PVD_IRQHandler
                0x000000000800c4b8                SDIO_IRQHandler
                0x000000000800c4b8                TAMP_STAMP_IRQHandler
                0x000000000800c4b8                NMI_Handler
                0x000000000800c4b8                CAN2_RX1_IRQHandler
                0x000000000800c4b8                EXTI3_IRQHandler
                0x000000000800c4b8                TIM8_TRG_COM_TIM14_IRQHandler
                0x000000000800c4b8                TIM1_UP_TIM10_IRQHandler
                0x000000000800c4b8                TIM8_UP_TIM13_IRQHandler
                0x000000000800c4b8                I2C3_ER_IRQHandler
                0x000000000800c4b8                EXTI0_IRQHandler
                0x000000000800c4b8                I2C2_EV_IRQHandler
                0x000000000800c4b8                DMA1_Stream2_IRQHandler
                0x000000000800c4b8                CAN1_RX0_IRQHandler
                0x000000000800c4b8                FPU_IRQHandler
                0x000000000800c4b8                OTG_HS_WKUP_IRQHandler
                0x000000000800c4b8                UsageFault_Handler
                0x000000000800c4b8                CAN2_SCE_IRQHandler
                0x000000000800c4b8                SPI1_IRQHandler
                0x000000000800c4b8                TIM6_DAC_IRQHandler
                0x000000000800c4b8                TIM1_BRK_TIM9_IRQHandler
                0x000000000800c4b8                DCMI_IRQHandler
                0x000000000800c4b8                CAN2_RX0_IRQHandler
                0x000000000800c4b8                DMA2_Stream3_IRQHandler
                0x000000000800c4b8                USART6_IRQHandler
                0x000000000800c4b8                USART3_IRQHandler
                0x000000000800c4b8                CAN1_RX1_IRQHandler
                0x000000000800c4b8                UART5_IRQHandler
                0x000000000800c4b8                DMA2_Stream0_IRQHandler
                0x000000000800c4b8                TIM4_IRQHandler
                0x000000000800c4b8                DMA1_Stream6_IRQHandler
                0x000000000800c4b8                DMA1_Stream1_IRQHandler
                0x000000000800c4b8                UART4_IRQHandler
                0x000000000800c4b8                TIM3_IRQHandler
                0x000000000800c4b8                RCC_IRQHandler
                0x000000000800c4b8                TIM8_BRK_TIM12_IRQHandler
                0x000000000800c4b8                Default_Handler
                0x000000000800c4b8                EXTI15_10_IRQHandler
                0x000000000800c4b8                ADC_IRQHandler
                0x000000000800c4b8                DMA1_Stream7_IRQHandler
                0x000000000800c4b8                TIM7_IRQHandler
                0x000000000800c4b8                CAN2_TX_IRQHandler
                0x000000000800c4b8                TIM5_IRQHandler
                0x000000000800c4b8                DMA2_Stream7_IRQHandler
                0x000000000800c4b8                I2C3_EV_IRQHandler
                0x000000000800c4b8                EXTI9_5_IRQHandler
                0x000000000800c4b8                RTC_WKUP_IRQHandler
                0x000000000800c4b8                ETH_WKUP_IRQHandler
                0x000000000800c4b8                SPI2_IRQHandler
                0x000000000800c4b8                OTG_HS_EP1_IN_IRQHandler
                0x000000000800c4b8                MemManage_Handler
                0x000000000800c4b8                DMA1_Stream0_IRQHandler
                0x000000000800c4b8                CAN1_TX_IRQHandler
                0x000000000800c4b8                EXTI4_IRQHandler
                0x000000000800c4b8                FSMC_IRQHandler
                0x000000000800c4b8                ETH_IRQHandler
                0x000000000800c4b8                OTG_HS_EP1_OUT_IRQHandler
                0x000000000800c4b8                WWDG_IRQHandler
                0x000000000800c4b8                TIM2_IRQHandler
                0x000000000800c4b8                OTG_FS_WKUP_IRQHandler
                0x000000000800c4b8                TIM1_TRG_COM_TIM11_IRQHandler
                0x000000000800c4b8                OTG_HS_IRQHandler
                0x000000000800c4b8                EXTI1_IRQHandler
                0x000000000800c4b8                I2C2_ER_IRQHandler
                0x000000000800c4b8                DMA2_Stream1_IRQHandler
                0x000000000800c4b8                CAN1_SCE_IRQHandler
                0x000000000800c4b8                FLASH_IRQHandler
                0x000000000800c4b8                DMA2_Stream4_IRQHandler
                0x000000000800c4b8                BusFault_Handler
                0x000000000800c4b8                OTG_FS_IRQHandler
                0x000000000800c4b8                SPI3_IRQHandler
                0x000000000800c4b8                DMA1_Stream4_IRQHandler
                0x000000000800c4b8                I2C1_ER_IRQHandler
                0x000000000800c4b8                DMA2_Stream6_IRQHandler
                0x000000000800c4b8                DMA1_Stream3_IRQHandler
 *fill*         0x000000000800c4ba        0x2 
 .text.copysign
                0x000000000800c4bc       0x20 /usr/share/gcc-arm-none-eabi-10-2020-q4-major/bin/../lib/gcc/arm-none-eabi/10.2.1/../../../../arm-none-eabi/lib/thumb/v7e-m+fp/hard/libm.a(lib_a-s_copysign.o)
                0x000000000800c4bc                copysign
 .text.sinf     0x000000000800c4dc       0x74 /usr/share/gcc-arm-none-eabi-10-2020-q4-major/bin/../lib/gcc/arm-none-eabi/10.2.1/../../../../arm-none-eabi/lib/thumb/v7e-m+fp/hard/libm.a(lib_a-sf_sin.o)
                0x000000000800c4dc                sinf
 .text.asinf    0x000000000800c550       0x68 /usr/share/gcc-arm-none-eabi-10-2020-q4-major/bin/../lib/gcc/arm-none-eabi/10.2.1/../../../../arm-none-eabi/lib/thumb/v7e-m+fp/hard/libm.a(lib_a-wf_asin.o)
                0x000000000800c550                asinf
 .text.atan2f   0x000000000800c5b8        0x4 /usr/share/gcc-arm-none-eabi-10-2020-q4-major/bin/../lib/gcc/arm-none-eabi/10.2.1/../../../../arm-none-eabi/lib/thumb/v7e-m+fp/hard/libm.a(lib_a-wf_atan2.o)
                0x000000000800c5b8                atan2f
 .text.__ieee754_asinf
                0x000000000800c5bc      0x20c /usr/share/gcc-arm-none-eabi-10-2020-q4-major/bin/../lib/gcc/arm-none-eabi/10.2.1/../../../../arm-none-eabi/lib/thumb/v7e-m+fp/hard/libm.a(lib_a-ef_asin.o)
                0x000000000800c5bc                __ieee754_asinf
 .text.__ieee754_atan2f
                0x000000000800c7c8      0x150 /usr/share/gcc-arm-none-eabi-10-2020-q4-major/bin/../lib/gcc/arm-none-eabi/10.2.1/../../../../arm-none-eabi/lib/thumb/v7e-m+fp/hard/libm.a(lib_a-ef_atan2.o)
                0x000000000800c7c8                __ieee754_atan2f
 .text.__ieee754_rem_pio2f
                0x000000000800c918      0x264 /usr/share/gcc-arm-none-eabi-10-2020-q4-major/bin/../lib/gcc/arm-none-eabi/10.2.1/../../../../arm-none-eabi/lib/thumb/v7e-m+fp/hard/libm.a(lib_a-ef_rem_pio2.o)
                0x000000000800c918                __ieee754_rem_pio2f
 .text.__ieee754_sqrtf
                0x000000000800cb7c        0x8 /usr/share/gcc-arm-none-eabi-10-2020-q4-major/bin/../lib/gcc/arm-none-eabi/10.2.1/../../../../arm-none-eabi/lib/thumb/v7e-m+fp/hard/libm.a(lib_a-ef_sqrt.o)
                0x000000000800cb7c                __ieee754_sqrtf
 .text.__kernel_cosf
                0x000000000800cb84      0x104 /usr/share/gcc-arm-none-eabi-10-2020-q4-major/bin/../lib/gcc/arm-none-eabi/10.2.1/../../../../arm-none-eabi/lib/thumb/v7e-m+fp/hard/libm.a(lib_a-kf_cos.o)
                0x000000000800cb84                __kernel_cosf
 .text.__kernel_rem_pio2f
                0x000000000800cc88      0x674 /usr/share/gcc-arm-none-eabi-10-2020-q4-major/bin/../lib/gcc/arm-none-eabi/10.2.1/../../../../arm-none-eabi/lib/thumb/v7e-m+fp/hard/libm.a(lib_a-kf_rem_pio2.o)
                0x000000000800cc88                __kernel_rem_pio2f
 .text.__kernel_sinf
                0x000000000800d2fc       0x90 /usr/share/gcc-arm-none-eabi-10-2020-q4-major/bin/../lib/gcc/arm-none-eabi/10.2.1/../../../../arm-none-eabi/lib/thumb/v7e-m+fp/hard/libm.a(lib_a-kf_sin.o)
                0x000000000800d2fc                __kernel_sinf
 .text.atanf    0x000000000800d38c      0x1b4 /usr/share/gcc-arm-none-eabi-10-2020-q4-major/bin/../lib/gcc/arm-none-eabi/10.2.1/../../../../arm-none-eabi/lib/thumb/v7e-m+fp/hard/libm.a(lib_a-sf_atan.o)
                0x000000000800d38c                atanf
 .text.fabsf    0x000000000800d540       0x10 /usr/share/gcc-arm-none-eabi-10-2020-q4-major/bin/../lib/gcc/arm-none-eabi/10.2.1/../../../../arm-none-eabi/lib/thumb/v7e-m+fp/hard/libm.a(lib_a-sf_fabs.o)
                0x000000000800d540                fabsf
 .text.floorf   0x000000000800d550       0x8c /usr/share/gcc-arm-none-eabi-10-2020-q4-major/bin/../lib/gcc/arm-none-eabi/10.2.1/../../../../arm-none-eabi/lib/thumb/v7e-m+fp/hard/libm.a(lib_a-sf_floor.o)
                0x000000000800d550                floorf
 .text.nanf     0x000000000800d5dc        0xc /usr/share/gcc-arm-none-eabi-10-2020-q4-major/bin/../lib/gcc/arm-none-eabi/10.2.1/../../../../arm-none-eabi/lib/thumb/v7e-m+fp/hard/libm.a(lib_a-sf_nan.o)
                0x000000000800d5dc                nanf
 .text.scalbnf  0x000000000800d5e8       0xe4 /usr/share/gcc-arm-none-eabi-10-2020-q4-major/bin/../lib/gcc/arm-none-eabi/10.2.1/../../../../arm-none-eabi/lib/thumb/v7e-m+fp/hard/libm.a(lib_a-sf_scalbn.o)
                0x000000000800d5e8                scalbnf
 .text.__errno  0x000000000800d6cc        0xc /usr/share/gcc-arm-none-eabi-10-2020-q4-major/bin/../lib/gcc/arm-none-eabi/10.2.1/../../../../arm-none-eabi/lib/thumb/v7e-m+fp/hard/libc.a(lib_a-errno.o)
                0x000000000800d6cc                __errno
 .text.memcmp   0x000000000800d6d8       0x64 /usr/share/gcc-arm-none-eabi-10-2020-q4-major/bin/../lib/gcc/arm-none-eabi/10.2.1/../../../../arm-none-eabi/lib/thumb/v7e-m+fp/hard/libc.a(lib_a-memcmp.o)
                0x000000000800d6d8                memcmp
 .text._puts_r  0x000000000800d73c       0x9c /usr/share/gcc-arm-none-eabi-10-2020-q4-major/bin/../lib/gcc/arm-none-eabi/10.2.1/../../../../arm-none-eabi/lib/thumb/v7e-m+fp/hard/libc.a(lib_a-puts.o)
                0x000000000800d73c                _puts_r
 .text.puts     0x000000000800d7d8       0x10 /usr/share/gcc-arm-none-eabi-10-2020-q4-major/bin/../lib/gcc/arm-none-eabi/10.2.1/../../../../arm-none-eabi/lib/thumb/v7e-m+fp/hard/libc.a(lib_a-puts.o)
                0x000000000800d7d8                puts
 .text.snprintf
                0x000000000800d7e8       0x88 /usr/share/gcc-arm-none-eabi-10-2020-q4-major/bin/../lib/gcc/arm-none-eabi/10.2.1/../../../../arm-none-eabi/lib/thumb/v7e-m+fp/hard/libc.a(lib_a-snprintf.o)
                0x000000000800d7e8                snprintf
 .text.strncmp  0x000000000800d870       0x80 /usr/share/gcc-arm-none-eabi-10-2020-q4-major/bin/../lib/gcc/arm-none-eabi/10.2.1/../../../../arm-none-eabi/lib/thumb/v7e-m+fp/hard/libc.a(lib_a-strncmp.o)
                0x000000000800d870                strncmp
 .text.two_way_long_needle
                0x000000000800d8f0      0x2b4 /usr/share/gcc-arm-none-eabi-10-2020-q4-major/bin/../lib/gcc/arm-none-eabi/10.2.1/../../../../arm-none-eabi/lib/thumb/v7e-m+fp/hard/libc.a(lib_a-strstr.o)
 .text.strstr   0x000000000800dba4      0x164 /usr/share/gcc-arm-none-eabi-10-2020-q4-major/bin/../lib/gcc/arm-none-eabi/10.2.1/../../../../arm-none-eabi/lib/thumb/v7e-m+fp/hard/libc.a(lib_a-strstr.o)
                0x000000000800dba4                strstr
 .text._svfprintf_r
                0x000000000800dd08     0x1adc /usr/share/gcc-arm-none-eabi-10-2020-q4-major/bin/../lib/gcc/arm-none-eabi/10.2.1/../../../../arm-none-eabi/lib/thumb/v7e-m+fp/hard/libc.a(lib_a-svfprintf.o)
                0x000000000800dd08                _svfprintf_r
 .text.quorem   0x000000000800f7e4      0x128 /usr/share/gcc-arm-none-eabi-10-2020-q4-major/bin/../lib/gcc/arm-none-eabi/10.2.1/../../../../arm-none-eabi/lib/thumb/v7e-m+fp/hard/libc.a(lib_a-dtoa.o)
 *fill*         0x000000000800f90c        0x4 
 .text._dtoa_r  0x000000000800f910      0xf40 /usr/share/gcc-arm-none-eabi-10-2020-q4-major/bin/../lib/gcc/arm-none-eabi/10.2.1/../../../../arm-none-eabi/lib/thumb/v7e-m+fp/hard/libc.a(lib_a-dtoa.o)
                0x000000000800f910                _dtoa_r
 .text._cleanup_r
                0x0000000008010850        0xc /usr/share/gcc-arm-none-eabi-10-2020-q4-major/bin/../lib/gcc/arm-none-eabi/10.2.1/../../../../arm-none-eabi/lib/thumb/v7e-m+fp/hard/libc.a(lib_a-findfp.o)
                0x0000000008010850                _cleanup_r
 .text.__sinit  0x000000000801085c      0x10c /usr/share/gcc-arm-none-eabi-10-2020-q4-major/bin/../lib/gcc/arm-none-eabi/10.2.1/../../../../arm-none-eabi/lib/thumb/v7e-m+fp/hard/libc.a(lib_a-findfp.o)
                0x000000000801085c                __sinit
 .text.__sfp_lock_acquire
                0x0000000008010968        0xc /usr/share/gcc-arm-none-eabi-10-2020-q4-major/bin/../lib/gcc/arm-none-eabi/10.2.1/../../../../arm-none-eabi/lib/thumb/v7e-m+fp/hard/libc.a(lib_a-findfp.o)
                0x0000000008010968                __sfp_lock_acquire
 .text.__sfp_lock_release
                0x0000000008010974        0xc /usr/share/gcc-arm-none-eabi-10-2020-q4-major/bin/../lib/gcc/arm-none-eabi/10.2.1/../../../../arm-none-eabi/lib/thumb/v7e-m+fp/hard/libc.a(lib_a-findfp.o)
                0x0000000008010974                __sfp_lock_release
 .text._malloc_trim_r
                0x0000000008010980       0xa0 /usr/share/gcc-arm-none-eabi-10-2020-q4-major/bin/../lib/gcc/arm-none-eabi/10.2.1/../../../../arm-none-eabi/lib/thumb/v7e-m+fp/hard/libc.a(lib_a-freer.o)
                0x0000000008010980                _malloc_trim_r
 .text._free_r  0x0000000008010a20      0x20c /usr/share/gcc-arm-none-eabi-10-2020-q4-major/bin/../lib/gcc/arm-none-eabi/10.2.1/../../../../arm-none-eabi/lib/thumb/v7e-m+fp/hard/libc.a(lib_a-freer.o)
                0x0000000008010a20                _free_r
 .text.__sfvwrite_r
                0x0000000008010c2c      0x2f0 /usr/share/gcc-arm-none-eabi-10-2020-q4-major/bin/../lib/gcc/arm-none-eabi/10.2.1/../../../../arm-none-eabi/lib/thumb/v7e-m+fp/hard/libc.a(lib_a-fvwrite.o)
                0x0000000008010c2c                __sfvwrite_r
 .text._fwalk_reent
                0x0000000008010f1c       0x48 /usr/share/gcc-arm-none-eabi-10-2020-q4-major/bin/../lib/gcc/arm-none-eabi/10.2.1/../../../../arm-none-eabi/lib/thumb/v7e-m+fp/hard/libc.a(lib_a-fwalk.o)
                0x0000000008010f1c                _fwalk_reent
 .text._localeconv_r
                0x0000000008010f64        0x8 /usr/share/gcc-arm-none-eabi-10-2020-q4-major/bin/../lib/gcc/arm-none-eabi/10.2.1/../../../../arm-none-eabi/lib/thumb/v7e-m+fp/hard/libc.a(lib_a-localeconv.o)
                0x0000000008010f64                _localeconv_r
 .text._malloc_r
                0x0000000008010f6c      0x560 /usr/share/gcc-arm-none-eabi-10-2020-q4-major/bin/../lib/gcc/arm-none-eabi/10.2.1/../../../../arm-none-eabi/lib/thumb/v7e-m+fp/hard/libc.a(lib_a-mallocr.o)
                0x0000000008010f6c                _malloc_r
 .text.memmove  0x00000000080114cc       0xf8 /usr/share/gcc-arm-none-eabi-10-2020-q4-major/bin/../lib/gcc/arm-none-eabi/10.2.1/../../../../arm-none-eabi/lib/thumb/v7e-m+fp/hard/libc.a(lib_a-memmove.o)
                0x00000000080114cc                memmove
 .text.__malloc_lock
                0x00000000080115c4        0xc /usr/share/gcc-arm-none-eabi-10-2020-q4-major/bin/../lib/gcc/arm-none-eabi/10.2.1/../../../../arm-none-eabi/lib/thumb/v7e-m+fp/hard/libc.a(lib_a-mlock.o)
                0x00000000080115c4                __malloc_lock
 .text.__malloc_unlock
                0x00000000080115d0        0xc /usr/share/gcc-arm-none-eabi-10-2020-q4-major/bin/../lib/gcc/arm-none-eabi/10.2.1/../../../../arm-none-eabi/lib/thumb/v7e-m+fp/hard/libc.a(lib_a-mlock.o)
                0x00000000080115d0                __malloc_unlock
 .text._Balloc  0x00000000080115dc       0x4c /usr/share/gcc-arm-none-eabi-10-2020-q4-major/bin/../lib/gcc/arm-none-eabi/10.2.1/../../../../arm-none-eabi/lib/thumb/v7e-m+fp/hard/libc.a(lib_a-mprec.o)
                0x00000000080115dc                _Balloc
 .text._Bfree   0x0000000008011628       0x14 /usr/share/gcc-arm-none-eabi-10-2020-q4-major/bin/../lib/gcc/arm-none-eabi/10.2.1/../../../../arm-none-eabi/lib/thumb/v7e-m+fp/hard/libc.a(lib_a-mprec.o)
                0x0000000008011628                _Bfree
 .text.__multadd
                0x000000000801163c       0xa8 /usr/share/gcc-arm-none-eabi-10-2020-q4-major/bin/../lib/gcc/arm-none-eabi/10.2.1/../../../../arm-none-eabi/lib/thumb/v7e-m+fp/hard/libc.a(lib_a-mprec.o)
                0x000000000801163c                __multadd
 .text.__hi0bits
                0x00000000080116e4       0x40 /usr/share/gcc-arm-none-eabi-10-2020-q4-major/bin/../lib/gcc/arm-none-eabi/10.2.1/../../../../arm-none-eabi/lib/thumb/v7e-m+fp/hard/libc.a(lib_a-mprec.o)
                0x00000000080116e4                __hi0bits
 .text.__lo0bits
                0x0000000008011724       0x60 /usr/share/gcc-arm-none-eabi-10-2020-q4-major/bin/../lib/gcc/arm-none-eabi/10.2.1/../../../../arm-none-eabi/lib/thumb/v7e-m+fp/hard/libc.a(lib_a-mprec.o)
                0x0000000008011724                __lo0bits
 .text.__i2b    0x0000000008011784       0x5c /usr/share/gcc-arm-none-eabi-10-2020-q4-major/bin/../lib/gcc/arm-none-eabi/10.2.1/../../../../arm-none-eabi/lib/thumb/v7e-m+fp/hard/libc.a(lib_a-mprec.o)
                0x0000000008011784                __i2b
 .text.__multiply
                0x00000000080117e0      0x158 /usr/share/gcc-arm-none-eabi-10-2020-q4-major/bin/../lib/gcc/arm-none-eabi/10.2.1/../../../../arm-none-eabi/lib/thumb/v7e-m+fp/hard/libc.a(lib_a-mprec.o)
                0x00000000080117e0                __multiply
 .text.__pow5mult
                0x0000000008011938       0xc0 /usr/share/gcc-arm-none-eabi-10-2020-q4-major/bin/../lib/gcc/arm-none-eabi/10.2.1/../../../../arm-none-eabi/lib/thumb/v7e-m+fp/hard/libc.a(lib_a-mprec.o)
                0x0000000008011938                __pow5mult
 .text.__lshift
                0x00000000080119f8       0xf0 /usr/share/gcc-arm-none-eabi-10-2020-q4-major/bin/../lib/gcc/arm-none-eabi/10.2.1/../../../../arm-none-eabi/lib/thumb/v7e-m+fp/hard/libc.a(lib_a-mprec.o)
                0x00000000080119f8                __lshift
 .text.__mcmp   0x0000000008011ae8       0x44 /usr/share/gcc-arm-none-eabi-10-2020-q4-major/bin/../lib/gcc/arm-none-eabi/10.2.1/../../../../arm-none-eabi/lib/thumb/v7e-m+fp/hard/libc.a(lib_a-mprec.o)
                0x0000000008011ae8                __mcmp
 .text.__mdiff  0x0000000008011b2c      0x14c /usr/share/gcc-arm-none-eabi-10-2020-q4-major/bin/../lib/gcc/arm-none-eabi/10.2.1/../../../../arm-none-eabi/lib/thumb/v7e-m+fp/hard/libc.a(lib_a-mprec.o)
                0x0000000008011b2c                __mdiff
 .text.__d2b    0x0000000008011c78       0xd0 /usr/share/gcc-arm-none-eabi-10-2020-q4-major/bin/../lib/gcc/arm-none-eabi/10.2.1/../../../../arm-none-eabi/lib/thumb/v7e-m+fp/hard/libc.a(lib_a-mprec.o)
                0x0000000008011c78                __d2b
 .text._realloc_r
                0x0000000008011d48      0x3d8 /usr/share/gcc-arm-none-eabi-10-2020-q4-major/bin/../lib/gcc/arm-none-eabi/10.2.1/../../../../arm-none-eabi/lib/thumb/v7e-m+fp/hard/libc.a(lib_a-reallocr.o)
                0x0000000008011d48                _realloc_r
 .text.frexp    0x0000000008012120       0x6c /usr/share/gcc-arm-none-eabi-10-2020-q4-major/bin/../lib/gcc/arm-none-eabi/10.2.1/../../../../arm-none-eabi/lib/thumb/v7e-m+fp/hard/libc.a(lib_a-s_frexp.o)
                0x0000000008012120                frexp
 .text._sbrk_r  0x000000000801218c       0x24 /usr/share/gcc-arm-none-eabi-10-2020-q4-major/bin/../lib/gcc/arm-none-eabi/10.2.1/../../../../arm-none-eabi/lib/thumb/v7e-m+fp/hard/libc.a(lib_a-sbrkr.o)
                0x000000000801218c                _sbrk_r
 .text.__sread  0x00000000080121b0       0x24 /usr/share/gcc-arm-none-eabi-10-2020-q4-major/bin/../lib/gcc/arm-none-eabi/10.2.1/../../../../arm-none-eabi/lib/thumb/v7e-m+fp/hard/libc.a(lib_a-stdio.o)
                0x00000000080121b0                __sread
 .text.__swrite
                0x00000000080121d4       0x40 /usr/share/gcc-arm-none-eabi-10-2020-q4-major/bin/../lib/gcc/arm-none-eabi/10.2.1/../../../../arm-none-eabi/lib/thumb/v7e-m+fp/hard/libc.a(lib_a-stdio.o)
                0x00000000080121d4                __swrite
 .text.__sseek  0x0000000008012214       0x20 /usr/share/gcc-arm-none-eabi-10-2020-q4-major/bin/../lib/gcc/arm-none-eabi/10.2.1/../../../../arm-none-eabi/lib/thumb/v7e-m+fp/hard/libc.a(lib_a-stdio.o)
                0x0000000008012214                __sseek
 .text.__sclose
                0x0000000008012234        0x8 /usr/share/gcc-arm-none-eabi-10-2020-q4-major/bin/../lib/gcc/arm-none-eabi/10.2.1/../../../../arm-none-eabi/lib/thumb/v7e-m+fp/hard/libc.a(lib_a-stdio.o)
                0x0000000008012234                __sclose
 .text.strchr   0x000000000801223c       0xcc /usr/share/gcc-arm-none-eabi-10-2020-q4-major/bin/../lib/gcc/arm-none-eabi/10.2.1/../../../../arm-none-eabi/lib/thumb/v7e-m+fp/hard/libc.a(lib_a-strchr.o)
                0x000000000801223c                strchr
 .text.strncpy  0x0000000008012308       0x64 /usr/share/gcc-arm-none-eabi-10-2020-q4-major/bin/../lib/gcc/arm-none-eabi/10.2.1/../../../../arm-none-eabi/lib/thumb/v7e-m+fp/hard/libc.a(lib_a-strncpy.o)
                0x0000000008012308                strncpy
 .text.strnlen  0x000000000801236c       0x24 /usr/share/gcc-arm-none-eabi-10-2020-q4-major/bin/../lib/gcc/arm-none-eabi/10.2.1/../../../../arm-none-eabi/lib/thumb/v7e-m+fp/hard/libc.a(lib_a-strnlen.o)
                0x000000000801236c                strnlen
 .text.__ssprint_r
                0x0000000008012390       0xf8 /usr/share/gcc-arm-none-eabi-10-2020-q4-major/bin/../lib/gcc/arm-none-eabi/10.2.1/../../../../arm-none-eabi/lib/thumb/v7e-m+fp/hard/libc.a(lib_a-svfiprintf.o)
                0x0000000008012390                __ssprint_r
 .text._write_r
                0x0000000008012488       0x2c /usr/share/gcc-arm-none-eabi-10-2020-q4-major/bin/../lib/gcc/arm-none-eabi/10.2.1/../../../../arm-none-eabi/lib/thumb/v7e-m+fp/hard/libc.a(lib_a-writer.o)
                0x0000000008012488                _write_r
 .text.__swsetup_r
                0x00000000080124b4       0xd4 /usr/share/gcc-arm-none-eabi-10-2020-q4-major/bin/../lib/gcc/arm-none-eabi/10.2.1/../../../../arm-none-eabi/lib/thumb/v7e-m+fp/hard/libc.a(lib_a-wsetup.o)
                0x00000000080124b4                __swsetup_r
 .text.__assert_func
                0x0000000008012588       0x40 /usr/share/gcc-arm-none-eabi-10-2020-q4-major/bin/../lib/gcc/arm-none-eabi/10.2.1/../../../../arm-none-eabi/lib/thumb/v7e-m+fp/hard/libc.a(lib_a-assert.o)
                0x0000000008012588                __assert_func
 .text._calloc_r
                0x00000000080125c8       0x60 /usr/share/gcc-arm-none-eabi-10-2020-q4-major/bin/../lib/gcc/arm-none-eabi/10.2.1/../../../../arm-none-eabi/lib/thumb/v7e-m+fp/hard/libc.a(lib_a-callocr.o)
                0x00000000080125c8                _calloc_r
 .text._close_r
                0x0000000008012628       0x24 /usr/share/gcc-arm-none-eabi-10-2020-q4-major/bin/../lib/gcc/arm-none-eabi/10.2.1/../../../../arm-none-eabi/lib/thumb/v7e-m+fp/hard/libc.a(lib_a-closer.o)
                0x0000000008012628                _close_r
 .text._fclose_r
                0x000000000801264c       0xcc /usr/share/gcc-arm-none-eabi-10-2020-q4-major/bin/../lib/gcc/arm-none-eabi/10.2.1/../../../../arm-none-eabi/lib/thumb/v7e-m+fp/hard/libc.a(lib_a-fclose.o)
                0x000000000801264c                _fclose_r
 .text.__sflush_r
                0x0000000008012718      0x130 /usr/share/gcc-arm-none-eabi-10-2020-q4-major/bin/../lib/gcc/arm-none-eabi/10.2.1/../../../../arm-none-eabi/lib/thumb/v7e-m+fp/hard/libc.a(lib_a-fflush.o)
                0x0000000008012718                __sflush_r
 .text._fflush_r
                0x0000000008012848       0x5c /usr/share/gcc-arm-none-eabi-10-2020-q4-major/bin/../lib/gcc/arm-none-eabi/10.2.1/../../../../arm-none-eabi/lib/thumb/v7e-m+fp/hard/libc.a(lib_a-fflush.o)
                0x0000000008012848                _fflush_r
 .text.fiprintf
                0x00000000080128a4       0x28 /usr/share/gcc-arm-none-eabi-10-2020-q4-major/bin/../lib/gcc/arm-none-eabi/10.2.1/../../../../arm-none-eabi/lib/thumb/v7e-m+fp/hard/libc.a(lib_a-fiprintf.o)
                0x00000000080128a4                fiprintf
 .text.__locale_mb_cur_max
                0x00000000080128cc        0xc /usr/share/gcc-arm-none-eabi-10-2020-q4-major/bin/../lib/gcc/arm-none-eabi/10.2.1/../../../../arm-none-eabi/lib/thumb/v7e-m+fp/hard/libc.a(lib_a-locale.o)
                0x00000000080128cc                __locale_mb_cur_max
 .text._lseek_r
                0x00000000080128d8       0x2c /usr/share/gcc-arm-none-eabi-10-2020-q4-major/bin/../lib/gcc/arm-none-eabi/10.2.1/../../../../arm-none-eabi/lib/thumb/v7e-m+fp/hard/libc.a(lib_a-lseekr.o)
                0x00000000080128d8                _lseek_r
 .text.__smakebuf_r
                0x0000000008012904       0xe0 /usr/share/gcc-arm-none-eabi-10-2020-q4-major/bin/../lib/gcc/arm-none-eabi/10.2.1/../../../../arm-none-eabi/lib/thumb/v7e-m+fp/hard/libc.a(lib_a-makebuf.o)
                0x0000000008012904                __smakebuf_r
 .text.__ascii_mbtowc
                0x00000000080129e4       0x2c /usr/share/gcc-arm-none-eabi-10-2020-q4-major/bin/../lib/gcc/arm-none-eabi/10.2.1/../../../../arm-none-eabi/lib/thumb/v7e-m+fp/hard/libc.a(lib_a-mbtowc_r.o)
                0x00000000080129e4                __ascii_mbtowc
 .text._read_r  0x0000000008012a10       0x2c /usr/share/gcc-arm-none-eabi-10-2020-q4-major/bin/../lib/gcc/arm-none-eabi/10.2.1/../../../../arm-none-eabi/lib/thumb/v7e-m+fp/hard/libc.a(lib_a-readr.o)
                0x0000000008012a10                _read_r
 .text.__sprint_r.part.0
                0x0000000008012a3c       0x78 /usr/share/gcc-arm-none-eabi-10-2020-q4-major/bin/../lib/gcc/arm-none-eabi/10.2.1/../../../../arm-none-eabi/lib/thumb/v7e-m+fp/hard/libc.a(lib_a-vfiprintf.o)
 .text._vfiprintf_r
                0x0000000008012ab4      0xdf4 /usr/share/gcc-arm-none-eabi-10-2020-q4-major/bin/../lib/gcc/arm-none-eabi/10.2.1/../../../../arm-none-eabi/lib/thumb/v7e-m+fp/hard/libc.a(lib_a-vfiprintf.o)
                0x0000000008012ab4                _vfiprintf_r
 .text.__sbprintf
                0x00000000080138a8       0x80 /usr/share/gcc-arm-none-eabi-10-2020-q4-major/bin/../lib/gcc/arm-none-eabi/10.2.1/../../../../arm-none-eabi/lib/thumb/v7e-m+fp/hard/libc.a(lib_a-vfiprintf.o)
 .text.__ascii_wctomb
                0x0000000008013928       0x1c /usr/share/gcc-arm-none-eabi-10-2020-q4-major/bin/../lib/gcc/arm-none-eabi/10.2.1/../../../../arm-none-eabi/lib/thumb/v7e-m+fp/hard/libc.a(lib_a-wctomb_r.o)
                0x0000000008013928                __ascii_wctomb
 .text.abort    0x0000000008013944       0x10 /usr/share/gcc-arm-none-eabi-10-2020-q4-major/bin/../lib/gcc/arm-none-eabi/10.2.1/../../../../arm-none-eabi/lib/thumb/v7e-m+fp/hard/libc.a(lib_a-abort.o)
                0x0000000008013944                abort
 .text.__fputwc
                0x0000000008013954       0xa8 /usr/share/gcc-arm-none-eabi-10-2020-q4-major/bin/../lib/gcc/arm-none-eabi/10.2.1/../../../../arm-none-eabi/lib/thumb/v7e-m+fp/hard/libc.a(lib_a-fputwc.o)
                0x0000000008013954                __fputwc
 .text._fputwc_r
                0x00000000080139fc       0x68 /usr/share/gcc-arm-none-eabi-10-2020-q4-major/bin/../lib/gcc/arm-none-eabi/10.2.1/../../../../arm-none-eabi/lib/thumb/v7e-m+fp/hard/libc.a(lib_a-fputwc.o)
                0x00000000080139fc                _fputwc_r
 .text._fstat_r
                0x0000000008013a64       0x2c /usr/share/gcc-arm-none-eabi-10-2020-q4-major/bin/../lib/gcc/arm-none-eabi/10.2.1/../../../../arm-none-eabi/lib/thumb/v7e-m+fp/hard/libc.a(lib_a-fstatr.o)
                0x0000000008013a64                _fstat_r
 .text._isatty_r
                0x0000000008013a90       0x24 /usr/share/gcc-arm-none-eabi-10-2020-q4-major/bin/../lib/gcc/arm-none-eabi/10.2.1/../../../../arm-none-eabi/lib/thumb/v7e-m+fp/hard/libc.a(lib_a-isattyr.o)
                0x0000000008013a90                _isatty_r
 .text.raise    0x0000000008013ab4       0x5c /usr/share/gcc-arm-none-eabi-10-2020-q4-major/bin/../lib/gcc/arm-none-eabi/10.2.1/../../../../arm-none-eabi/lib/thumb/v7e-m+fp/hard/libc.a(lib_a-signal.o)
                0x0000000008013ab4                raise
 .text._kill_r  0x0000000008013b10       0x2c /usr/share/gcc-arm-none-eabi-10-2020-q4-major/bin/../lib/gcc/arm-none-eabi/10.2.1/../../../../arm-none-eabi/lib/thumb/v7e-m+fp/hard/libc.a(lib_a-signalr.o)
                0x0000000008013b10                _kill_r
 .text._getpid_r
                0x0000000008013b3c        0x4 /usr/share/gcc-arm-none-eabi-10-2020-q4-major/bin/../lib/gcc/arm-none-eabi/10.2.1/../../../../arm-none-eabi/lib/thumb/v7e-m+fp/hard/libc.a(lib_a-signalr.o)
                0x0000000008013b3c                _getpid_r
 .text.__swbuf_r
                0x0000000008013b40       0xb0 /usr/share/gcc-arm-none-eabi-10-2020-q4-major/bin/../lib/gcc/arm-none-eabi/10.2.1/../../../../arm-none-eabi/lib/thumb/v7e-m+fp/hard/libc.a(lib_a-wbuf.o)
                0x0000000008013b40                __swbuf_r
 .text._wcrtomb_r
                0x0000000008013bf0       0x3c /usr/share/gcc-arm-none-eabi-10-2020-q4-major/bin/../lib/gcc/arm-none-eabi/10.2.1/../../../../arm-none-eabi/lib/thumb/v7e-m+fp/hard/libc.a(lib_a-wcrtomb.o)
                0x0000000008013bf0                _wcrtomb_r
 *(.glue_7)
 .glue_7        0x0000000008013c2c        0x0 linker stubs
 *(.glue_7t)
 .glue_7t       0x0000000008013c2c        0x0 linker stubs
 *(.eh_frame)
 .eh_frame      0x0000000008013c2c        0x0 /usr/share/gcc-arm-none-eabi-10-2020-q4-major/bin/../lib/gcc/arm-none-eabi/10.2.1/thumb/v7e-m+fp/hard/crtbegin.o
 *(.init)
 .init          0x0000000008013c2c        0x4 /usr/share/gcc-arm-none-eabi-10-2020-q4-major/bin/../lib/gcc/arm-none-eabi/10.2.1/thumb/v7e-m+fp/hard/crti.o
                0x0000000008013c2c                _init
 .init          0x0000000008013c30        0x8 /usr/share/gcc-arm-none-eabi-10-2020-q4-major/bin/../lib/gcc/arm-none-eabi/10.2.1/thumb/v7e-m+fp/hard/crtn.o
 *(.fini)
 .fini          0x0000000008013c38        0x4 /usr/share/gcc-arm-none-eabi-10-2020-q4-major/bin/../lib/gcc/arm-none-eabi/10.2.1/thumb/v7e-m+fp/hard/crti.o
                0x0000000008013c38                _fini
 .fini          0x0000000008013c3c        0x8 /usr/share/gcc-arm-none-eabi-10-2020-q4-major/bin/../lib/gcc/arm-none-eabi/10.2.1/thumb/v7e-m+fp/hard/crtn.o
                0x0000000008013c44                . = ALIGN (0x4)
                0x0000000008013c44                _etext = .

.vfp11_veneer   0x0000000008013c44        0x0
 .vfp11_veneer  0x0000000008013c44        0x0 linker stubs

.v4_bx          0x0000000008013c44        0x0
 .v4_bx         0x0000000008013c44        0x0 linker stubs

.iplt           0x0000000008013c44        0x0
 .iplt          0x0000000008013c44        0x0 /usr/share/gcc-arm-none-eabi-10-2020-q4-major/bin/../lib/gcc/arm-none-eabi/10.2.1/thumb/v7e-m+fp/hard/crtbegin.o

.rodata         0x0000000008013c48     0x16c8
                0x0000000008013c48                . = ALIGN (0x4)
 *(.rodata)
 .rodata        0x0000000008013c48        0x3 /home/ruhung/4axis/4AXIS/4ax/build/main.o
 *fill*         0x0000000008013c4b        0x1 
 .rodata        0x0000000008013c4c        0x5 /home/ruhung/4axis/4AXIS/4ax/build/uart.o
 *fill*         0x0000000008013c51        0x3 
 .rodata        0x0000000008013c54       0x4b /home/ruhung/4axis/4AXIS/4ax/build/inv_mpu_dmp_motion_driver.o
 *fill*         0x0000000008013c9f        0x1 
 .rodata        0x0000000008013ca0      0x133 /home/ruhung/4axis/4AXIS/4ax/build/mpu6050.o
 *fill*         0x0000000008013dd3        0x1 
 .rodata        0x0000000008013dd4       0xc6 /home/ruhung/4axis/4AXIS/4ax/build/esp.o
 *(.rodata*)
 *fill*         0x0000000008013e9a        0x2 
 .rodata._global_impure_ptr
                0x0000000008013e9c        0x4 /usr/share/gcc-arm-none-eabi-10-2020-q4-major/bin/../lib/gcc/arm-none-eabi/10.2.1/../../../../arm-none-eabi/lib/thumb/v7e-m+fp/hard/libc.a(lib_a-impure.o)
                0x0000000008013e9c                _global_impure_ptr
 .rodata.AHBPrescTable
                0x0000000008013ea0       0x10 /home/ruhung/4axis/4AXIS/4ax/build/system_stm32f4xx.o
                0x0000000008013ea0                AHBPrescTable
 .rodata.APBPrescTable
                0x0000000008013eb0        0x8 /home/ruhung/4axis/4AXIS/4ax/build/system_stm32f4xx.o
                0x0000000008013eb0                APBPrescTable
 .rodata.flagBitshiftOffset.0
                0x0000000008013eb8        0x8 /home/ruhung/4axis/4AXIS/4ax/build/stm32f4xx_hal_dma.o
 .rodata.reg    0x0000000008013ec0       0x1e /home/ruhung/4axis/4AXIS/4ax/build/inv_mpu.o
                0x0000000008013ec0                reg
 *fill*         0x0000000008013ede        0x2 
 .rodata.hw     0x0000000008013ee0        0xc /home/ruhung/4axis/4AXIS/4ax/build/inv_mpu.o
                0x0000000008013ee0                hw
 .rodata.test   0x0000000008013eec       0x28 /home/ruhung/4axis/4AXIS/4ax/build/inv_mpu.o
                0x0000000008013eec                test
 .rodata.dmp_memory
                0x0000000008013f14      0xbf6 /home/ruhung/4axis/4AXIS/4ax/build/inv_mpu_dmp_motion_driver.o
 .rodata.asinf.str1.4
                0x0000000008014b0a        0x0 /usr/share/gcc-arm-none-eabi-10-2020-q4-major/bin/../lib/gcc/arm-none-eabi/10.2.1/../../../../arm-none-eabi/lib/thumb/v7e-m+fp/hard/libm.a(lib_a-wf_asin.o)
                                          0x1 (size before relaxing)
 *fill*         0x0000000008014b0a        0x2 
 .rodata.CSWTCH.8
                0x0000000008014b0c        0xc /usr/share/gcc-arm-none-eabi-10-2020-q4-major/bin/../lib/gcc/arm-none-eabi/10.2.1/../../../../arm-none-eabi/lib/thumb/v7e-m+fp/hard/libm.a(lib_a-ef_atan2.o)
 .rodata.CSWTCH.9
                0x0000000008014b18        0xc /usr/share/gcc-arm-none-eabi-10-2020-q4-major/bin/../lib/gcc/arm-none-eabi/10.2.1/../../../../arm-none-eabi/lib/thumb/v7e-m+fp/hard/libm.a(lib_a-ef_atan2.o)
 .rodata.npio2_hw
                0x0000000008014b24       0x80 /usr/share/gcc-arm-none-eabi-10-2020-q4-major/bin/../lib/gcc/arm-none-eabi/10.2.1/../../../../arm-none-eabi/lib/thumb/v7e-m+fp/hard/libm.a(lib_a-ef_rem_pio2.o)
 .rodata.two_over_pi
                0x0000000008014ba4      0x318 /usr/share/gcc-arm-none-eabi-10-2020-q4-major/bin/../lib/gcc/arm-none-eabi/10.2.1/../../../../arm-none-eabi/lib/thumb/v7e-m+fp/hard/libm.a(lib_a-ef_rem_pio2.o)
 .rodata.PIo2   0x0000000008014ebc       0x2c /usr/share/gcc-arm-none-eabi-10-2020-q4-major/bin/../lib/gcc/arm-none-eabi/10.2.1/../../../../arm-none-eabi/lib/thumb/v7e-m+fp/hard/libm.a(lib_a-kf_rem_pio2.o)
 .rodata.init_jk
                0x0000000008014ee8        0xc /usr/share/gcc-arm-none-eabi-10-2020-q4-major/bin/../lib/gcc/arm-none-eabi/10.2.1/../../../../arm-none-eabi/lib/thumb/v7e-m+fp/hard/libm.a(lib_a-kf_rem_pio2.o)
 .rodata.atanhi
                0x0000000008014ef4       0x10 /usr/share/gcc-arm-none-eabi-10-2020-q4-major/bin/../lib/gcc/arm-none-eabi/10.2.1/../../../../arm-none-eabi/lib/thumb/v7e-m+fp/hard/libm.a(lib_a-sf_atan.o)
 .rodata.atanlo
                0x0000000008014f04       0x10 /usr/share/gcc-arm-none-eabi-10-2020-q4-major/bin/../lib/gcc/arm-none-eabi/10.2.1/../../../../arm-none-eabi/lib/thumb/v7e-m+fp/hard/libm.a(lib_a-sf_atan.o)
 .rodata._puts_r.str1.4
                0x0000000008014f14        0x2 /usr/share/gcc-arm-none-eabi-10-2020-q4-major/bin/../lib/gcc/arm-none-eabi/10.2.1/../../../../arm-none-eabi/lib/thumb/v7e-m+fp/hard/libc.a(lib_a-puts.o)
 *fill*         0x0000000008014f16        0x2 
 .rodata._svfprintf_r.str1.4
                0x0000000008014f18       0x42 /usr/share/gcc-arm-none-eabi-10-2020-q4-major/bin/../lib/gcc/arm-none-eabi/10.2.1/../../../../arm-none-eabi/lib/thumb/v7e-m+fp/hard/libc.a(lib_a-svfprintf.o)
 *fill*         0x0000000008014f5a        0x2 
 .rodata.blanks.1
                0x0000000008014f5c       0x10 /usr/share/gcc-arm-none-eabi-10-2020-q4-major/bin/../lib/gcc/arm-none-eabi/10.2.1/../../../../arm-none-eabi/lib/thumb/v7e-m+fp/hard/libc.a(lib_a-svfprintf.o)
 .rodata.zeroes.0
                0x0000000008014f6c       0x10 /usr/share/gcc-arm-none-eabi-10-2020-q4-major/bin/../lib/gcc/arm-none-eabi/10.2.1/../../../../arm-none-eabi/lib/thumb/v7e-m+fp/hard/libc.a(lib_a-svfprintf.o)
 .rodata._dtoa_r.str1.4
                0x0000000008014f7c       0xa1 /usr/share/gcc-arm-none-eabi-10-2020-q4-major/bin/../lib/gcc/arm-none-eabi/10.2.1/../../../../arm-none-eabi/lib/thumb/v7e-m+fp/hard/libc.a(lib_a-dtoa.o)
                                         0xa5 (size before relaxing)
 *fill*         0x000000000801501d        0x3 
 .rodata.__multadd.str1.4
                0x0000000008015020       0x7e /usr/share/gcc-arm-none-eabi-10-2020-q4-major/bin/../lib/gcc/arm-none-eabi/10.2.1/../../../../arm-none-eabi/lib/thumb/v7e-m+fp/hard/libc.a(lib_a-mprec.o)
                                         0x92 (size before relaxing)
 *fill*         0x000000000801509e        0x2 
 .rodata.__mprec_bigtens
                0x00000000080150a0       0x28 /usr/share/gcc-arm-none-eabi-10-2020-q4-major/bin/../lib/gcc/arm-none-eabi/10.2.1/../../../../arm-none-eabi/lib/thumb/v7e-m+fp/hard/libc.a(lib_a-mprec.o)
                0x00000000080150a0                __mprec_bigtens
 .rodata.__mprec_tens
                0x00000000080150c8       0xc8 /usr/share/gcc-arm-none-eabi-10-2020-q4-major/bin/../lib/gcc/arm-none-eabi/10.2.1/../../../../arm-none-eabi/lib/thumb/v7e-m+fp/hard/libc.a(lib_a-mprec.o)
                0x00000000080150c8                __mprec_tens
 .rodata.p05.0  0x0000000008015190        0xc /usr/share/gcc-arm-none-eabi-10-2020-q4-major/bin/../lib/gcc/arm-none-eabi/10.2.1/../../../../arm-none-eabi/lib/thumb/v7e-m+fp/hard/libc.a(lib_a-mprec.o)
 .rodata.__assert_func.str1.4
                0x000000000801519c       0x3f /usr/share/gcc-arm-none-eabi-10-2020-q4-major/bin/../lib/gcc/arm-none-eabi/10.2.1/../../../../arm-none-eabi/lib/thumb/v7e-m+fp/hard/libc.a(lib_a-assert.o)
                                         0x43 (size before relaxing)
 *fill*         0x00000000080151db        0x1 
 .rodata._setlocale_r.str1.4
                0x00000000080151dc        0xa /usr/share/gcc-arm-none-eabi-10-2020-q4-major/bin/../lib/gcc/arm-none-eabi/10.2.1/../../../../arm-none-eabi/lib/thumb/v7e-m+fp/hard/libc.a(lib_a-locale.o)
                                          0xd (size before relaxing)
 *fill*         0x00000000080151e6        0x2 
 .rodata.str1.4
                0x00000000080151e8        0x2 /usr/share/gcc-arm-none-eabi-10-2020-q4-major/bin/../lib/gcc/arm-none-eabi/10.2.1/../../../../arm-none-eabi/lib/thumb/v7e-m+fp/hard/libc.a(lib_a-locale.o)
 .rodata._vfiprintf_r.str1.4
                0x00000000080151ea       0x2f /usr/share/gcc-arm-none-eabi-10-2020-q4-major/bin/../lib/gcc/arm-none-eabi/10.2.1/../../../../arm-none-eabi/lib/thumb/v7e-m+fp/hard/libc.a(lib_a-vfiprintf.o)
 *fill*         0x00000000080151ea        0x2 
 .rodata.blanks.1
                0x00000000080151ec       0x10 /usr/share/gcc-arm-none-eabi-10-2020-q4-major/bin/../lib/gcc/arm-none-eabi/10.2.1/../../../../arm-none-eabi/lib/thumb/v7e-m+fp/hard/libc.a(lib_a-vfiprintf.o)
 .rodata.zeroes.0
                0x00000000080151fc       0x10 /usr/share/gcc-arm-none-eabi-10-2020-q4-major/bin/../lib/gcc/arm-none-eabi/10.2.1/../../../../arm-none-eabi/lib/thumb/v7e-m+fp/hard/libc.a(lib_a-vfiprintf.o)
 .rodata._ctype_
                0x000000000801520c      0x101 /usr/share/gcc-arm-none-eabi-10-2020-q4-major/bin/../lib/gcc/arm-none-eabi/10.2.1/../../../../arm-none-eabi/lib/thumb/v7e-m+fp/hard/libc.a(lib_a-ctype_.o)
                0x000000000801520c                _ctype_
                0x0000000008015310                . = ALIGN (0x4)
 *fill*         0x000000000801530d        0x3 

.ARM.extab      0x0000000008015310        0x0
                0x0000000008015310                . = ALIGN (0x4)
 *(.ARM.extab* .gnu.linkonce.armextab.*)
                0x0000000008015310                . = ALIGN (0x4)

.ARM            0x0000000008015310        0x8
                0x0000000008015310                . = ALIGN (0x4)
                0x0000000008015310                __exidx_start = .
 *(.ARM.exidx*)
 .ARM.exidx     0x0000000008015310        0x8 /usr/share/gcc-arm-none-eabi-10-2020-q4-major/bin/../lib/gcc/arm-none-eabi/10.2.1/thumb/v7e-m+fp/hard/libgcc.a(_udivmoddi4.o)
                0x0000000008015318                __exidx_end = .
                0x0000000008015318                . = ALIGN (0x4)

.rel.dyn        0x0000000008015318        0x0
 .rel.iplt      0x0000000008015318        0x0 /usr/share/gcc-arm-none-eabi-10-2020-q4-major/bin/../lib/gcc/arm-none-eabi/10.2.1/thumb/v7e-m+fp/hard/crtbegin.o

.preinit_array  0x0000000008015318        0x0
                0x0000000008015318                . = ALIGN (0x4)
                0x0000000008015318                PROVIDE (__preinit_array_start = .)
 *(.preinit_array*)
                0x0000000008015318                PROVIDE (__preinit_array_end = .)
                0x0000000008015318                . = ALIGN (0x4)

.init_array     0x0000000008015318        0x8
                0x0000000008015318                . = ALIGN (0x4)
                0x0000000008015318                PROVIDE (__init_array_start = .)
 *(SORT_BY_NAME(.init_array.*))
 .init_array.00000
                0x0000000008015318        0x4 /usr/share/gcc-arm-none-eabi-10-2020-q4-major/bin/../lib/gcc/arm-none-eabi/10.2.1/../../../../arm-none-eabi/lib/thumb/v7e-m+fp/hard/libc.a(lib_a-__call_atexit.o)
 *(.init_array*)
 .init_array    0x000000000801531c        0x4 /usr/share/gcc-arm-none-eabi-10-2020-q4-major/bin/../lib/gcc/arm-none-eabi/10.2.1/thumb/v7e-m+fp/hard/crtbegin.o
                0x0000000008015320                PROVIDE (__init_array_end = .)
                0x0000000008015320                . = ALIGN (0x4)

.fini_array     0x0000000008015320        0x4
                0x0000000008015320                . = ALIGN (0x4)
                0x0000000008015320                PROVIDE (__fini_array_start = .)
 *(SORT_BY_NAME(.fini_array.*))
 *(.fini_array*)
 .fini_array    0x0000000008015320        0x4 /usr/share/gcc-arm-none-eabi-10-2020-q4-major/bin/../lib/gcc/arm-none-eabi/10.2.1/thumb/v7e-m+fp/hard/crtbegin.o
                0x0000000008015324                PROVIDE (__fini_array_end = .)
                0x0000000008015324                . = ALIGN (0x4)
                0x0000000008015324                _sidata = LOADADDR (.data)

.data           0x0000000020000000      0xadc load address 0x0000000008015324
                0x0000000020000000                . = ALIGN (0x4)
                0x0000000020000000                _sdata = .
 *(.data)
 *(.data*)
 .data._impure_ptr
                0x0000000020000000        0x4 /usr/share/gcc-arm-none-eabi-10-2020-q4-major/bin/../lib/gcc/arm-none-eabi/10.2.1/../../../../arm-none-eabi/lib/thumb/v7e-m+fp/hard/libc.a(lib_a-impure.o)
                0x0000000020000000                _impure_ptr
 *fill*         0x0000000020000004        0x4 
 .data.impure_data
                0x0000000020000008      0x428 /usr/share/gcc-arm-none-eabi-10-2020-q4-major/bin/../lib/gcc/arm-none-eabi/10.2.1/../../../../arm-none-eabi/lib/thumb/v7e-m+fp/hard/libc.a(lib_a-impure.o)
 .data.__atexit_recursive_mutex
                0x0000000020000430        0x4 /usr/share/gcc-arm-none-eabi-10-2020-q4-major/bin/../lib/gcc/arm-none-eabi/10.2.1/../../../../arm-none-eabi/lib/thumb/v7e-m+fp/hard/libc.a(lib_a-__call_atexit.o)
                0x0000000020000430                __atexit_recursive_mutex
 .data.SystemCoreClock
                0x0000000020000434        0x4 /home/ruhung/4axis/4AXIS/4ax/build/system_stm32f4xx.o
                0x0000000020000434                SystemCoreClock
 .data.pid_roll
                0x0000000020000438       0x48 /home/ruhung/4axis/4AXIS/4ax/build/pid.o
                0x0000000020000438                pid_roll
 .data.pid_pitch